Archive member included to satisfy reference by file (symbol)

c:/st/stm32cubeide_1.10.1/stm32cubeide/plugins/com.st.stm32cube.ide.mcu.externaltools.gnu-tools-for-stm32.10.3-2021.10.win32_1.0.100.202210260954/tools/bin/../lib/gcc/arm-none-eabi/10.3.1/../../../../arm-none-eabi/lib/thumb/v7e-m+fp/hard\libc_nano.a(lib_a-errno.o)
                              ./Core/Src/syscalls.o (__errno)
c:/st/stm32cubeide_1.10.1/stm32cubeide/plugins/com.st.stm32cube.ide.mcu.externaltools.gnu-tools-for-stm32.10.3-2021.10.win32_1.0.100.202210260954/tools/bin/../lib/gcc/arm-none-eabi/10.3.1/../../../../arm-none-eabi/lib/thumb/v7e-m+fp/hard\libc_nano.a(lib_a-exit.o)
                              c:/st/stm32cubeide_1.10.1/stm32cubeide/plugins/com.st.stm32cube.ide.mcu.externaltools.gnu-tools-for-stm32.10.3-2021.10.win32_1.0.100.202210260954/tools/bin/../lib/gcc/arm-none-eabi/10.3.1/../../../../arm-none-eabi/lib/thumb/v7e-m+fp/hard/crt0.o (exit)
c:/st/stm32cubeide_1.10.1/stm32cubeide/plugins/com.st.stm32cube.ide.mcu.externaltools.gnu-tools-for-stm32.10.3-2021.10.win32_1.0.100.202210260954/tools/bin/../lib/gcc/arm-none-eabi/10.3.1/../../../../arm-none-eabi/lib/thumb/v7e-m+fp/hard\libc_nano.a(lib_a-findfp.o)
                              ./Middlewares/Third_Party/FreeRTOS/Source/tasks.o (__sf_fake_stderr)
c:/st/stm32cubeide_1.10.1/stm32cubeide/plugins/com.st.stm32cube.ide.mcu.externaltools.gnu-tools-for-stm32.10.3-2021.10.win32_1.0.100.202210260954/tools/bin/../lib/gcc/arm-none-eabi/10.3.1/../../../../arm-none-eabi/lib/thumb/v7e-m+fp/hard\libc_nano.a(lib_a-fwalk.o)
                              c:/st/stm32cubeide_1.10.1/stm32cubeide/plugins/com.st.stm32cube.ide.mcu.externaltools.gnu-tools-for-stm32.10.3-2021.10.win32_1.0.100.202210260954/tools/bin/../lib/gcc/arm-none-eabi/10.3.1/../../../../arm-none-eabi/lib/thumb/v7e-m+fp/hard\libc_nano.a(lib_a-findfp.o) (_fwalk)
c:/st/stm32cubeide_1.10.1/stm32cubeide/plugins/com.st.stm32cube.ide.mcu.externaltools.gnu-tools-for-stm32.10.3-2021.10.win32_1.0.100.202210260954/tools/bin/../lib/gcc/arm-none-eabi/10.3.1/../../../../arm-none-eabi/lib/thumb/v7e-m+fp/hard\libc_nano.a(lib_a-impure.o)
                              c:/st/stm32cubeide_1.10.1/stm32cubeide/plugins/com.st.stm32cube.ide.mcu.externaltools.gnu-tools-for-stm32.10.3-2021.10.win32_1.0.100.202210260954/tools/bin/../lib/gcc/arm-none-eabi/10.3.1/../../../../arm-none-eabi/lib/thumb/v7e-m+fp/hard\libc_nano.a(lib_a-exit.o) (_global_impure_ptr)
c:/st/stm32cubeide_1.10.1/stm32cubeide/plugins/com.st.stm32cube.ide.mcu.externaltools.gnu-tools-for-stm32.10.3-2021.10.win32_1.0.100.202210260954/tools/bin/../lib/gcc/arm-none-eabi/10.3.1/../../../../arm-none-eabi/lib/thumb/v7e-m+fp/hard\libc_nano.a(lib_a-init.o)
                              c:/st/stm32cubeide_1.10.1/stm32cubeide/plugins/com.st.stm32cube.ide.mcu.externaltools.gnu-tools-for-stm32.10.3-2021.10.win32_1.0.100.202210260954/tools/bin/../lib/gcc/arm-none-eabi/10.3.1/../../../../arm-none-eabi/lib/thumb/v7e-m+fp/hard/crt0.o (__libc_init_array)
c:/st/stm32cubeide_1.10.1/stm32cubeide/plugins/com.st.stm32cube.ide.mcu.externaltools.gnu-tools-for-stm32.10.3-2021.10.win32_1.0.100.202210260954/tools/bin/../lib/gcc/arm-none-eabi/10.3.1/../../../../arm-none-eabi/lib/thumb/v7e-m+fp/hard\libc_nano.a(lib_a-lock.o)
                              c:/st/stm32cubeide_1.10.1/stm32cubeide/plugins/com.st.stm32cube.ide.mcu.externaltools.gnu-tools-for-stm32.10.3-2021.10.win32_1.0.100.202210260954/tools/bin/../lib/gcc/arm-none-eabi/10.3.1/../../../../arm-none-eabi/lib/thumb/v7e-m+fp/hard\libc_nano.a(lib_a-findfp.o) (__retarget_lock_init_recursive)
c:/st/stm32cubeide_1.10.1/stm32cubeide/plugins/com.st.stm32cube.ide.mcu.externaltools.gnu-tools-for-stm32.10.3-2021.10.win32_1.0.100.202210260954/tools/bin/../lib/gcc/arm-none-eabi/10.3.1/../../../../arm-none-eabi/lib/thumb/v7e-m+fp/hard\libc_nano.a(lib_a-memcpy-stub.o)
                              ./Middlewares/Third_Party/FreeRTOS/Source/CMSIS_RTOS_V2/cmsis_os2.o (memcpy)
c:/st/stm32cubeide_1.10.1/stm32cubeide/plugins/com.st.stm32cube.ide.mcu.externaltools.gnu-tools-for-stm32.10.3-2021.10.win32_1.0.100.202210260954/tools/bin/../lib/gcc/arm-none-eabi/10.3.1/../../../../arm-none-eabi/lib/thumb/v7e-m+fp/hard\libc_nano.a(lib_a-memset.o)
                              c:/st/stm32cubeide_1.10.1/stm32cubeide/plugins/com.st.stm32cube.ide.mcu.externaltools.gnu-tools-for-stm32.10.3-2021.10.win32_1.0.100.202210260954/tools/bin/../lib/gcc/arm-none-eabi/10.3.1/../../../../arm-none-eabi/lib/thumb/v7e-m+fp/hard/crt0.o (memset)
c:/st/stm32cubeide_1.10.1/stm32cubeide/plugins/com.st.stm32cube.ide.mcu.externaltools.gnu-tools-for-stm32.10.3-2021.10.win32_1.0.100.202210260954/tools/bin/../lib/gcc/arm-none-eabi/10.3.1/../../../../arm-none-eabi/lib/thumb/v7e-m+fp/hard\libc_nano.a(lib_a-nano-mallocr.o)
[...]
Memory Configuration

Name             Origin             Length             Attributes
RAM              0x0000000020000000 0x0000000000020000 xrw
FLASH            0x0000000008000000 0x0000000000080000 xr
*default*        0x0000000000000000 0xffffffffffffffff

Linker script and memory map

LOAD c:/st/stm32cubeide_1.10.1/stm32cubeide/plugins/com.st.stm32cube.ide.mcu.externaltools.gnu-tools-for-stm32.10.3-2021.10.win32_1.0.100.202210260954/tools/bin/../lib/gcc/arm-none-eabi/10.3.1/thumb/v7e-m+fp/hard/crti.o
LOAD c:/st/stm32cubeide_1.10.1/stm32cubeide/plugins/com.st.stm32cube.ide.mcu.externaltools.gnu-tools-for-stm32.10.3-2021.10.win32_1.0.100.202210260954/tools/bin/../lib/gcc/arm-none-eabi/10.3.1/thumb/v7e-m+fp/hard/crtbegin.o
LOAD c:/st/stm32cubeide_1.10.1/stm32cubeide/plugins/com.st.stm32cube.ide.mcu.externaltools.gnu-tools-for-stm32.10.3-2021.10.win32_1.0.100.202210260954/tools/bin/../lib/gcc/arm-none-eabi/10.3.1/../../../../arm-none-eabi/lib/thumb/v7e-m+fp/hard/crt0.o
LOAD ./Core/Src/app_freertos.o
LOAD ./Core/Src/gpio.o
LOAD ./Core/Src/main.o
LOAD ./Core/Src/pid.o
LOAD ./Core/Src/stm32g4xx_hal_msp.o
LOAD ./Core/Src/stm32g4xx_it.o
LOAD ./Core/Src/syscalls.o
LOAD ./Core/Src/sysmem.o
LOAD ./Core/Src/system_stm32g4xx.o
LOAD ./Core/Src/tim.o
LOAD ./Core/Src/usart.o
LOAD ./Core/Startup/startup_stm32g474retx.o
LOAD ./Drivers/STM32G4xx_HAL_Driver/Src/stm32g4xx_hal.o
LOAD ./Drivers/STM32G4xx_HAL_Driver/Src/stm32g4xx_hal_cortex.o
LOAD ./Drivers/STM32G4xx_HAL_Driver/Src/stm32g4xx_hal_dma.o
LOAD ./Drivers/STM32G4xx_HAL_Driver/Src/stm32g4xx_hal_dma_ex.o
LOAD ./Drivers/STM32G4xx_HAL_Driver/Src/stm32g4xx_hal_exti.o
LOAD ./Drivers/STM32G4xx_HAL_Driver/Src/stm32g4xx_hal_flash.o
LOAD ./Drivers/STM32G4xx_HAL_Driver/Src/stm32g4xx_hal_flash_ex.o
LOAD ./Drivers/STM32G4xx_HAL_Driver/Src/stm32g4xx_hal_flash_ramfunc.o
LOAD ./Drivers/STM32G4xx_HAL_Driver/Src/stm32g4xx_hal_gpio.o
LOAD ./Drivers/STM32G4xx_HAL_Driver/Src/stm32g4xx_hal_pwr.o
LOAD ./Drivers/STM32G4xx_HAL_Driver/Src/stm32g4xx_hal_pwr_ex.o
LOAD ./Drivers/STM32G4xx_HAL_Driver/Src/stm32g4xx_hal_rcc.o
LOAD ./Drivers/STM32G4xx_HAL_Driver/Src/stm32g4xx_hal_rcc_ex.o
LOAD ./Drivers/STM32G4xx_HAL_Driver/Src/stm32g4xx_hal_tim.o
LOAD ./Drivers/STM32G4xx_HAL_Driver/Src/stm32g4xx_hal_tim_ex.o
LOAD ./Drivers/STM32G4xx_HAL_Driver/Src/stm32g4xx_hal_uart.o
LOAD ./Drivers/STM32G4xx_HAL_Driver/Src/stm32g4xx_hal_uart_ex.o
LOAD ./Middlewares/Third_Party/FreeRTOS/Source/CMSIS_RTOS_V2/cmsis_os2.o
LOAD ./Middlewares/Third_Party/FreeRTOS/Source/croutine.o
LOAD ./Middlewares/Third_Party/FreeRTOS/Source/event_groups.o
LOAD ./Middlewares/Third_Party/FreeRTOS/Source/list.o
LOAD ./Middlewares/Third_Party/FreeRTOS/Source/queue.o
LOAD ./Middlewares/Third_Party/FreeRTOS/Source/stream_buffer.o
LOAD ./Middlewares/Third_Party/FreeRTOS/Source/tasks.o
LOAD ./Middlewares/Third_Party/FreeRTOS/Source/timers.o
LOAD ./Middlewares/Third_Party/FreeRTOS/Source/portable/GCC/ARM_CM4F/port.o
LOAD ./Middlewares/Third_Party/FreeRTOS/Source/portable/MemMang/heap_4.o
START GROUP
LOAD c:/st/stm32cubeide_1.10.1/stm32cubeide/plugins/com.st.stm32cube.ide.mcu.externaltools.gnu-tools-for-stm32.10.3-2021.10.win32_1.0.100.202210260954/tools/bin/../lib/gcc/arm-none-eabi/10.3.1/../../../../arm-none-eabi/lib/thumb/v7e-m+fp/hard\libc_nano.a
LOAD c:/st/stm32cubeide_1.10.1/stm32cubeide/plugins/com.st.stm32cube.ide.mcu.externaltools.gnu-tools-for-stm32.10.3-2021.10.win32_1.0.100.202210260954/tools/bin/../lib/gcc/arm-none-eabi/10.3.1/../../../../arm-none-eabi/lib/thumb/v7e-m+fp/hard\libm.a
END GROUP
START GROUP
LOAD c:/st/stm32cubeide_1.10.1/stm32cubeide/plugins/com.st.stm32cube.ide.mcu.externaltools.gnu-tools-for-stm32.10.3-2021.10.win32_1.0.100.202210260954/tools/bin/../lib/gcc/arm-none-eabi/10.3.1/thumb/v7e-m+fp/hard\libgcc.a
LOAD c:/st/stm32cubeide_1.10.1/stm32cubeide/plugins/com.st.stm32cube.ide.mcu.externaltools.gnu-tools-for-stm32.10.3-2021.10.win32_1.0.100.202210260954/tools/bin/../lib/gcc/arm-none-eabi/10.3.1/../../../../arm-none-eabi/lib/thumb/v7e-m+fp/hard\libc_nano.a
END GROUP
START GROUP
LOAD c:/st/stm32cubeide_1.10.1/stm32cubeide/plugins/com.st.stm32cube.ide.mcu.externaltools.gnu-tools-for-stm32.10.3-2021.10.win32_1.0.100.202210260954/tools/bin/../lib/gcc/arm-none-eabi/10.3.1/thumb/v7e-m+fp/hard\libgcc.a
LOAD c:/st/stm32cubeide_1.10.1/stm32cubeide/plugins/com.st.stm32cube.ide.mcu.externaltools.gnu-tools-for-stm32.10.3-2021.10.win32_1.0.100.202210260954/tools/bin/../lib/gcc/arm-none-eabi/10.3.1/../../../../arm-none-eabi/lib/thumb/v7e-m+fp/hard\libc_nano.a
LOAD c:/st/stm32cubeide_1.10.1/stm32cubeide/plugins/com.st.stm32cube.ide.mcu.externaltools.gnu-tools-for-stm32.10.3-2021.10.win32_1.0.100.202210260954/tools/bin/../lib/gcc/arm-none-eabi/10.3.1/../../../../arm-none-eabi/lib/thumb/v7e-m+fp/hard\libnosys.a
END GROUP
START GROUP
LOAD c:/st/stm32cubeide_1.10.1/stm32cubeide/plugins/com.st.stm32cube.ide.mcu.externaltools.gnu-tools-for-stm32.10.3-2021.10.win32_1.0.100.202210260954/tools/bin/../lib/gcc/arm-none-eabi/10.3.1/thumb/v7e-m+fp/hard\libgcc.a
LOAD c:/st/stm32cubeide_1.10.1/stm32cubeide/plugins/com.st.stm32cube.ide.mcu.externaltools.gnu-tools-for-stm32.10.3-2021.10.win32_1.0.100.202210260954/tools/bin/../lib/gcc/arm-none-eabi/10.3.1/../../../../arm-none-eabi/lib/thumb/v7e-m+fp/hard\libc_nano.a
LOAD c:/st/stm32cubeide_1.10.1/stm32cubeide/plugins/com.st.stm32cube.ide.mcu.externaltools.gnu-tools-for-stm32.10.3-2021.10.win32_1.0.100.202210260954/tools/bin/../lib/gcc/arm-none-eabi/10.3.1/../../../../arm-none-eabi/lib/thumb/v7e-m+fp/hard\libnosys.a
END GROUP
LOAD c:/st/stm32cubeide_1.10.1/stm32cubeide/plugins/com.st.stm32cube.ide.mcu.externaltools.gnu-tools-for-stm32.10.3-2021.10.win32_1.0.100.202210260954/tools/bin/../lib/gcc/arm-none-eabi/10.3.1/thumb/v7e-m+fp/hard/crtend.o
LOAD c:/st/stm32cubeide_1.10.1/stm32cubeide/plugins/com.st.stm32cube.ide.mcu.externaltools.gnu-tools-for-stm32.10.3-2021.10.win32_1.0.100.202210260954/tools/bin/../lib/gcc/arm-none-eabi/10.3.1/thumb/v7e-m+fp/hard/crtn.o
                0x0000000020020000                _estack = (ORIGIN (RAM) + LENGTH (RAM))
                0x0000000000000200                _Min_Heap_Size = 0x200
                0x0000000000000400                _Min_Stack_Size = 0x400

.isr_vector     0x0000000008000000      0x1d8
                0x0000000008000000                . = ALIGN (0x4)
 *(.isr_vector)
 .isr_vector    0x0000000008000000      0x1d8 ./Core/Startup/startup_stm32g474retx.o
                0x0000000008000000                g_pfnVectors
                0x00000000080001d8                . = ALIGN (0x4)

.text           0x00000000080001e0     0xc454
                0x00000000080001e0                . = ALIGN (0x4)
 *(.text)
 .text          0x00000000080001e0       0x40 c:/st/stm32cubeide_1.10.1/stm32cubeide/plugins/com.st.stm32cube.ide.mcu.externaltools.gnu-tools-for-stm32.10.3-2021.10.win32_1.0.100.202210260954/tools/bin/../lib/gcc/arm-none-eabi/10.3.1/thumb/v7e-m+fp/hard/crtbegin.o
 .text          0x0000000008000220       0xa0 c:/st/stm32cubeide_1.10.1/stm32cubeide/plugins/com.st.stm32cube.ide.mcu.externaltools.gnu-tools-for-stm32.10.3-2021.10.win32_1.0.100.202210260954/tools/bin/../lib/gcc/arm-none-eabi/10.3.1/../../../../arm-none-eabi/lib/thumb/v7e-m+fp/hard\libc_nano.a(lib_a-memchr.o)
                0x0000000008000220                memchr
 .text          0x00000000080002c0      0x378 c:/st/stm32cubeide_1.10.1/stm32cubeide/plugins/com.st.stm32cube.ide.mcu.externaltools.gnu-tools-for-stm32.10.3-2021.10.win32_1.0.100.202210260954/tools/bin/../lib/gcc/arm-none-eabi/10.3.1/thumb/v7e-m+fp/hard\libgcc.a(_arm_addsubdf3.o)
                0x00000000080002c0                __aeabi_drsub
                0x00000000080002c8                __aeabi_dsub
                0x00000000080002c8                __subdf3
                0x00000000080002cc                __aeabi_dadd
                0x00000000080002cc                __adddf3
                0x0000000008000544                __floatunsidf
                0x0000000008000544                __aeabi_ui2d
                0x0000000008000564                __floatsidf
                0x0000000008000564                __aeabi_i2d
                0x0000000008000588                __aeabi_f2d
                0x0000000008000588                __extendsfdf2
                0x00000000080005cc                __floatundidf
                0x00000000080005cc                __aeabi_ul2d
                0x00000000080005dc                __floatdidf
                0x00000000080005dc                __aeabi_l2d
 .text          0x0000000008000638      0x424 c:/st/stm32cubeide_1.10.1/stm32cubeide/plugins/com.st.stm32cube.ide.mcu.externaltools.gnu-tools-for-stm32.10.3-2021.10.win32_1.0.100.202210260954/tools/bin/../lib/gcc/arm-none-eabi/10.3.1/thumb/v7e-m+fp/hard\libgcc.a(_arm_muldivdf3.o)
                0x0000000008000638                __aeabi_dmul
                0x0000000008000638                __muldf3
                0x000000000800088c                __divdf3
                0x000000000800088c                __aeabi_ddiv
 .text          0x0000000008000a5c      0x110 c:/st/stm32cubeide_1.10.1/stm32cubeide/plugins/com.st.stm32cube.ide.mcu.externaltools.gnu-tools-for-stm32.10.3-2021.10.win32_1.0.100.202210260954/tools/bin/../lib/gcc/arm-none-eabi/10.3.1/thumb/v7e-m+fp/hard\libgcc.a(_arm_cmpdf2.o)
                0x0000000008000a5c                __gtdf2
                0x0000000008000a5c                __gedf2
                0x0000000008000a64                __ltdf2
                0x0000000008000a64                __ledf2
                0x0000000008000a6c                __nedf2
                0x0000000008000a6c                __eqdf2
                0x0000000008000a6c                __cmpdf2
                0x0000000008000ae8                __aeabi_cdrcmple
                0x0000000008000af8                __aeabi_cdcmpeq
                0x0000000008000af8                __aeabi_cdcmple
                0x0000000008000b08                __aeabi_dcmpeq
                0x0000000008000b1c                __aeabi_dcmplt
                0x0000000008000b30                __aeabi_dcmple
                0x0000000008000b44                __aeabi_dcmpge
                0x0000000008000b58                __aeabi_dcmpgt
 .text          0x0000000008000b6c       0x2c c:/st/stm32cubeide_1.10.1/stm32cubeide/plugins/com.st.stm32cube.ide.mcu.externaltools.gnu-tools-for-stm32.10.3-2021.10.win32_1.0.100.202210260954/tools/bin/../lib/gcc/arm-none-eabi/10.3.1/thumb/v7e-m+fp/hard\libgcc.a(_arm_unorddf2.o)
                0x0000000008000b6c                __unorddf2
                0x0000000008000b6c                __aeabi_dcmpun
 .text          0x0000000008000b98       0x50 c:/st/stm32cubeide_1.10.1/stm32cubeide/plugins/com.st.stm32cube.ide.mcu.externaltools.gnu-tools-for-stm32.10.3-2021.10.win32_1.0.100.202210260954/tools/bin/../lib/gcc/arm-none-eabi/10.3.1/thumb/v7e-m+fp/hard\libgcc.a(_arm_fixdfsi.o)
                0x0000000008000b98                __aeabi_d2iz
                0x0000000008000b98                __fixdfsi
 .text          0x0000000008000be8       0xa0 c:/st/stm32cubeide_1.10.1/stm32cubeide/plugins/com.st.stm32cube.ide.mcu.externaltools.gnu-tools-for-stm32.10.3-2021.10.win32_1.0.100.202210260954/tools/bin/../lib/gcc/arm-none-eabi/10.3.1/thumb/v7e-m+fp/hard\libgcc.a(_arm_truncdfsf2.o)
                0x0000000008000be8                __truncdfsf2
                0x0000000008000be8                __aeabi_d2f
 .text          0x0000000008000c88       0x30 c:/st/stm32cubeide_1.10.1/stm32cubeide/plugins/com.st.stm32cube.ide.mcu.externaltools.gnu-tools-for-stm32.10.3-2021.10.win32_1.0.100.202210260954/tools/bin/../lib/gcc/arm-none-eabi/10.3.1/thumb/v7e-m+fp/hard\libgcc.a(_aeabi_uldivmod.o)
                0x0000000008000c88                __aeabi_uldivmod
 .text          0x0000000008000cb8      0x2d0 c:/st/stm32cubeide_1.10.1/stm32cubeide/plugins/com.st.stm32cube.ide.mcu.externaltools.gnu-tools-for-stm32.10.3-2021.10.win32_1.0.100.202210260954/tools/bin/../lib/gcc/arm-none-eabi/10.3.1/thumb/v7e-m+fp/hard\libgcc.a(_udivmoddi4.o)
                0x0000000008000cb8                __udivmoddi4
 .text          0x0000000008000f88        0x4 c:/st/stm32cubeide_1.10.1/stm32cubeide/plugins/com.st.stm32cube.ide.mcu.externaltools.gnu-tools-for-stm32.10.3-2021.10.win32_1.0.100.202210260954/tools/bin/../lib/gcc/arm-none-eabi/10.3.1/thumb/v7e-m+fp/hard\libgcc.a(_dvmd_tls.o)
                0x0000000008000f88                __aeabi_idiv0
                0x0000000008000f88                __aeabi_ldiv0
 *(.text*)
 .text.MX_FREERTOS_Init
                0x0000000008000f8c       0xc4 ./Core/Src/app_freertos.o
                0x0000000008000f8c                MX_FREERTOS_Init
 .text.FunctionUltrassom
                0x0000000008001050       0x50 ./Core/Src/app_freertos.o
                0x0000000008001050                FunctionUltrassom
 .text.FunctionComunica
                0x00000000080010a0      0x2ac ./Core/Src/app_freertos.o
                0x00000000080010a0                FunctionComunica
 .text.FunctionSeguidor
                0x000000000800134c      0x21c ./Core/Src/app_freertos.o
                0x000000000800134c                FunctionSeguidor
 .text.FunctionAtivarMotores
                0x0000000008001568      0x210 ./Core/Src/app_freertos.o
                0x0000000008001568                FunctionAtivarMotores
 .text.FunctionOdometria
                0x0000000008001778      0x2a4 ./Core/Src/app_freertos.o
                0x0000000008001778                FunctionOdometria
 *fill*         0x0000000008001a1c        0x4 
 .text.HAL_TIM_IC_CaptureCallback
                0x0000000008001a20      0x1dc ./Core/Src/app_freertos.o
                0x0000000008001a20                HAL_TIM_IC_CaptureCallback
 *fill*         0x0000000008001bfc        0x4 
 .text.HAL_TIM_PeriodElapsedCallback
                0x0000000008001c00      0x114 ./Core/Src/app_freertos.o
                0x0000000008001c00                HAL_TIM_PeriodElapsedCallback
 .text.MX_GPIO_Init
                0x0000000008001d14      0x168 ./Core/Src/gpio.o
                0x0000000008001d14                MX_GPIO_Init
 .text.main     0x0000000008001e7c       0x3a ./Core/Src/main.o
                0x0000000008001e7c                main
 .text.SystemClock_Config
                0x0000000008001eb6       0x9a ./Core/Src/main.o
                0x0000000008001eb6                SystemClock_Config
 .text.Error_Handler
                0x0000000008001f50        0xa ./Core/Src/main.o
                0x0000000008001f50                Error_Handler
 *fill*         0x0000000008001f5a        0x2 
 .text.PID_init_D
                0x0000000008001f5c       0x5c ./Core/Src/pid.o
                0x0000000008001f5c                PID_init_D
 .text.PID_init_E
                0x0000000008001fb8       0x5c ./Core/Src/pid.o
                0x0000000008001fb8                PID_init_E
 .text.PID_E    0x0000000008002014      0x114 ./Core/Src/pid.o
                0x0000000008002014                PID_E
 .text.PID_D    0x0000000008002128      0x118 ./Core/Src/pid.o
                0x0000000008002128                PID_D
 .text.HAL_MspInit
                0x0000000008002240       0x50 ./Core/Src/stm32g4xx_hal_msp.o
                0x0000000008002240                HAL_MspInit
 .text.NMI_Handler
                0x0000000008002290        0x6 ./Core/Src/stm32g4xx_it.o
                0x0000000008002290                NMI_Handler
 .text.HardFault_Handler
                0x0000000008002296        0x6 ./Core/Src/stm32g4xx_it.o
                0x0000000008002296                HardFault_Handler
 .text.MemManage_Handler
                0x000000000800229c        0x6 ./Core/Src/stm32g4xx_it.o
                0x000000000800229c                MemManage_Handler
 .text.BusFault_Handler
                0x00000000080022a2        0x6 ./Core/Src/stm32g4xx_it.o
                0x00000000080022a2                BusFault_Handler
 .text.UsageFault_Handler
                0x00000000080022a8        0x6 ./Core/Src/stm32g4xx_it.o
                0x00000000080022a8                UsageFault_Handler
 .text.DebugMon_Handler
                0x00000000080022ae        0xe ./Core/Src/stm32g4xx_it.o
                0x00000000080022ae                DebugMon_Handler
 .text.SysTick_Handler
                0x00000000080022bc       0x1a ./Core/Src/stm32g4xx_it.o
                0x00000000080022bc                SysTick_Handler
 *fill*         0x00000000080022d6        0x2 
 .text.TIM1_CC_IRQHandler
                0x00000000080022d8       0x14 ./Core/Src/stm32g4xx_it.o
                0x00000000080022d8                TIM1_CC_IRQHandler
 .text.TIM6_DAC_IRQHandler
                0x00000000080022ec       0x14 ./Core/Src/stm32g4xx_it.o
                0x00000000080022ec                TIM6_DAC_IRQHandler
 .text._sbrk    0x0000000008002300       0x6c ./Core/Src/sysmem.o
                0x0000000008002300                _sbrk
 .text.SystemInit
                0x000000000800236c       0x24 ./Core/Src/system_stm32g4xx.o
                0x000000000800236c                SystemInit
 .text.MX_TIM1_Init
                0x0000000008002390       0xec ./Core/Src/tim.o
                0x0000000008002390                MX_TIM1_Init
 .text.MX_TIM2_Init
                0x000000000800247c       0xa8 ./Core/Src/tim.o
                0x000000000800247c                MX_TIM2_Init
 .text.MX_TIM3_Init
                0x0000000008002524       0xc8 ./Core/Src/tim.o
                0x0000000008002524                MX_TIM3_Init
 .text.MX_TIM5_Init
                0x00000000080025ec       0xac ./Core/Src/tim.o
                0x00000000080025ec                MX_TIM5_Init
 .text.MX_TIM6_Init
                0x0000000008002698       0x70 ./Core/Src/tim.o
                0x0000000008002698                MX_TIM6_Init
 .text.HAL_TIM_Base_MspInit
                0x0000000008002708      0x194 ./Core/Src/tim.o
                0x0000000008002708                HAL_TIM_Base_MspInit
 .text.HAL_TIM_PWM_MspInit
                0x000000000800289c       0x40 ./Core/Src/tim.o
                0x000000000800289c                HAL_TIM_PWM_MspInit
 .text.HAL_TIM_MspPostInit
                0x00000000080028dc       0x70 ./Core/Src/tim.o
                0x00000000080028dc                HAL_TIM_MspPostInit
 .text.MX_LPUART1_UART_Init
                0x000000000800294c       0x94 ./Core/Src/usart.o
                0x000000000800294c                MX_LPUART1_UART_Init
 .text.MX_USART1_UART_Init
                0x00000000080029e0       0x98 ./Core/Src/usart.o
                0x00000000080029e0                MX_USART1_UART_Init
 .text.HAL_UART_MspInit
                0x0000000008002a78      0x1b4 ./Core/Src/usart.o
                0x0000000008002a78                HAL_UART_MspInit
 .text.Reset_Handler
                0x0000000008002c2c       0x50 ./Core/Startup/startup_stm32g474retx.o
                0x0000000008002c2c                Reset_Handler
 .text.Default_Handler
                0x0000000008002c7c        0x2 ./Core/Startup/startup_stm32g474retx.o
                0x0000000008002c7c                RTC_Alarm_IRQHandler
                0x0000000008002c7c                EXTI2_IRQHandler
                0x0000000008002c7c                TIM8_TRG_COM_IRQHandler
                0x0000000008002c7c                TIM8_CC_IRQHandler
                0x0000000008002c7c                HRTIM1_Master_IRQHandler
                0x0000000008002c7c                SPI4_IRQHandler
                0x0000000008002c7c                FDCAN3_IT0_IRQHandler
                0x0000000008002c7c                HRTIM1_FLT_IRQHandler
                0x0000000008002c7c                HRTIM1_TIMF_IRQHandler
                0x0000000008002c7c                USB_HP_IRQHandler
                0x0000000008002c7c                CORDIC_IRQHandler
                0x0000000008002c7c                HRTIM1_TIMD_IRQHandler
                0x0000000008002c7c                DMA2_Channel8_IRQHandler
                0x0000000008002c7c                EXTI3_IRQHandler
                0x0000000008002c7c                I2C3_ER_IRQHandler
                0x0000000008002c7c                EXTI0_IRQHandler
                0x0000000008002c7c                I2C2_EV_IRQHandler
                0x0000000008002c7c                FPU_IRQHandler
                0x0000000008002c7c                FDCAN1_IT1_IRQHandler
                0x0000000008002c7c                TIM1_UP_TIM16_IRQHandler
                0x0000000008002c7c                ADC1_2_IRQHandler
                0x0000000008002c7c                HRTIM1_TIME_IRQHandler
                0x0000000008002c7c                SPI1_IRQHandler
                0x0000000008002c7c                HRTIM1_TIMC_IRQHandler
                0x0000000008002c7c                TIM8_UP_IRQHandler
                0x0000000008002c7c                DMA2_Channel2_IRQHandler
                0x0000000008002c7c                DMA1_Channel4_IRQHandler
                0x0000000008002c7c                TIM20_TRG_COM_IRQHandler
                0x0000000008002c7c                USART3_IRQHandler
                0x0000000008002c7c                DMA1_Channel7_IRQHandler
                0x0000000008002c7c                UART5_IRQHandler
                0x0000000008002c7c                ADC3_IRQHandler
                0x0000000008002c7c                TIM4_IRQHandler
                0x0000000008002c7c                DMA2_Channel1_IRQHandler
                0x0000000008002c7c                QUADSPI_IRQHandler
                0x0000000008002c7c                I2C1_EV_IRQHandler
                0x0000000008002c7c                DMA1_Channel6_IRQHandler
                0x0000000008002c7c                UART4_IRQHandler
                0x0000000008002c7c                DMA2_Channel4_IRQHandler
                0x0000000008002c7c                TIM3_IRQHandler
                0x0000000008002c7c                RCC_IRQHandler
                0x0000000008002c7c                TIM20_UP_IRQHandler
                0x0000000008002c7c                DMA1_Channel1_IRQHandler
                0x0000000008002c7c                Default_Handler
                0x0000000008002c7c                DMA2_Channel7_IRQHandler
                0x0000000008002c7c                RTC_TAMP_LSECSS_IRQHandler
                0x0000000008002c7c                FMAC_IRQHandler
                0x0000000008002c7c                EXTI15_10_IRQHandler
                0x0000000008002c7c                DMA1_Channel8_IRQHandler
                0x0000000008002c7c                HRTIM1_TIMA_IRQHandler
                0x0000000008002c7c                TIM7_DAC_IRQHandler
                0x0000000008002c7c                FDCAN3_IT1_IRQHandler
                0x0000000008002c7c                TIM5_IRQHandler
                0x0000000008002c7c                UCPD1_IRQHandler
                0x0000000008002c7c                I2C3_EV_IRQHandler
                0x0000000008002c7c                EXTI9_5_IRQHandler
                0x0000000008002c7c                RTC_WKUP_IRQHandler
                0x0000000008002c7c                PVD_PVM_IRQHandler
                0x0000000008002c7c                SPI2_IRQHandler
                0x0000000008002c7c                ADC5_IRQHandler
                0x0000000008002c7c                DMA2_Channel5_IRQHandler
                0x0000000008002c7c                CRS_IRQHandler
                0x0000000008002c7c                DMA1_Channel5_IRQHandler
                0x0000000008002c7c                USB_LP_IRQHandler
                0x0000000008002c7c                EXTI4_IRQHandler
                0x0000000008002c7c                RNG_IRQHandler
                0x0000000008002c7c                HRTIM1_TIMB_IRQHandler
                0x0000000008002c7c                TIM1_TRG_COM_TIM17_IRQHandler
                0x0000000008002c7c                FDCAN2_IT1_IRQHandler
                0x0000000008002c7c                DMA1_Channel3_IRQHandler
                0x0000000008002c7c                ADC4_IRQHandler
                0x0000000008002c7c                WWDG_IRQHandler
                0x0000000008002c7c                I2C4_EV_IRQHandler
                0x0000000008002c7c                FDCAN2_IT0_IRQHandler
                0x0000000008002c7c                LPUART1_IRQHandler
                0x0000000008002c7c                DMA2_Channel6_IRQHandler
                0x0000000008002c7c                FDCAN1_IT0_IRQHandler
                0x0000000008002c7c                TIM2_IRQHandler
                0x0000000008002c7c                COMP7_IRQHandler
                0x0000000008002c7c                COMP1_2_3_IRQHandler
                0x0000000008002c7c                EXTI1_IRQHandler
                0x0000000008002c7c                USART2_IRQHandler
                0x0000000008002c7c                COMP4_5_6_IRQHandler
                0x0000000008002c7c                TIM20_BRK_IRQHandler
                0x0000000008002c7c                I2C2_ER_IRQHandler
                0x0000000008002c7c                DMA1_Channel2_IRQHandler
                0x0000000008002c7c                TIM8_BRK_IRQHandler
                0x0000000008002c7c                FLASH_IRQHandler
                0x0000000008002c7c                TIM20_CC_IRQHandler
                0x0000000008002c7c                USART1_IRQHandler
                0x0000000008002c7c                SPI3_IRQHandler
                0x0000000008002c7c                I2C1_ER_IRQHandler
                0x0000000008002c7c                FMC_IRQHandler
                0x0000000008002c7c                LPTIM1_IRQHandler
                0x0000000008002c7c                DMAMUX_OVR_IRQHandler
                0x0000000008002c7c                I2C4_ER_IRQHandler
                0x0000000008002c7c                USBWakeUp_IRQHandler
                0x0000000008002c7c                SAI1_IRQHandler
                0x0000000008002c7c                DMA2_Channel3_IRQHandler
                0x0000000008002c7c                TIM1_BRK_TIM15_IRQHandler
 .text.HAL_Init
                0x0000000008002c7e       0x30 ./Drivers/STM32G4xx_HAL_Driver/Src/stm32g4xx_hal.o
                0x0000000008002c7e                HAL_Init
 *fill*         0x0000000008002cae        0x2 
 .text.HAL_InitTick
                0x0000000008002cb0       0x74 ./Drivers/STM32G4xx_HAL_Driver/Src/stm32g4xx_hal.o
                0x0000000008002cb0                HAL_InitTick
 .text.HAL_IncTick
                0x0000000008002d24       0x24 ./Drivers/STM32G4xx_HAL_Driver/Src/stm32g4xx_hal.o
                0x0000000008002d24                HAL_IncTick
 .text.HAL_GetTick
                0x0000000008002d48       0x18 ./Drivers/STM32G4xx_HAL_Driver/Src/stm32g4xx_hal.o
                0x0000000008002d48                HAL_GetTick
 .text.__NVIC_SetPriorityGrouping
                0x0000000008002d60       0x48 ./Drivers/STM32G4xx_HAL_Driver/Src/stm32g4xx_hal_cortex.o
 .text.__NVIC_GetPriorityGrouping
                0x0000000008002da8       0x1c ./Drivers/STM32G4xx_HAL_Driver/Src/stm32g4xx_hal_cortex.o
 .text.__NVIC_EnableIRQ
                0x0000000008002dc4       0x3c ./Drivers/STM32G4xx_HAL_Driver/Src/stm32g4xx_hal_cortex.o
 .text.__NVIC_SetPriority
                0x0000000008002e00       0x54 ./Drivers/STM32G4xx_HAL_Driver/Src/stm32g4xx_hal_cortex.o
 .text.NVIC_EncodePriority
                0x0000000008002e54       0x66 ./Drivers/STM32G4xx_HAL_Driver/Src/stm32g4xx_hal_cortex.o
 *fill*         0x0000000008002eba        0x2 
 .text.SysTick_Config
                0x0000000008002ebc       0x44 ./Drivers/STM32G4xx_HAL_Driver/Src/stm32g4xx_hal_cortex.o
 .text.HAL_NVIC_SetPriorityGrouping
                0x0000000008002f00       0x16 ./Drivers/STM32G4xx_HAL_Driver/Src/stm32g4xx_hal_cortex.o
                0x0000000008002f00                HAL_NVIC_SetPriorityGrouping
 .text.HAL_NVIC_SetPriority
                0x0000000008002f16       0x34 ./Drivers/STM32G4xx_HAL_Driver/Src/stm32g4xx_hal_cortex.o
                0x0000000008002f16                HAL_NVIC_SetPriority
 .text.HAL_NVIC_EnableIRQ
                0x0000000008002f4a       0x1c ./Drivers/STM32G4xx_HAL_Driver/Src/stm32g4xx_hal_cortex.o
                0x0000000008002f4a                HAL_NVIC_EnableIRQ
 .text.HAL_SYSTICK_Config
                0x0000000008002f66       0x18 ./Drivers/STM32G4xx_HAL_Driver/Src/stm32g4xx_hal_cortex.o
                0x0000000008002f66                HAL_SYSTICK_Config
 *fill*         0x0000000008002f7e        0x2 
 .text.HAL_GPIO_Init
                0x0000000008002f80      0x304 ./Drivers/STM32G4xx_HAL_Driver/Src/stm32g4xx_hal_gpio.o
                0x0000000008002f80                HAL_GPIO_Init
 .text.HAL_GPIO_ReadPin
                0x0000000008003284       0x30 ./Drivers/STM32G4xx_HAL_Driver/Src/stm32g4xx_hal_gpio.o
                0x0000000008003284                HAL_GPIO_ReadPin
 .text.HAL_GPIO_WritePin
                0x00000000080032b4       0x30 ./Drivers/STM32G4xx_HAL_Driver/Src/stm32g4xx_hal_gpio.o
                0x00000000080032b4                HAL_GPIO_WritePin
 .text.HAL_GPIO_TogglePin
                0x00000000080032e4       0x34 ./Drivers/STM32G4xx_HAL_Driver/Src/stm32g4xx_hal_gpio.o
                0x00000000080032e4                HAL_GPIO_TogglePin
 .text.HAL_PWREx_ControlVoltageScaling
                0x0000000008003318      0x148 ./Drivers/STM32G4xx_HAL_Driver/Src/stm32g4xx_hal_pwr_ex.o
                0x0000000008003318                HAL_PWREx_ControlVoltageScaling
 .text.HAL_RCC_OscConfig
                0x0000000008003460      0x630 ./Drivers/STM32G4xx_HAL_Driver/Src/stm32g4xx_hal_rcc.o
                0x0000000008003460                HAL_RCC_OscConfig
 .text.HAL_RCC_ClockConfig
                0x0000000008003a90      0x278 ./Drivers/STM32G4xx_HAL_Driver/Src/stm32g4xx_hal_rcc.o
                0x0000000008003a90                HAL_RCC_ClockConfig
 .text.HAL_RCC_GetSysClockFreq
                0x0000000008003d08       0xc4 ./Drivers/STM32G4xx_HAL_Driver/Src/stm32g4xx_hal_rcc.o
                0x0000000008003d08                HAL_RCC_GetSysClockFreq
 .text.HAL_RCC_GetHCLKFreq
                0x0000000008003dcc       0x18 ./Drivers/STM32G4xx_HAL_Driver/Src/stm32g4xx_hal_rcc.o
                0x0000000008003dcc                HAL_RCC_GetHCLKFreq
 .text.HAL_RCC_GetPCLK1Freq
                0x0000000008003de4       0x2c ./Drivers/STM32G4xx_HAL_Driver/Src/stm32g4xx_hal_rcc.o
                0x0000000008003de4                HAL_RCC_GetPCLK1Freq
 .text.HAL_RCC_GetPCLK2Freq
                0x0000000008003e10       0x2c ./Drivers/STM32G4xx_HAL_Driver/Src/stm32g4xx_hal_rcc.o
                0x0000000008003e10                HAL_RCC_GetPCLK2Freq
 .text.RCC_GetSysClockFreqFromPLLSource
                0x0000000008003e3c       0x8c ./Drivers/STM32G4xx_HAL_Driver/Src/stm32g4xx_hal_rcc.o
 .text.HAL_RCCEx_PeriphCLKConfig
                0x0000000008003ec8      0x49c ./Drivers/STM32G4xx_HAL_Driver/Src/stm32g4xx_hal_rcc_ex.o
                0x0000000008003ec8                HAL_RCCEx_PeriphCLKConfig
 .text.HAL_TIM_Base_Init
                0x0000000008004364       0xae ./Drivers/STM32G4xx_HAL_Driver/Src/stm32g4xx_hal_tim.o
                0x0000000008004364                HAL_TIM_Base_Init
 *fill*         0x0000000008004412        0x2 
 .text.HAL_TIM_Base_Start
                0x0000000008004414       0xe0 ./Drivers/STM32G4xx_HAL_Driver/Src/stm32g4xx_hal_tim.o
                0x0000000008004414                HAL_TIM_Base_Start
 .text.HAL_TIM_Base_Start_IT
                0x00000000080044f4       0xf0 ./Drivers/STM32G4xx_HAL_Driver/Src/stm32g4xx_hal_tim.o
                0x00000000080044f4                HAL_TIM_Base_Start_IT
 .text.HAL_TIM_PWM_Init
                0x00000000080045e4       0xae ./Drivers/STM32G4xx_HAL_Driver/Src/stm32g4xx_hal_tim.o
                0x00000000080045e4                HAL_TIM_PWM_Init
 *fill*         0x0000000008004692        0x2 
 .text.HAL_TIM_PWM_Start
                0x0000000008004694      0x224 ./Drivers/STM32G4xx_HAL_Driver/Src/stm32g4xx_hal_tim.o
                0x0000000008004694                HAL_TIM_PWM_Start
 .text.HAL_TIM_IC_Init
                0x00000000080048b8       0xae ./Drivers/STM32G4xx_HAL_Driver/Src/stm32g4xx_hal_tim.o
                0x00000000080048b8                HAL_TIM_IC_Init
 .text.HAL_TIM_IC_MspInit
                0x0000000008004966       0x14 ./Drivers/STM32G4xx_HAL_Driver/Src/stm32g4xx_hal_tim.o
                0x0000000008004966                HAL_TIM_IC_MspInit
 *fill*         0x000000000800497a        0x2 
 .text.HAL_TIM_IC_Start_IT
                0x000000000800497c      0x2a0 ./Drivers/STM32G4xx_HAL_Driver/Src/stm32g4xx_hal_tim.o
                0x000000000800497c                HAL_TIM_IC_Start_IT
 .text.HAL_TIM_IRQHandler
                0x0000000008004c1c      0x2fe ./Drivers/STM32G4xx_HAL_Driver/Src/stm32g4xx_hal_tim.o
                0x0000000008004c1c                HAL_TIM_IRQHandler
 .text.HAL_TIM_IC_ConfigChannel
                0x0000000008004f1a      0x138 ./Drivers/STM32G4xx_HAL_Driver/Src/stm32g4xx_hal_tim.o
                0x0000000008004f1a                HAL_TIM_IC_ConfigChannel
 *fill*         0x0000000008005052        0x2 
 .text.HAL_TIM_PWM_ConfigChannel
                0x0000000008005054      0x228 ./Drivers/STM32G4xx_HAL_Driver/Src/stm32g4xx_hal_tim.o
                0x0000000008005054                HAL_TIM_PWM_ConfigChannel
 .text.HAL_TIM_ConfigClockSource
                0x000000000800527c      0x22c ./Drivers/STM32G4xx_HAL_Driver/Src/stm32g4xx_hal_tim.o
                0x000000000800527c                HAL_TIM_ConfigClockSource
 .text.HAL_TIM_ReadCapturedValue
                0x00000000080054a8       0x88 ./Drivers/STM32G4xx_HAL_Driver/Src/stm32g4xx_hal_tim.o
                0x00000000080054a8                HAL_TIM_ReadCapturedValue
 .text.HAL_TIM_OC_DelayElapsedCallback
                0x0000000008005530       0x14 ./Drivers/STM32G4xx_HAL_Driver/Src/stm32g4xx_hal_tim.o
                0x0000000008005530                HAL_TIM_OC_DelayElapsedCallback
 .text.HAL_TIM_PWM_PulseFinishedCallback
                0x0000000008005544       0x14 ./Drivers/STM32G4xx_HAL_Driver/Src/stm32g4xx_hal_tim.o
                0x0000000008005544                HAL_TIM_PWM_PulseFinishedCallback
 .text.HAL_TIM_TriggerCallback
                0x0000000008005558       0x14 ./Drivers/STM32G4xx_HAL_Driver/Src/stm32g4xx_hal_tim.o
                0x0000000008005558                HAL_TIM_TriggerCallback
 .text.TIM_Base_SetConfig
                0x000000000800556c      0x150 ./Drivers/STM32G4xx_HAL_Driver/Src/stm32g4xx_hal_tim.o
                0x000000000800556c                TIM_Base_SetConfig
 .text.TIM_OC1_SetConfig
                0x00000000080056bc      0x134 ./Drivers/STM32G4xx_HAL_Driver/Src/stm32g4xx_hal_tim.o
 .text.TIM_OC2_SetConfig
                0x00000000080057f0      0x128 ./Drivers/STM32G4xx_HAL_Driver/Src/stm32g4xx_hal_tim.o
                0x00000000080057f0                TIM_OC2_SetConfig
 .text.TIM_OC3_SetConfig
                0x0000000008005918      0x124 ./Drivers/STM32G4xx_HAL_Driver/Src/stm32g4xx_hal_tim.o
 .text.TIM_OC4_SetConfig
                0x0000000008005a3c      0x128 ./Drivers/STM32G4xx_HAL_Driver/Src/stm32g4xx_hal_tim.o
 .text.TIM_OC5_SetConfig
                0x0000000008005b64       0xd4 ./Drivers/STM32G4xx_HAL_Driver/Src/stm32g4xx_hal_tim.o
 .text.TIM_OC6_SetConfig
                0x0000000008005c38       0xd8 ./Drivers/STM32G4xx_HAL_Driver/Src/stm32g4xx_hal_tim.o
 .text.TIM_TI1_SetConfig
                0x0000000008005d10       0xe8 ./Drivers/STM32G4xx_HAL_Driver/Src/stm32g4xx_hal_tim.o
                0x0000000008005d10                TIM_TI1_SetConfig
 .text.TIM_TI1_ConfigInputStage
                0x0000000008005df8       0x5e ./Drivers/STM32G4xx_HAL_Driver/Src/stm32g4xx_hal_tim.o
 .text.TIM_TI2_SetConfig
                0x0000000008005e56       0x7a ./Drivers/STM32G4xx_HAL_Driver/Src/stm32g4xx_hal_tim.o
 .text.TIM_TI2_ConfigInputStage
                0x0000000008005ed0       0x60 ./Drivers/STM32G4xx_HAL_Driver/Src/stm32g4xx_hal_tim.o
 .text.TIM_TI3_SetConfig
                0x0000000008005f30       0x78 ./Drivers/STM32G4xx_HAL_Driver/Src/stm32g4xx_hal_tim.o
 .text.TIM_TI4_SetConfig
                0x0000000008005fa8       0x7a ./Drivers/STM32G4xx_HAL_Driver/Src/stm32g4xx_hal_tim.o
 .text.TIM_ITRx_SetConfig
                0x0000000008006022       0x3a ./Drivers/STM32G4xx_HAL_Driver/Src/stm32g4xx_hal_tim.o
 .text.TIM_ETR_SetConfig
                0x000000000800605c       0x40 ./Drivers/STM32G4xx_HAL_Driver/Src/stm32g4xx_hal_tim.o
                0x000000000800605c                TIM_ETR_SetConfig
 .text.TIM_CCxChannelCmd
                0x000000000800609c       0x4a ./Drivers/STM32G4xx_HAL_Driver/Src/stm32g4xx_hal_tim.o
                0x000000000800609c                TIM_CCxChannelCmd
 *fill*         0x00000000080060e6        0x2 
 .text.HAL_TIMEx_MasterConfigSynchronization
                0x00000000080060e8      0x12c ./Drivers/STM32G4xx_HAL_Driver/Src/stm32g4xx_hal_tim_ex.o
                0x00000000080060e8                HAL_TIMEx_MasterConfigSynchronization
 .text.HAL_TIMEx_CommutCallback
                0x0000000008006214       0x14 ./Drivers/STM32G4xx_HAL_Driver/Src/stm32g4xx_hal_tim_ex.o
                0x0000000008006214                HAL_TIMEx_CommutCallback
 .text.HAL_TIMEx_BreakCallback
                0x0000000008006228       0x14 ./Drivers/STM32G4xx_HAL_Driver/Src/stm32g4xx_hal_tim_ex.o
                0x0000000008006228                HAL_TIMEx_BreakCallback
 .text.HAL_TIMEx_Break2Callback
                0x000000000800623c       0x14 ./Drivers/STM32G4xx_HAL_Driver/Src/stm32g4xx_hal_tim_ex.o
                0x000000000800623c                HAL_TIMEx_Break2Callback
 .text.HAL_TIMEx_EncoderIndexCallback
                0x0000000008006250       0x14 ./Drivers/STM32G4xx_HAL_Driver/Src/stm32g4xx_hal_tim_ex.o
                0x0000000008006250                HAL_TIMEx_EncoderIndexCallback
 .text.HAL_TIMEx_DirectionChangeCallback
                0x0000000008006264       0x14 ./Drivers/STM32G4xx_HAL_Driver/Src/stm32g4xx_hal_tim_ex.o
                0x0000000008006264                HAL_TIMEx_DirectionChangeCallback
 .text.HAL_TIMEx_IndexErrorCallback
                0x0000000008006278       0x14 ./Drivers/STM32G4xx_HAL_Driver/Src/stm32g4xx_hal_tim_ex.o
                0x0000000008006278                HAL_TIMEx_IndexErrorCallback
 .text.HAL_TIMEx_TransitionErrorCallback
                0x000000000800628c       0x14 ./Drivers/STM32G4xx_HAL_Driver/Src/stm32g4xx_hal_tim_ex.o
                0x000000000800628c                HAL_TIMEx_TransitionErrorCallback
 .text.HAL_UART_Init
                0x00000000080062a0       0xa0 ./Drivers/STM32G4xx_HAL_Driver/Src/stm32g4xx_hal_uart.o
                0x00000000080062a0                HAL_UART_Init
 .text.HAL_UART_Transmit
                0x0000000008006340      0x12c ./Drivers/STM32G4xx_HAL_Driver/Src/stm32g4xx_hal_uart.o
                0x0000000008006340                HAL_UART_Transmit
 .text.HAL_UART_Receive
                0x000000000800646c      0x1a6 ./Drivers/STM32G4xx_HAL_Driver/Src/stm32g4xx_hal_uart.o
                0x000000000800646c                HAL_UART_Receive
 *fill*         0x0000000008006612        0x2 
 .text.UART_SetConfig
                0x0000000008006614      0x5f8 ./Drivers/STM32G4xx_HAL_Driver/Src/stm32g4xx_hal_uart.o
                0x0000000008006614                UART_SetConfig
 .text.UART_AdvFeatureConfig
                0x0000000008006c0c      0x144 ./Drivers/STM32G4xx_HAL_Driver/Src/stm32g4xx_hal_uart.o
                0x0000000008006c0c                UART_AdvFeatureConfig
 .text.UART_CheckIdleState
                0x0000000008006d50       0x96 ./Drivers/STM32G4xx_HAL_Driver/Src/stm32g4xx_hal_uart.o
                0x0000000008006d50                UART_CheckIdleState
 .text.UART_WaitOnFlagUntilTimeout
                0x0000000008006de6      0x190 ./Drivers/STM32G4xx_HAL_Driver/Src/stm32g4xx_hal_uart.o
                0x0000000008006de6                UART_WaitOnFlagUntilTimeout
 .text.HAL_UARTEx_DisableFifoMode
                0x0000000008006f76       0x72 ./Drivers/STM32G4xx_HAL_Driver/Src/stm32g4xx_hal_uart_ex.o
                0x0000000008006f76                HAL_UARTEx_DisableFifoMode
 .text.HAL_UARTEx_SetTxFifoThreshold
                0x0000000008006fe8       0x7c ./Drivers/STM32G4xx_HAL_Driver/Src/stm32g4xx_hal_uart_ex.o
                0x0000000008006fe8                HAL_UARTEx_SetTxFifoThreshold
 .text.HAL_UARTEx_SetRxFifoThreshold
                0x0000000008007064       0x7c ./Drivers/STM32G4xx_HAL_Driver/Src/stm32g4xx_hal_uart_ex.o
                0x0000000008007064                HAL_UARTEx_SetRxFifoThreshold
 .text.UARTEx_SetNbDataToProcess
                0x00000000080070e0       0x9c ./Drivers/STM32G4xx_HAL_Driver/Src/stm32g4xx_hal_uart_ex.o
 .text.__NVIC_SetPriority
                0x000000000800717c       0x54 ./Middlewares/Third_Party/FreeRTOS/Source/CMSIS_RTOS_V2/cmsis_os2.o
 .text.SVC_Setup
                0x00000000080071d0       0x12 ./Middlewares/Third_Party/FreeRTOS/Source/CMSIS_RTOS_V2/cmsis_os2.o
 *fill*         0x00000000080071e2        0x2 
 .text.osKernelInitialize
                0x00000000080071e4       0x48 ./Middlewares/Third_Party/FreeRTOS/Source/CMSIS_RTOS_V2/cmsis_os2.o
                0x00000000080071e4                osKernelInitialize
 .text.osKernelStart
                0x000000000800722c       0x4c ./Middlewares/Third_Party/FreeRTOS/Source/CMSIS_RTOS_V2/cmsis_os2.o
                0x000000000800722c                osKernelStart
 .text.osThreadNew
                0x0000000008007278      0x124 ./Middlewares/Third_Party/FreeRTOS/Source/CMSIS_RTOS_V2/cmsis_os2.o
                0x0000000008007278                osThreadNew
 .text.osDelay  0x000000000800739c       0x36 ./Middlewares/Third_Party/FreeRTOS/Source/CMSIS_RTOS_V2/cmsis_os2.o
                0x000000000800739c                osDelay
 .text.osSemaphoreNew
                0x00000000080073d2      0x112 ./Middlewares/Third_Party/FreeRTOS/Source/CMSIS_RTOS_V2/cmsis_os2.o
                0x00000000080073d2                osSemaphoreNew
 .text.osSemaphoreAcquire
                0x00000000080074e4       0xa4 ./Middlewares/Third_Party/FreeRTOS/Source/CMSIS_RTOS_V2/cmsis_os2.o
                0x00000000080074e4                osSemaphoreAcquire
 .text.osSemaphoreRelease
                0x0000000008007588       0x88 ./Middlewares/Third_Party/FreeRTOS/Source/CMSIS_RTOS_V2/cmsis_os2.o
                0x0000000008007588                osSemaphoreRelease
 .text.vApplicationGetIdleTaskMemory
                0x0000000008007610       0x34 ./Middlewares/Third_Party/FreeRTOS/Source/CMSIS_RTOS_V2/cmsis_os2.o
                0x0000000008007610                vApplicationGetIdleTaskMemory
 .text.vApplicationGetTimerTaskMemory
                0x0000000008007644       0x34 ./Middlewares/Third_Party/FreeRTOS/Source/CMSIS_RTOS_V2/cmsis_os2.o
                0x0000000008007644                vApplicationGetTimerTaskMemory
 .text.vListInitialise
                0x0000000008007678       0x40 ./Middlewares/Third_Party/FreeRTOS/Source/list.o
                0x0000000008007678                vListInitialise
 .text.vListInitialiseItem
                0x00000000080076b8       0x1a ./Middlewares/Third_Party/FreeRTOS/Source/list.o
                0x00000000080076b8                vListInitialiseItem
 .text.vListInsertEnd
                0x00000000080076d2       0x48 ./Middlewares/Third_Party/FreeRTOS/Source/list.o
                0x00000000080076d2                vListInsertEnd
 .text.vListInsert
                0x000000000800771a       0x72 ./Middlewares/Third_Party/FreeRTOS/Source/list.o
                0x000000000800771a                vListInsert
 .text.uxListRemove
                0x000000000800778c       0x54 ./Middlewares/Third_Party/FreeRTOS/Source/list.o
                0x000000000800778c                uxListRemove
 .text.xQueueGenericReset
                0x00000000080077e0       0xb4 ./Middlewares/Third_Party/FreeRTOS/Source/queue.o
                0x00000000080077e0                xQueueGenericReset
 .text.xQueueGenericCreateStatic
                0x0000000008007894       0x3e ./Middlewares/Third_Party/FreeRTOS/Source/queue.o
                0x0000000008007894                xQueueGenericCreateStatic
 .text.xQueueGenericCreate
                0x00000000080078d2       0x58 ./Middlewares/Third_Party/FreeRTOS/Source/queue.o
                0x00000000080078d2                xQueueGenericCreate
 .text.prvInitialiseNewQueue
                0x000000000800792a       0x46 ./Middlewares/Third_Party/FreeRTOS/Source/queue.o
 .text.xQueueCreateCountingSemaphoreStatic
                0x0000000008007970       0x34 ./Middlewares/Third_Party/FreeRTOS/Source/queue.o
                0x0000000008007970                xQueueCreateCountingSemaphoreStatic
 .text.xQueueCreateCountingSemaphore
                0x00000000080079a4       0x2c ./Middlewares/Third_Party/FreeRTOS/Source/queue.o
                0x00000000080079a4                xQueueCreateCountingSemaphore
 .text.xQueueGenericSend
                0x00000000080079d0      0x154 ./Middlewares/Third_Party/FreeRTOS/Source/queue.o
                0x00000000080079d0                xQueueGenericSend
 .text.xQueueGenericSendFromISR
                0x0000000008007b24       0xba ./Middlewares/Third_Party/FreeRTOS/Source/queue.o
                0x0000000008007b24                xQueueGenericSendFromISR
 .text.xQueueGiveFromISR
                0x0000000008007bde       0xa8 ./Middlewares/Third_Party/FreeRTOS/Source/queue.o
                0x0000000008007bde                xQueueGiveFromISR
 *fill*         0x0000000008007c86        0x2 
 .text.xQueueReceive
                0x0000000008007c88      0x144 ./Middlewares/Third_Party/FreeRTOS/Source/queue.o
                0x0000000008007c88                xQueueReceive
 .text.xQueueSemaphoreTake
                0x0000000008007dcc      0x190 ./Middlewares/Third_Party/FreeRTOS/Source/queue.o
                0x0000000008007dcc                xQueueSemaphoreTake
 .text.xQueueReceiveFromISR
                0x0000000008007f5c       0xae ./Middlewares/Third_Party/FreeRTOS/Source/queue.o
                0x0000000008007f5c                xQueueReceiveFromISR
 .text.vQueueDelete
                0x000000000800800a       0x2a ./Middlewares/Third_Party/FreeRTOS/Source/queue.o
                0x000000000800800a                vQueueDelete
 .text.prvGetDisinheritPriorityAfterTimeout
                0x0000000008008034       0x30 ./Middlewares/Third_Party/FreeRTOS/Source/queue.o
 .text.prvCopyDataToQueue
                0x0000000008008064       0xd4 ./Middlewares/Third_Party/FreeRTOS/Source/queue.o
 .text.prvCopyDataFromQueue
                0x0000000008008138       0x4c ./Middlewares/Third_Party/FreeRTOS/Source/queue.o
 .text.prvUnlockQueue
                0x0000000008008184       0xa4 ./Middlewares/Third_Party/FreeRTOS/Source/queue.o
 .text.prvIsQueueEmpty
                0x0000000008008228       0x2c ./Middlewares/Third_Party/FreeRTOS/Source/queue.o
 .text.prvIsQueueFull
                0x0000000008008254       0x30 ./Middlewares/Third_Party/FreeRTOS/Source/queue.o
 .text.vQueueAddToRegistry
                0x0000000008008284       0x54 ./Middlewares/Third_Party/FreeRTOS/Source/queue.o
                0x0000000008008284                vQueueAddToRegistry
 .text.vQueueUnregisterQueue
                0x00000000080082d8       0x54 ./Middlewares/Third_Party/FreeRTOS/Source/queue.o
                0x00000000080082d8                vQueueUnregisterQueue
 .text.vQueueWaitForMessageRestricted
                0x000000000800832c       0x68 ./Middlewares/Third_Party/FreeRTOS/Source/queue.o
                0x000000000800832c                vQueueWaitForMessageRestricted
 .text.xTaskCreateStatic
                0x0000000008008394       0x60 ./Middlewares/Third_Party/FreeRTOS/Source/tasks.o
                0x0000000008008394                xTaskCreateStatic
 .text.xTaskCreate
                0x00000000080083f4       0x8a ./Middlewares/Third_Party/FreeRTOS/Source/tasks.o
                0x00000000080083f4                xTaskCreate
 *fill*         0x000000000800847e        0x2 
 .text.prvInitialiseNewTask
                0x0000000008008480      0x12c ./Middlewares/Third_Party/FreeRTOS/Source/tasks.o
 .text.prvAddNewTaskToReadyList
                0x00000000080085ac       0xe0 ./Middlewares/Third_Party/FreeRTOS/Source/tasks.o
 .text.vTaskDelay
                0x000000000800868c       0x48 ./Middlewares/Third_Party/FreeRTOS/Source/tasks.o
                0x000000000800868c                vTaskDelay
 .text.vTaskStartScheduler
                0x00000000080086d4       0xc0 ./Middlewares/Third_Party/FreeRTOS/Source/tasks.o
                0x00000000080086d4                vTaskStartScheduler
 .text.vTaskSuspendAll
                0x0000000008008794       0x1c ./Middlewares/Third_Party/FreeRTOS/Source/tasks.o
                0x0000000008008794                vTaskSuspendAll
 .text.xTaskResumeAll
                0x00000000080087b0      0x11c ./Middlewares/Third_Party/FreeRTOS/Source/tasks.o
                0x00000000080087b0                xTaskResumeAll
 .text.xTaskGetTickCount
                0x00000000080088cc       0x20 ./Middlewares/Third_Party/FreeRTOS/Source/tasks.o
                0x00000000080088cc                xTaskGetTickCount
 .text.xTaskIncrementTick
                0x00000000080088ec      0x150 ./Middlewares/Third_Party/FreeRTOS/Source/tasks.o
                0x00000000080088ec                xTaskIncrementTick
 .text.vTaskSwitchContext
                0x0000000008008a3c       0xac ./Middlewares/Third_Party/FreeRTOS/Source/tasks.o
                0x0000000008008a3c                vTaskSwitchContext
 .text.vTaskPlaceOnEventList
                0x0000000008008ae8       0x2c ./Middlewares/Third_Party/FreeRTOS/Source/tasks.o
                0x0000000008008ae8                vTaskPlaceOnEventList
 .text.vTaskPlaceOnEventListRestricted
                0x0000000008008b14       0x3c ./Middlewares/Third_Party/FreeRTOS/Source/tasks.o
                0x0000000008008b14                vTaskPlaceOnEventListRestricted
 .text.xTaskRemoveFromEventList
                0x0000000008008b50       0xac ./Middlewares/Third_Party/FreeRTOS/Source/tasks.o
                0x0000000008008b50                xTaskRemoveFromEventList
 .text.vTaskInternalSetTimeOutState
                0x0000000008008bfc       0x2c ./Middlewares/Third_Party/FreeRTOS/Source/tasks.o
                0x0000000008008bfc                vTaskInternalSetTimeOutState
 .text.xTaskCheckForTimeOut
                0x0000000008008c28       0x8c ./Middlewares/Third_Party/FreeRTOS/Source/tasks.o
                0x0000000008008c28                xTaskCheckForTimeOut
 .text.vTaskMissedYield
                0x0000000008008cb4       0x18 ./Middlewares/Third_Party/FreeRTOS/Source/tasks.o
                0x0000000008008cb4                vTaskMissedYield
 .text.prvIdleTask
                0x0000000008008ccc       0x30 ./Middlewares/Third_Party/FreeRTOS/Source/tasks.o
 .text.prvInitialiseTaskLists
                0x0000000008008cfc       0x80 ./Middlewares/Third_Party/FreeRTOS/Source/tasks.o
 .text.prvCheckTasksWaitingTermination
                0x0000000008008d7c       0x5c ./Middlewares/Third_Party/FreeRTOS/Source/tasks.o
 .text.prvDeleteTCB
                0x0000000008008dd8       0x46 ./Middlewares/Third_Party/FreeRTOS/Source/tasks.o
 *fill*         0x0000000008008e1e        0x2 
 .text.prvResetNextTaskUnblockTime
                0x0000000008008e20       0x40 ./Middlewares/Third_Party/FreeRTOS/Source/tasks.o
 .text.xTaskGetSchedulerState
                0x0000000008008e60       0x3c ./Middlewares/Third_Party/FreeRTOS/Source/tasks.o
                0x0000000008008e60                xTaskGetSchedulerState
 .text.xTaskPriorityInherit
                0x0000000008008e9c       0xd0 ./Middlewares/Third_Party/FreeRTOS/Source/tasks.o
                0x0000000008008e9c                xTaskPriorityInherit
 .text.xTaskPriorityDisinherit
                0x0000000008008f6c       0x98 ./Middlewares/Third_Party/FreeRTOS/Source/tasks.o
                0x0000000008008f6c                xTaskPriorityDisinherit
 .text.vTaskPriorityDisinheritAfterTimeout
                0x0000000008009004       0xc0 ./Middlewares/Third_Party/FreeRTOS/Source/tasks.o
                0x0000000008009004                vTaskPriorityDisinheritAfterTimeout
 .text.pvTaskIncrementMutexHeldCount
                0x00000000080090c4       0x28 ./Middlewares/Third_Party/FreeRTOS/Source/tasks.o
                0x00000000080090c4                pvTaskIncrementMutexHeldCount
 .text.prvAddCurrentTaskToDelayedList
                0x00000000080090ec       0xa8 ./Middlewares/Third_Party/FreeRTOS/Source/tasks.o
 .text.xTimerCreateTimerTask
                0x0000000008009194       0x74 ./Middlewares/Third_Party/FreeRTOS/Source/timers.o
                0x0000000008009194                xTimerCreateTimerTask
 .text.xTimerGenericCommand
                0x0000000008009208       0x80 ./Middlewares/Third_Party/FreeRTOS/Source/timers.o
                0x0000000008009208                xTimerGenericCommand
 .text.prvProcessExpiredTimer
                0x0000000008009288       0x80 ./Middlewares/Third_Party/FreeRTOS/Source/timers.o
 .text.prvTimerTask
                0x0000000008009308       0x24 ./Middlewares/Third_Party/FreeRTOS/Source/timers.o
 .text.prvProcessTimerOrBlockTask
                0x000000000800932c       0x9c ./Middlewares/Third_Party/FreeRTOS/Source/timers.o
 .text.prvGetNextExpireTime
                0x00000000080093c8       0x48 ./Middlewares/Third_Party/FreeRTOS/Source/timers.o
 .text.prvSampleTimeNow
                0x0000000008009410       0x40 ./Middlewares/Third_Party/FreeRTOS/Source/timers.o
 .text.prvInsertTimerInActiveList
                0x0000000008009450       0x84 ./Middlewares/Third_Party/FreeRTOS/Source/timers.o
 .text.prvProcessReceivedCommands
                0x00000000080094d4      0x170 ./Middlewares/Third_Party/FreeRTOS/Source/timers.o
 .text.prvSwitchTimerLists
                0x0000000008009644       0xac ./Middlewares/Third_Party/FreeRTOS/Source/timers.o
 .text.prvCheckForValidListAndQueue
                0x00000000080096f0       0x80 ./Middlewares/Third_Party/FreeRTOS/Source/timers.o
 .text.pxPortInitialiseStack
                0x0000000008009770       0x68 ./Middlewares/Third_Party/FreeRTOS/Source/portable/GCC/ARM_CM4F/port.o
                0x0000000008009770                pxPortInitialiseStack
 .text.prvTaskExitError
                0x00000000080097d8       0x34 ./Middlewares/Third_Party/FreeRTOS/Source/portable/GCC/ARM_CM4F/port.o
 *fill*         0x000000000800980c        0x4 
 .text.SVC_Handler
                0x0000000008009810       0x28 ./Middlewares/Third_Party/FreeRTOS/Source/portable/GCC/ARM_CM4F/port.o
                0x0000000008009810                SVC_Handler
 .text.prvPortStartFirstTask
                0x0000000008009838       0x28 ./Middlewares/Third_Party/FreeRTOS/Source/portable/GCC/ARM_CM4F/port.o
 .text.xPortStartScheduler
                0x0000000008009860       0x54 ./Middlewares/Third_Party/FreeRTOS/Source/portable/GCC/ARM_CM4F/port.o
                0x0000000008009860                xPortStartScheduler
 .text.vPortEnterCritical
                0x00000000080098b4       0x34 ./Middlewares/Third_Party/FreeRTOS/Source/portable/GCC/ARM_CM4F/port.o
                0x00000000080098b4                vPortEnterCritical
 .text.vPortExitCritical
                0x00000000080098e8       0x34 ./Middlewares/Third_Party/FreeRTOS/Source/portable/GCC/ARM_CM4F/port.o
                0x00000000080098e8                vPortExitCritical
 *fill*         0x000000000800991c        0x4 
 .text.PendSV_Handler
                0x0000000008009920       0x68 ./Middlewares/Third_Party/FreeRTOS/Source/portable/GCC/ARM_CM4F/port.o
                0x0000000008009920                PendSV_Handler
 .text.xPortSysTickHandler
                0x0000000008009988       0x44 ./Middlewares/Third_Party/FreeRTOS/Source/portable/GCC/ARM_CM4F/port.o
                0x0000000008009988                xPortSysTickHandler
 .text.vPortSetupTimerInterrupt
                0x00000000080099cc       0x48 ./Middlewares/Third_Party/FreeRTOS/Source/portable/GCC/ARM_CM4F/port.o
                0x00000000080099cc                vPortSetupTimerInterrupt
 .text.vPortEnableVFP
                0x0000000008009a14       0x14 ./Middlewares/Third_Party/FreeRTOS/Source/portable/GCC/ARM_CM4F/port.o
 .text.pvPortMalloc
                0x0000000008009a28      0x134 ./Middlewares/Third_Party/FreeRTOS/Source/portable/MemMang/heap_4.o
                0x0000000008009a28                pvPortMalloc
 .text.vPortFree
                0x0000000008009b5c       0x80 ./Middlewares/Third_Party/FreeRTOS/Source/portable/MemMang/heap_4.o
                0x0000000008009b5c                vPortFree
 .text.prvHeapInit
                0x0000000008009bdc       0xc4 ./Middlewares/Third_Party/FreeRTOS/Source/portable/MemMang/heap_4.o
 .text.prvInsertBlockIntoFreeList
                0x0000000008009ca0       0xb4 ./Middlewares/Third_Party/FreeRTOS/Source/portable/MemMang/heap_4.o
 .text.__errno  0x0000000008009d54        0xc c:/st/stm32cubeide_1.10.1/stm32cubeide/plugins/com.st.stm32cube.ide.mcu.externaltools.gnu-tools-for-stm32.10.3-2021.10.win32_1.0.100.202210260954/tools/bin/../lib/gcc/arm-none-eabi/10.3.1/../../../../arm-none-eabi/lib/thumb/v7e-m+fp/hard\libc_nano.a(lib_a-errno.o)
                0x0000000008009d54                __errno
 .text.__libc_init_array
                0x0000000008009d60       0x48 c:/st/stm32cubeide_1.10.1/stm32cubeide/plugins/com.st.stm32cube.ide.mcu.externaltools.gnu-tools-for-stm32.10.3-2021.10.win32_1.0.100.202210260954/tools/bin/../lib/gcc/arm-none-eabi/10.3.1/../../../../arm-none-eabi/lib/thumb/v7e-m+fp/hard\libc_nano.a(lib_a-init.o)
                0x0000000008009d60                __libc_init_array
 .text.__retarget_lock_acquire_recursive
                0x0000000008009da8        0x2 c:/st/stm32cubeide_1.10.1/stm32cubeide/plugins/com.st.stm32cube.ide.mcu.externaltools.gnu-tools-for-stm32.10.3-2021.10.win32_1.0.100.202210260954/tools/bin/../lib/gcc/arm-none-eabi/10.3.1/../../../../arm-none-eabi/lib/thumb/v7e-m+fp/hard\libc_nano.a(lib_a-lock.o)
                0x0000000008009da8                __retarget_lock_acquire_recursive
 .text.__retarget_lock_release_recursive
                0x0000000008009daa        0x2 c:/st/stm32cubeide_1.10.1/stm32cubeide/plugins/com.st.stm32cube.ide.mcu.externaltools.gnu-tools-for-stm32.10.3-2021.10.win32_1.0.100.202210260954/tools/bin/../lib/gcc/arm-none-eabi/10.3.1/../../../../arm-none-eabi/lib/thumb/v7e-m+fp/hard\libc_nano.a(lib_a-lock.o)
                0x0000000008009daa                __retarget_lock_release_recursive
 .text.memcpy   0x0000000008009dac       0x1c c:/st/stm32cubeide_1.10.1/stm32cubeide/plugins/com.st.stm32cube.ide.mcu.externaltools.gnu-tools-for-stm32.10.3-2021.10.win32_1.0.100.202210260954/tools/bin/../lib/gcc/arm-none-eabi/10.3.1/../../../../arm-none-eabi/lib/thumb/v7e-m+fp/hard\libc_nano.a(lib_a-memcpy-stub.o)
                0x0000000008009dac                memcpy
 .text.memset   0x0000000008009dc8       0x10 c:/st/stm32cubeide_1.10.1/stm32cubeide/plugins/com.st.stm32cube.ide.mcu.externaltools.gnu-tools-for-stm32.10.3-2021.10.win32_1.0.100.202210260954/tools/bin/../lib/gcc/arm-none-eabi/10.3.1/../../../../arm-none-eabi/lib/thumb/v7e-m+fp/hard\libc_nano.a(lib_a-memset.o)
                0x0000000008009dc8                memset
 .text.sbrk_aligned
                0x0000000008009dd8       0x40 c:/st/stm32cubeide_1.10.1/stm32cubeide/plugins/com.st.stm32cube.ide.mcu.externaltools.gnu-tools-for-stm32.10.3-2021.10.win32_1.0.100.202210260954/tools/bin/../lib/gcc/arm-none-eabi/10.3.1/../../../../arm-none-eabi/lib/thumb/v7e-m+fp/hard\libc_nano.a(lib_a-nano-mallocr.o)
 .text._malloc_r
                0x0000000008009e18       0xe8 c:/st/stm32cubeide_1.10.1/stm32cubeide/plugins/com.st.stm32cube.ide.mcu.externaltools.gnu-tools-for-stm32.10.3-2021.10.win32_1.0.100.202210260954/tools/bin/../lib/gcc/arm-none-eabi/10.3.1/../../../../arm-none-eabi/lib/thumb/v7e-m+fp/hard\libc_nano.a(lib_a-nano-mallocr.o)
                0x0000000008009e18                _malloc_r
 .text.cleanup_glue
                0x0000000008009f00       0x1a c:/st/stm32cubeide_1.10.1/stm32cubeide/plugins/com.st.stm32cube.ide.mcu.externaltools.gnu-tools-for-stm32.10.3-2021.10.win32_1.0.100.202210260954/tools/bin/../lib/gcc/arm-none-eabi/10.3.1/../../../../arm-none-eabi/lib/thumb/v7e-m+fp/hard\libc_nano.a(lib_a-reent.o)
                0x0000000008009f00                cleanup_glue
 *fill*         0x0000000008009f1a        0x2 
 .text._reclaim_reent
                0x0000000008009f1c       0xb8 c:/st/stm32cubeide_1.10.1/stm32cubeide/plugins/com.st.stm32cube.ide.mcu.externaltools.gnu-tools-for-stm32.10.3-2021.10.win32_1.0.100.202210260954/tools/bin/../lib/gcc/arm-none-eabi/10.3.1/../../../../arm-none-eabi/lib/thumb/v7e-m+fp/hard\libc_nano.a(lib_a-reent.o)
                0x0000000008009f1c                _reclaim_reent
 .text._sbrk_r  0x0000000008009fd4       0x20 c:/st/stm32cubeide_1.10.1/stm32cubeide/plugins/com.st.stm32cube.ide.mcu.externaltools.gnu-tools-for-stm32.10.3-2021.10.win32_1.0.100.202210260954/tools/bin/../lib/gcc/arm-none-eabi/10.3.1/../../../../arm-none-eabi/lib/thumb/v7e-m+fp/hard\libc_nano.a(lib_a-sbrkr.o)
                0x0000000008009fd4                _sbrk_r
 .text.sprintf  0x0000000008009ff4       0x40 c:/st/stm32cubeide_1.10.1/stm32cubeide/plugins/com.st.stm32cube.ide.mcu.externaltools.gnu-tools-for-stm32.10.3-2021.10.win32_1.0.100.202210260954/tools/bin/../lib/gcc/arm-none-eabi/10.3.1/../../../../arm-none-eabi/lib/thumb/v7e-m+fp/hard\libc_nano.a(lib_a-sprintf.o)
                0x0000000008009ff4                siprintf
                0x0000000008009ff4                sprintf
 .text.__malloc_lock
                0x000000000800a034        0xc c:/st/stm32cubeide_1.10.1/stm32cubeide/plugins/com.st.stm32cube.ide.mcu.externaltools.gnu-tools-for-stm32.10.3-2021.10.win32_1.0.100.202210260954/tools/bin/../lib/gcc/arm-none-eabi/10.3.1/../../../../arm-none-eabi/lib/thumb/v7e-m+fp/hard\libc_nano.a(lib_a-mlock.o)
                0x000000000800a034                __malloc_lock
 .text.__malloc_unlock
                0x000000000800a040        0xc c:/st/stm32cubeide_1.10.1/stm32cubeide/plugins/com.st.stm32cube.ide.mcu.externaltools.gnu-tools-for-stm32.10.3-2021.10.win32_1.0.100.202210260954/tools/bin/../lib/gcc/arm-none-eabi/10.3.1/../../../../arm-none-eabi/lib/thumb/v7e-m+fp/hard\libc_nano.a(lib_a-mlock.o)
                0x000000000800a040                __malloc_unlock
 .text._free_r  0x000000000800a04c       0x98 c:/st/stm32cubeide_1.10.1/stm32cubeide/plugins/com.st.stm32cube.ide.mcu.externaltools.gnu-tools-for-stm32.10.3-2021.10.win32_1.0.100.202210260954/tools/bin/../lib/gcc/arm-none-eabi/10.3.1/../../../../arm-none-eabi/lib/thumb/v7e-m+fp/hard\libc_nano.a(lib_a-nano-freer.o)
                0x000000000800a04c                _free_r
 .text.__ssputs_r
                0x000000000800a0e4       0xb6 c:/st/stm32cubeide_1.10.1/stm32cubeide/plugins/com.st.stm32cube.ide.mcu.externaltools.gnu-tools-for-stm32.10.3-2021.10.win32_1.0.100.202210260954/tools/bin/../lib/gcc/arm-none-eabi/10.3.1/../../../../arm-none-eabi/lib/thumb/v7e-m+fp/hard\libc_nano.a(lib_a-nano-svfprintf.o)
                0x000000000800a0e4                __ssputs_r
 *fill*         0x000000000800a19a        0x2 
 .text._svfprintf_r
                0x000000000800a19c      0x200 c:/st/stm32cubeide_1.10.1/stm32cubeide/plugins/com.st.stm32cube.ide.mcu.externaltools.gnu-tools-for-stm32.10.3-2021.10.win32_1.0.100.202210260954/tools/bin/../lib/gcc/arm-none-eabi/10.3.1/../../../../arm-none-eabi/lib/thumb/v7e-m+fp/hard\libc_nano.a(lib_a-nano-svfprintf.o)
                0x000000000800a19c                _svfiprintf_r
                0x000000000800a19c                _svfprintf_r
 .text._printf_common
                0x000000000800a39c       0xda c:/st/stm32cubeide_1.10.1/stm32cubeide/plugins/com.st.stm32cube.ide.mcu.externaltools.gnu-tools-for-stm32.10.3-2021.10.win32_1.0.100.202210260954/tools/bin/../lib/gcc/arm-none-eabi/10.3.1/../../../../arm-none-eabi/lib/thumb/v7e-m+fp/hard\libc_nano.a(lib_a-nano-vfprintf_i.o)
                0x000000000800a39c                _printf_common
 *fill*         0x000000000800a476        0x2 
 .text._printf_i
                0x000000000800a478      0x24c c:/st/stm32cubeide_1.10.1/stm32cubeide/plugins/com.st.stm32cube.ide.mcu.externaltools.gnu-tools-for-stm32.10.3-2021.10.win32_1.0.100.202210260954/tools/bin/../lib/gcc/arm-none-eabi/10.3.1/../../../../arm-none-eabi/lib/thumb/v7e-m+fp/hard\libc_nano.a(lib_a-nano-vfprintf_i.o)
                0x000000000800a478                _printf_i
 .text.memmove  0x000000000800a6c4       0x34 c:/st/stm32cubeide_1.10.1/stm32cubeide/plugins/com.st.stm32cube.ide.mcu.externaltools.gnu-tools-for-stm32.10.3-2021.10.win32_1.0.100.202210260954/tools/bin/../lib/gcc/arm-none-eabi/10.3.1/../../../../arm-none-eabi/lib/thumb/v7e-m+fp/hard\libc_nano.a(lib_a-memmove.o)
                0x000000000800a6c4                memmove
 .text._realloc_r
                0x000000000800a6f8       0x5e c:/st/stm32cubeide_1.10.1/stm32cubeide/plugins/com.st.stm32cube.ide.mcu.externaltools.gnu-tools-for-stm32.10.3-2021.10.win32_1.0.100.202210260954/tools/bin/../lib/gcc/arm-none-eabi/10.3.1/../../../../arm-none-eabi/lib/thumb/v7e-m+fp/hard\libc_nano.a(lib_a-nano-reallocr.o)
                0x000000000800a6f8                _realloc_r
 .text._malloc_usable_size_r
                0x000000000800a756       0x10 c:/st/stm32cubeide_1.10.1/stm32cubeide/plugins/com.st.stm32cube.ide.mcu.externaltools.gnu-tools-for-stm32.10.3-2021.10.win32_1.0.100.202210260954/tools/bin/../lib/gcc/arm-none-eabi/10.3.1/../../../../arm-none-eabi/lib/thumb/v7e-m+fp/hard\libc_nano.a(lib_a-nano-msizer.o)
                0x000000000800a756                _malloc_usable_size_r
 *fill*         0x000000000800a766        0x2 
 .text.cos      0x000000000800a768       0xa8 c:/st/stm32cubeide_1.10.1/stm32cubeide/plugins/com.st.stm32cube.ide.mcu.externaltools.gnu-tools-for-stm32.10.3-2021.10.win32_1.0.100.202210260954/tools/bin/../lib/gcc/arm-none-eabi/10.3.1/../../../../arm-none-eabi/lib/thumb/v7e-m+fp/hard\libm.a(lib_a-s_cos.o)
                0x000000000800a768                cos
 .text.sin      0x000000000800a810       0xb0 c:/st/stm32cubeide_1.10.1/stm32cubeide/plugins/com.st.stm32cube.ide.mcu.externaltools.gnu-tools-for-stm32.10.3-2021.10.win32_1.0.100.202210260954/tools/bin/../lib/gcc/arm-none-eabi/10.3.1/../../../../arm-none-eabi/lib/thumb/v7e-m+fp/hard\libm.a(lib_a-s_sin.o)
                0x000000000800a810                sin
 .text.pow      0x000000000800a8c0       0xe0 c:/st/stm32cubeide_1.10.1/stm32cubeide/plugins/com.st.stm32cube.ide.mcu.externaltools.gnu-tools-for-stm32.10.3-2021.10.win32_1.0.100.202210260954/tools/bin/../lib/gcc/arm-none-eabi/10.3.1/../../../../arm-none-eabi/lib/thumb/v7e-m+fp/hard\libm.a(lib_a-w_pow.o)
                0x000000000800a8c0                pow
 .text.sqrt     0x000000000800a9a0       0x58 c:/st/stm32cubeide_1.10.1/stm32cubeide/plugins/com.st.stm32cube.ide.mcu.externaltools.gnu-tools-for-stm32.10.3-2021.10.win32_1.0.100.202210260954/tools/bin/../lib/gcc/arm-none-eabi/10.3.1/../../../../arm-none-eabi/lib/thumb/v7e-m+fp/hard\libm.a(lib_a-w_sqrt.o)
                0x000000000800a9a0                sqrt
 .text.__ieee754_pow
                0x000000000800a9f8      0xa5c c:/st/stm32cubeide_1.10.1/stm32cubeide/plugins/com.st.stm32cube.ide.mcu.externaltools.gnu-tools-for-stm32.10.3-2021.10.win32_1.0.100.202210260954/tools/bin/../lib/gcc/arm-none-eabi/10.3.1/../../../../arm-none-eabi/lib/thumb/v7e-m+fp/hard\libm.a(lib_a-e_pow.o)
                0x000000000800a9f8                __ieee754_pow
 *fill*         0x000000000800b454        0x4 
 .text.__ieee754_rem_pio2
                0x000000000800b458      0x418 c:/st/stm32cubeide_1.10.1/stm32cubeide/plugins/com.st.stm32cube.ide.mcu.externaltools.gnu-tools-for-stm32.10.3-2021.10.win32_1.0.100.202210260954/tools/bin/../lib/gcc/arm-none-eabi/10.3.1/../../../../arm-none-eabi/lib/thumb/v7e-m+fp/hard\libm.a(lib_a-e_rem_pio2.o)
                0x000000000800b458                __ieee754_rem_pio2
 .text.__ieee754_sqrt
                0x000000000800b870      0x164 c:/st/stm32cubeide_1.10.1/stm32cubeide/plugins/com.st.stm32cube.ide.mcu.externaltools.gnu-tools-for-stm32.10.3-2021.10.win32_1.0.100.202210260954/tools/bin/../lib/gcc/arm-none-eabi/10.3.1/../../../../arm-none-eabi/lib/thumb/v7e-m+fp/hard\libm.a(lib_a-e_sqrt.o)
                0x000000000800b870                __ieee754_sqrt
 *fill*         0x000000000800b9d4        0x4 
 .text.__kernel_cos
                0x000000000800b9d8      0x18c c:/st/stm32cubeide_1.10.1/stm32cubeide/plugins/com.st.stm32cube.ide.mcu.externaltools.gnu-tools-for-stm32.10.3-2021.10.win32_1.0.100.202210260954/tools/bin/../lib/gcc/arm-none-eabi/10.3.1/../../../../arm-none-eabi/lib/thumb/v7e-m+fp/hard\libm.a(lib_a-k_cos.o)
                0x000000000800b9d8                __kernel_cos
 *fill*         0x000000000800bb64        0x4 
 .text.__kernel_rem_pio2
                0x000000000800bb68      0x69c c:/st/stm32cubeide_1.10.1/stm32cubeide/plugins/com.st.stm32cube.ide.mcu.externaltools.gnu-tools-for-stm32.10.3-2021.10.win32_1.0.100.202210260954/tools/bin/../lib/gcc/arm-none-eabi/10.3.1/../../../../arm-none-eabi/lib/thumb/v7e-m+fp/hard\libm.a(lib_a-k_rem_pio2.o)
                0x000000000800bb68                __kernel_rem_pio2
 *fill*         0x000000000800c204        0x4 
 .text.__kernel_sin
                0x000000000800c208      0x17c c:/st/stm32cubeide_1.10.1/stm32cubeide/plugins/com.st.stm32cube.ide.mcu.externaltools.gnu-tools-for-stm32.10.3-2021.10.win32_1.0.100.202210260954/tools/bin/../lib/gcc/arm-none-eabi/10.3.1/../../../../arm-none-eabi/lib/thumb/v7e-m+fp/hard\libm.a(lib_a-k_sin.o)
                0x000000000800c208                __kernel_sin
 .text.with_errno
                0x000000000800c384       0x14 c:/st/stm32cubeide_1.10.1/stm32cubeide/plugins/com.st.stm32cube.ide.mcu.externaltools.gnu-tools-for-stm32.10.3-2021.10.win32_1.0.100.202210260954/tools/bin/../lib/gcc/arm-none-eabi/10.3.1/../../../../arm-none-eabi/lib/thumb/v7e-m+fp/hard\libm.a(lib_a-math_err.o)
 .text.xflow    0x000000000800c398       0x28 c:/st/stm32cubeide_1.10.1/stm32cubeide/plugins/com.st.stm32cube.ide.mcu.externaltools.gnu-tools-for-stm32.10.3-2021.10.win32_1.0.100.202210260954/tools/bin/../lib/gcc/arm-none-eabi/10.3.1/../../../../arm-none-eabi/lib/thumb/v7e-m+fp/hard\libm.a(lib_a-math_err.o)
 .text.__math_uflow
                0x000000000800c3c0       0x12 c:/st/stm32cubeide_1.10.1/stm32cubeide/plugins/com.st.stm32cube.ide.mcu.externaltools.gnu-tools-for-stm32.10.3-2021.10.win32_1.0.100.202210260954/tools/bin/../lib/gcc/arm-none-eabi/10.3.1/../../../../arm-none-eabi/lib/thumb/v7e-m+fp/hard\libm.a(lib_a-math_err.o)
                0x000000000800c3c0                __math_uflow
 .text.__math_oflow
                0x000000000800c3d2       0x12 c:/st/stm32cubeide_1.10.1/stm32cubeide/plugins/com.st.stm32cube.ide.mcu.externaltools.gnu-tools-for-stm32.10.3-2021.10.win32_1.0.100.202210260954/tools/bin/../lib/gcc/arm-none-eabi/10.3.1/../../../../arm-none-eabi/lib/thumb/v7e-m+fp/hard\libm.a(lib_a-math_err.o)
                0x000000000800c3d2                __math_oflow
 .text.fabs     0x000000000800c3e4       0x12 c:/st/stm32cubeide_1.10.1/stm32cubeide/plugins/com.st.stm32cube.ide.mcu.externaltools.gnu-tools-for-stm32.10.3-2021.10.win32_1.0.100.202210260954/tools/bin/../lib/gcc/arm-none-eabi/10.3.1/../../../../arm-none-eabi/lib/thumb/v7e-m+fp/hard\libm.a(lib_a-s_fabs.o)
                0x000000000800c3e4                fabs
 .text.finite   0x000000000800c3f6       0x16 c:/st/stm32cubeide_1.10.1/stm32cubeide/plugins/com.st.stm32cube.ide.mcu.externaltools.gnu-tools-for-stm32.10.3-2021.10.win32_1.0.100.202210260954/tools/bin/../lib/gcc/arm-none-eabi/10.3.1/../../../../arm-none-eabi/lib/thumb/v7e-m+fp/hard\libm.a(lib_a-s_finite.o)
                0x000000000800c3f6                finite
 *fill*         0x000000000800c40c        0x4 
 .text.floor    0x000000000800c410      0x100 c:/st/stm32cubeide_1.10.1/stm32cubeide/plugins/com.st.stm32cube.ide.mcu.externaltools.gnu-tools-for-stm32.10.3-2021.10.win32_1.0.100.202210260954/tools/bin/../lib/gcc/arm-none-eabi/10.3.1/../../../../arm-none-eabi/lib/thumb/v7e-m+fp/hard\libm.a(lib_a-s_floor.o)
                0x000000000800c410                floor
 .text.scalbn   0x000000000800c510      0x10c c:/st/stm32cubeide_1.10.1/stm32cubeide/plugins/com.st.stm32cube.ide.mcu.externaltools.gnu-tools-for-stm32.10.3-2021.10.win32_1.0.100.202210260954/tools/bin/../lib/gcc/arm-none-eabi/10.3.1/../../../../arm-none-eabi/lib/thumb/v7e-m+fp/hard\libm.a(lib_a-s_scalbn.o)
                0x000000000800c510                scalbn
 *(.glue_7)
 .glue_7        0x000000000800c61c        0x0 linker stubs
 *(.glue_7t)
 .glue_7t       0x000000000800c61c        0x0 linker stubs
 *(.eh_frame)
 .eh_frame      0x000000000800c61c        0x0 c:/st/stm32cubeide_1.10.1/stm32cubeide/plugins/com.st.stm32cube.ide.mcu.externaltools.gnu-tools-for-stm32.10.3-2021.10.win32_1.0.100.202210260954/tools/bin/../lib/gcc/arm-none-eabi/10.3.1/thumb/v7e-m+fp/hard/crtbegin.o
 *(.init)
 .init          0x000000000800c61c        0x4 c:/st/stm32cubeide_1.10.1/stm32cubeide/plugins/com.st.stm32cube.ide.mcu.externaltools.gnu-tools-for-stm32.10.3-2021.10.win32_1.0.100.202210260954/tools/bin/../lib/gcc/arm-none-eabi/10.3.1/thumb/v7e-m+fp/hard/crti.o
                0x000000000800c61c                _init
 .init          0x000000000800c620        0x8 c:/st/stm32cubeide_1.10.1/stm32cubeide/plugins/com.st.stm32cube.ide.mcu.externaltools.gnu-tools-for-stm32.10.3-2021.10.win32_1.0.100.202210260954/tools/bin/../lib/gcc/arm-none-eabi/10.3.1/thumb/v7e-m+fp/hard/crtn.o
 *(.fini)
 .fini          0x000000000800c628        0x4 c:/st/stm32cubeide_1.10.1/stm32cubeide/plugins/com.st.stm32cube.ide.mcu.externaltools.gnu-tools-for-stm32.10.3-2021.10.win32_1.0.100.202210260954/tools/bin/../lib/gcc/arm-none-eabi/10.3.1/thumb/v7e-m+fp/hard/crti.o
                0x000000000800c628                _fini
 .fini          0x000000000800c62c        0x8 c:/st/stm32cubeide_1.10.1/stm32cubeide/plugins/com.st.stm32cube.ide.mcu.externaltools.gnu-tools-for-stm32.10.3-2021.10.win32_1.0.100.202210260954/tools/bin/../lib/gcc/arm-none-eabi/10.3.1/thumb/v7e-m+fp/hard/crtn.o
                0x000000000800c634                . = ALIGN (0x4)
                0x000000000800c634                _etext = .

.vfp11_veneer   0x000000000800c634        0x0
 .vfp11_veneer  0x000000000800c634        0x0 linker stubs

.v4_bx          0x000000000800c634        0x0
 .v4_bx         0x000000000800c634        0x0 linker stubs

.iplt           0x000000000800c634        0x0
 .iplt          0x000000000800c634        0x0 c:/st/stm32cubeide_1.10.1/stm32cubeide/plugins/com.st.stm32cube.ide.mcu.externaltools.gnu-tools-for-stm32.10.3-2021.10.win32_1.0.100.202210260954/tools/bin/../lib/gcc/arm-none-eabi/10.3.1/thumb/v7e-m+fp/hard/crtbegin.o

.rodata         0x000000000800c638      0x4d8
                0x000000000800c638                . = ALIGN (0x4)
 *(.rodata)
 .rodata        0x000000000800c638      0x10a ./Core/Src/app_freertos.o
 *fill*         0x000000000800c742        0x2 
 .rodata        0x000000000800c744        0x5 ./Middlewares/Third_Party/FreeRTOS/Source/tasks.o
 *fill*         0x000000000800c749        0x3 
 .rodata        0x000000000800c74c        0xd ./Middlewares/Third_Party/FreeRTOS/Source/timers.o
 *(.rodata*)
 *fill*         0x000000000800c759        0x3 
 .rodata.Utrassom_attributes
                0x000000000800c75c       0x24 ./Core/Src/app_freertos.o
                0x000000000800c75c                Utrassom_attributes
 .rodata.Comunica_attributes
                0x000000000800c780       0x24 ./Core/Src/app_freertos.o
                0x000000000800c780                Comunica_attributes
 .rodata.Seguidor_attributes
                0x000000000800c7a4       0x24 ./Core/Src/app_freertos.o
                0x000000000800c7a4                Seguidor_attributes
 .rodata.Motores_attributes
                0x000000000800c7c8       0x24 ./Core/Src/app_freertos.o
                0x000000000800c7c8                Motores_attributes
 .rodata.Odometria_attributes
                0x000000000800c7ec       0x24 ./Core/Src/app_freertos.o
                0x000000000800c7ec                Odometria_attributes
 .rodata.SemaphoreMovimenta_attributes
                0x000000000800c810       0x10 ./Core/Src/app_freertos.o
                0x000000000800c810                SemaphoreMovimenta_attributes
 .rodata.SemaphoreComunica_attributes
                0x000000000800c820       0x10 ./Core/Src/app_freertos.o
                0x000000000800c820                SemaphoreComunica_attributes
 .rodata.AHBPrescTable
                0x000000000800c830       0x10 ./Core/Src/system_stm32g4xx.o
                0x000000000800c830                AHBPrescTable
 .rodata.APBPrescTable
                0x000000000800c840        0x8 ./Core/Src/system_stm32g4xx.o
                0x000000000800c840                APBPrescTable
 .rodata.UARTPrescTable
                0x000000000800c848       0x18 ./Drivers/STM32G4xx_HAL_Driver/Src/stm32g4xx_hal_uart.o
                0x000000000800c848                UARTPrescTable
 .rodata.numerator.1
                0x000000000800c860        0x8 ./Drivers/STM32G4xx_HAL_Driver/Src/stm32g4xx_hal_uart_ex.o
 .rodata.denominator.0
                0x000000000800c868        0x8 ./Drivers/STM32G4xx_HAL_Driver/Src/stm32g4xx_hal_uart_ex.o
 .rodata.__sf_fake_stderr
                0x000000000800c870       0x20 c:/st/stm32cubeide_1.10.1/stm32cubeide/plugins/com.st.stm32cube.ide.mcu.externaltools.gnu-tools-for-stm32.10.3-2021.10.win32_1.0.100.202210260954/tools/bin/../lib/gcc/arm-none-eabi/10.3.1/../../../../arm-none-eabi/lib/thumb/v7e-m+fp/hard\libc_nano.a(lib_a-findfp.o)
                0x000000000800c870                __sf_fake_stderr
 .rodata.__sf_fake_stdin
                0x000000000800c890       0x20 c:/st/stm32cubeide_1.10.1/stm32cubeide/plugins/com.st.stm32cube.ide.mcu.externaltools.gnu-tools-for-stm32.10.3-2021.10.win32_1.0.100.202210260954/tools/bin/../lib/gcc/arm-none-eabi/10.3.1/../../../../arm-none-eabi/lib/thumb/v7e-m+fp/hard\libc_nano.a(lib_a-findfp.o)
                0x000000000800c890                __sf_fake_stdin
 .rodata.__sf_fake_stdout
                0x000000000800c8b0       0x20 c:/st/stm32cubeide_1.10.1/stm32cubeide/plugins/com.st.stm32cube.ide.mcu.externaltools.gnu-tools-for-stm32.10.3-2021.10.win32_1.0.100.202210260954/tools/bin/../lib/gcc/arm-none-eabi/10.3.1/../../../../arm-none-eabi/lib/thumb/v7e-m+fp/hard\libc_nano.a(lib_a-findfp.o)
                0x000000000800c8b0                __sf_fake_stdout
 .rodata._svfprintf_r.str1.1
                0x000000000800c8d0       0x11 c:/st/stm32cubeide_1.10.1/stm32cubeide/plugins/com.st.stm32cube.ide.mcu.externaltools.gnu-tools-for-stm32.10.3-2021.10.win32_1.0.100.202210260954/tools/bin/../lib/gcc/arm-none-eabi/10.3.1/../../../../arm-none-eabi/lib/thumb/v7e-m+fp/hard\libc_nano.a(lib_a-nano-svfprintf.o)
 .rodata._printf_i.str1.1
                0x000000000800c8e1       0x22 c:/st/stm32cubeide_1.10.1/stm32cubeide/plugins/com.st.stm32cube.ide.mcu.externaltools.gnu-tools-for-stm32.10.3-2021.10.win32_1.0.100.202210260954/tools/bin/../lib/gcc/arm-none-eabi/10.3.1/../../../../arm-none-eabi/lib/thumb/v7e-m+fp/hard\libc_nano.a(lib_a-nano-vfprintf_i.o)
 *fill*         0x000000000800c903        0x5 
 .rodata.bp     0x000000000800c908       0x10 c:/st/stm32cubeide_1.10.1/stm32cubeide/plugins/com.st.stm32cube.ide.mcu.externaltools.gnu-tools-for-stm32.10.3-2021.10.win32_1.0.100.202210260954/tools/bin/../lib/gcc/arm-none-eabi/10.3.1/../../../../arm-none-eabi/lib/thumb/v7e-m+fp/hard\libm.a(lib_a-e_pow.o)
 .rodata.dp_h   0x000000000800c918       0x10 c:/st/stm32cubeide_1.10.1/stm32cubeide/plugins/com.st.stm32cube.ide.mcu.externaltools.gnu-tools-for-stm32.10.3-2021.10.win32_1.0.100.202210260954/tools/bin/../lib/gcc/arm-none-eabi/10.3.1/../../../../arm-none-eabi/lib/thumb/v7e-m+fp/hard\libm.a(lib_a-e_pow.o)
 .rodata.dp_l   0x000000000800c928       0x10 c:/st/stm32cubeide_1.10.1/stm32cubeide/plugins/com.st.stm32cube.ide.mcu.externaltools.gnu-tools-for-stm32.10.3-2021.10.win32_1.0.100.202210260954/tools/bin/../lib/gcc/arm-none-eabi/10.3.1/../../../../arm-none-eabi/lib/thumb/v7e-m+fp/hard\libm.a(lib_a-e_pow.o)
 .rodata.npio2_hw
                0x000000000800c938       0x80 c:/st/stm32cubeide_1.10.1/stm32cubeide/plugins/com.st.stm32cube.ide.mcu.externaltools.gnu-tools-for-stm32.10.3-2021.10.win32_1.0.100.202210260954/tools/bin/../lib/gcc/arm-none-eabi/10.3.1/../../../../arm-none-eabi/lib/thumb/v7e-m+fp/hard\libm.a(lib_a-e_rem_pio2.o)
 .rodata.two_over_pi
                0x000000000800c9b8      0x108 c:/st/stm32cubeide_1.10.1/stm32cubeide/plugins/com.st.stm32cube.ide.mcu.externaltools.gnu-tools-for-stm32.10.3-2021.10.win32_1.0.100.202210260954/tools/bin/../lib/gcc/arm-none-eabi/10.3.1/../../../../arm-none-eabi/lib/thumb/v7e-m+fp/hard\libm.a(lib_a-e_rem_pio2.o)
 .rodata.PIo2   0x000000000800cac0       0x40 c:/st/stm32cubeide_1.10.1/stm32cubeide/plugins/com.st.stm32cube.ide.mcu.externaltools.gnu-tools-for-stm32.10.3-2021.10.win32_1.0.100.202210260954/tools/bin/../lib/gcc/arm-none-eabi/10.3.1/../../../../arm-none-eabi/lib/thumb/v7e-m+fp/hard\libm.a(lib_a-k_rem_pio2.o)
 .rodata.init_jk
                0x000000000800cb00       0x10 c:/st/stm32cubeide_1.10.1/stm32cubeide/plugins/com.st.stm32cube.ide.mcu.externaltools.gnu-tools-for-stm32.10.3-2021.10.win32_1.0.100.202210260954/tools/bin/../lib/gcc/arm-none-eabi/10.3.1/../../../../arm-none-eabi/lib/thumb/v7e-m+fp/hard\libm.a(lib_a-k_rem_pio2.o)
                0x000000000800cb10                . = ALIGN (0x4)

.ARM.extab      0x000000000800cb10        0x0
                0x000000000800cb10                . = ALIGN (0x4)
 *(.ARM.extab* .gnu.linkonce.armextab.*)
                0x000000000800cb10                . = ALIGN (0x4)

.ARM            0x000000000800cb10        0x8
                0x000000000800cb10                . = ALIGN (0x4)
                0x000000000800cb10                __exidx_start = .
 *(.ARM.exidx*)
 .ARM.exidx     0x000000000800cb10        0x8 c:/st/stm32cubeide_1.10.1/stm32cubeide/plugins/com.st.stm32cube.ide.mcu.externaltools.gnu-tools-for-stm32.10.3-2021.10.win32_1.0.100.202210260954/tools/bin/../lib/gcc/arm-none-eabi/10.3.1/thumb/v7e-m+fp/hard\libgcc.a(_udivmoddi4.o)
                0x000000000800cb18                __exidx_end = .
                0x000000000800cb18                . = ALIGN (0x4)

.rel.dyn        0x000000000800cb18        0x0
 .rel.iplt      0x000000000800cb18        0x0 c:/st/stm32cubeide_1.10.1/stm32cubeide/plugins/com.st.stm32cube.ide.mcu.externaltools.gnu-tools-for-stm32.10.3-2021.10.win32_1.0.100.202210260954/tools/bin/../lib/gcc/arm-none-eabi/10.3.1/thumb/v7e-m+fp/hard/crtbegin.o

.preinit_array  0x000000000800cb18        0x0
                0x000000000800cb18                . = ALIGN (0x4)
                0x000000000800cb18                PROVIDE (__preinit_array_start = .)
 *(.preinit_array*)
                0x000000000800cb18                PROVIDE (__preinit_array_end = .)
                0x000000000800cb18                . = ALIGN (0x4)

.init_array     0x000000000800cb18        0x4
                0x000000000800cb18                . = ALIGN (0x4)
                0x000000000800cb18                PROVIDE (__init_array_start = .)
 *(SORT_BY_NAME(.init_array.*))
 *(.init_array*)
 .init_array    0x000000000800cb18        0x4 c:/st/stm32cubeide_1.10.1/stm32cubeide/plugins/com.st.stm32cube.ide.mcu.externaltools.gnu-tools-for-stm32.10.3-2021.10.win32_1.0.100.202210260954/tools/bin/../lib/gcc/arm-none-eabi/10.3.1/thumb/v7e-m+fp/hard/crtbegin.o
                0x000000000800cb1c                PROVIDE (__init_array_end = .)
                0x000000000800cb1c                . = ALIGN (0x4)

.fini_array     0x000000000800cb1c        0x4
                0x000000000800cb1c                . = ALIGN (0x4)
                [!provide]                        PROVIDE (__fini_array_start = .)
 *(SORT_BY_NAME(.fini_array.*))
 *(.fini_array*)
 .fini_array    0x000000000800cb1c        0x4 c:/st/stm32cubeide_1.10.1/stm32cubeide/plugins/com.st.stm32cube.ide.mcu.externaltools.gnu-tools-for-stm32.10.3-2021.10.win32_1.0.100.202210260954/tools/bin/../lib/gcc/arm-none-eabi/10.3.1/thumb/v7e-m+fp/hard/crtbegin.o
                [!provide]                        PROVIDE (__fini_array_end = .)
                0x000000000800cb20                . = ALIGN (0x4)
                0x000000000800cb20                _sidata = LOADADDR (.data)

.data           0x0000000020000000       0x80 load address 0x000000000800cb20
                0x0000000020000000                . = ALIGN (0x4)
                0x0000000020000000                _sdata = .
 *(.data)
 *(.data*)
 .data.uiIsFirst
                0x0000000020000000        0x1 ./Core/Src/app_freertos.o
                0x0000000020000000                uiIsFirst
 *fill*         0x0000000020000001        0x3 
 .data.fVelocidade
                0x0000000020000004        0x4 ./Core/Src/app_freertos.o
                0x0000000020000004                fVelocidade
 .data.cData    0x0000000020000008        0x1 ./Core/Src/app_freertos.o
                0x0000000020000008                cData
 *fill*         0x0000000020000009        0x3 
 .data.SystemCoreClock
                0x000000002000000c        0x4 ./Core/Src/system_stm32g4xx.o
                0x000000002000000c                SystemCoreClock
 .data.uwTickPrio
                0x0000000020000010        0x4 ./Drivers/STM32G4xx_HAL_Driver/Src/stm32g4xx_hal.o
                0x0000000020000010                uwTickPrio
 .data.uwTickFreq
                0x0000000020000014        0x4 ./Drivers/STM32G4xx_HAL_Driver/Src/stm32g4xx_hal.o
                0x0000000020000014                uwTickFreq
 .data.uxCriticalNesting
                0x0000000020000018        0x4 ./Middlewares/Third_Party/FreeRTOS/Source/portable/GCC/ARM_CM4F/port.o
 .data._impure_ptr
                0x000000002000001c        0x4 c:/st/stm32cubeide_1.10.1/stm32cubeide/plugins/com.st.stm32cube.ide.mcu.externaltools.gnu-tools-for-stm32.10.3-2021.10.win32_1.0.100.202210260954/tools/bin/../lib/gcc/arm-none-eabi/10.3.1/../../../../arm-none-eabi/lib/thumb/v7e-m+fp/hard\libc_nano.a(lib_a-impure.o)
                0x000000002000001c                _impure_ptr
 .data.impure_data
                0x0000000020000020       0x60 c:/st/stm32cubeide_1.10.1/stm32cubeide/plugins/com.st.stm32cube.ide.mcu.externaltools.gnu-tools-for-stm32.10.3-2021.10.win32_1.0.100.202210260954/tools/bin/../lib/gcc/arm-none-eabi/10.3.1/../../../../arm-none-eabi/lib/thumb/v7e-m+fp/hard\libc_nano.a(lib_a-impure.o)
 *(.RamFunc)
 *(.RamFunc*)
                0x0000000020000080                . = ALIGN (0x4)
                0x0000000020000080                _edata = .

.igot.plt       0x0000000020000080        0x0 load address 0x000000000800cba0
 .igot.plt      0x0000000020000080        0x0 c:/st/stm32cubeide_1.10.1/stm32cubeide/plugins/com.st.stm32cube.ide.mcu.externaltools.gnu-tools-for-stm32.10.3-2021.10.win32_1.0.100.202210260954/tools/bin/../lib/gcc/arm-none-eabi/10.3.1/thumb/v7e-m+fp/hard/crtbegin.o
                0x0000000020000080                . = ALIGN (0x4)

.bss            0x0000000020000080     0x25ec load address 0x000000000800cba0
                0x0000000020000080                _sbss = .
                0x0000000020000080                __bss_start__ = _sbss
 *(.bss)
 .bss           0x0000000020000080       0x1c c:/st/stm32cubeide_1.10.1/stm32cubeide/plugins/com.st.stm32cube.ide.mcu.externaltools.gnu-tools-for-stm32.10.3-2021.10.win32_1.0.100.202210260954/tools/bin/../lib/gcc/arm-none-eabi/10.3.1/thumb/v7e-m+fp/hard/crtbegin.o
 *(.bss*)
 .bss.lValor1   0x000000002000009c        0x4 ./Core/Src/app_freertos.o
                0x000000002000009c                lValor1
 .bss.lValor2   0x00000000200000a0        0x4 ./Core/Src/app_freertos.o
                0x00000000200000a0                lValor2
 .bss.fDiferenca
                0x00000000200000a4        0x4 ./Core/Src/app_freertos.o
                0x00000000200000a4                fDiferenca
 .bss.fDistancia
                0x00000000200000a8        0x4 ./Core/Src/app_freertos.o
                0x00000000200000a8                fDistancia
 .bss.fWAngularD
                0x00000000200000ac        0x4 ./Core/Src/app_freertos.o
                0x00000000200000ac                fWAngularD
 .bss.fWAngularE
                0x00000000200000b0        0x4 ./Core/Src/app_freertos.o
                0x00000000200000b0                fWAngularE
 .bss.fPIDVal_D
                0x00000000200000b4        0x4 ./Core/Src/app_freertos.o
                0x00000000200000b4                fPIDVal_D
 .bss.fPIDVal_E
                0x00000000200000b8        0x4 ./Core/Src/app_freertos.o
                0x00000000200000b8                fPIDVal_E
 .bss.fVE       0x00000000200000bc        0x4 ./Core/Src/app_freertos.o
                0x00000000200000bc                fVE
 .bss.fVD       0x00000000200000c0        0x4 ./Core/Src/app_freertos.o
                0x00000000200000c0                fVD
 .bss.fTeta     0x00000000200000c4        0x4 ./Core/Src/app_freertos.o
                0x00000000200000c4                fTeta
 .bss.fX        0x00000000200000c8        0x4 ./Core/Src/app_freertos.o
                0x00000000200000c8                fX
 .bss.fY        0x00000000200000cc        0x4 ./Core/Src/app_freertos.o
                0x00000000200000cc                fY
 .bss.fDistanciaO
                0x00000000200000d0        0x4 ./Core/Src/app_freertos.o
                0x00000000200000d0                fDistanciaO
 .bss.ulPulsesE
                0x00000000200000d4        0x4 ./Core/Src/app_freertos.o
                0x00000000200000d4                ulPulsesE
 .bss.fWE       0x00000000200000d8        0x4 ./Core/Src/app_freertos.o
                0x00000000200000d8                fWE
 .bss.ulPulsesD
                0x00000000200000dc        0x4 ./Core/Src/app_freertos.o
                0x00000000200000dc                ulPulsesD
 .bss.fWD       0x00000000200000e0        0x4 ./Core/Src/app_freertos.o
                0x00000000200000e0                fWD
 .bss.uiStart   0x00000000200000e4        0x4 ./Core/Src/app_freertos.o
                0x00000000200000e4                uiStart
 .bss.uiBloqueado
                0x00000000200000e8        0x4 ./Core/Src/app_freertos.o
                0x00000000200000e8                uiBloqueado
 .bss.uiCountSeguidor
                0x00000000200000ec        0x4 ./Core/Src/app_freertos.o
                0x00000000200000ec                uiCountSeguidor
 .bss.cMostrar  0x00000000200000f0       0x64 ./Core/Src/app_freertos.o
                0x00000000200000f0                cMostrar
 .bss.UtrassomHandle
                0x0000000020000154        0x4 ./Core/Src/app_freertos.o
                0x0000000020000154                UtrassomHandle
 .bss.ComunicaHandle
                0x0000000020000158        0x4 ./Core/Src/app_freertos.o
                0x0000000020000158                ComunicaHandle
 .bss.SeguidorHandle
                0x000000002000015c        0x4 ./Core/Src/app_freertos.o
                0x000000002000015c                SeguidorHandle
 .bss.MotoresHandle
                0x0000000020000160        0x4 ./Core/Src/app_freertos.o
                0x0000000020000160                MotoresHandle
 .bss.OdometriaHandle
                0x0000000020000164        0x4 ./Core/Src/app_freertos.o
                0x0000000020000164                OdometriaHandle
 .bss.SemaphoreMovimentaHandle
                0x0000000020000168        0x4 ./Core/Src/app_freertos.o
                0x0000000020000168                SemaphoreMovimentaHandle
 .bss.SemaphoreComunicaHandle
                0x000000002000016c        0x4 ./Core/Src/app_freertos.o
                0x000000002000016c                SemaphoreComunicaHandle
 .bss.fKpE      0x0000000020000170        0x4 ./Core/Src/pid.o
                0x0000000020000170                fKpE
 .bss.fKiE      0x0000000020000174        0x4 ./Core/Src/pid.o
                0x0000000020000174                fKiE
 .bss.fKdE      0x0000000020000178        0x4 ./Core/Src/pid.o
                0x0000000020000178                fKdE
 .bss.fTsE      0x000000002000017c        0x4 ./Core/Src/pid.o
                0x000000002000017c                fTsE
 .bss.fOutminE  0x0000000020000180        0x4 ./Core/Src/pid.o
                0x0000000020000180                fOutminE
 .bss.fOutmaxE  0x0000000020000184        0x4 ./Core/Src/pid.o
                0x0000000020000184                fOutmaxE
 .bss.fKpD      0x0000000020000188        0x4 ./Core/Src/pid.o
                0x0000000020000188                fKpD
 .bss.fKiD      0x000000002000018c        0x4 ./Core/Src/pid.o
                0x000000002000018c                fKiD
 .bss.fKdD      0x0000000020000190        0x4 ./Core/Src/pid.o
                0x0000000020000190                fKdD
 .bss.fTsD      0x0000000020000194        0x4 ./Core/Src/pid.o
                0x0000000020000194                fTsD
 .bss.fOutminD  0x0000000020000198        0x4 ./Core/Src/pid.o
                0x0000000020000198                fOutminD
 .bss.fOutmaxD  0x000000002000019c        0x4 ./Core/Src/pid.o
                0x000000002000019c                fOutmaxD
 .bss.fErrorI_E
                0x00000000200001a0        0x4 ./Core/Src/pid.o
                0x00000000200001a0                fErrorI_E
 .bss.fErrorD_E
                0x00000000200001a4        0x4 ./Core/Src/pid.o
                0x00000000200001a4                fErrorD_E
 .bss.fErrorI_D
                0x00000000200001a8        0x4 ./Core/Src/pid.o
                0x00000000200001a8                fErrorI_D
 .bss.fErrorD_D
                0x00000000200001ac        0x4 ./Core/Src/pid.o
                0x00000000200001ac                fErrorD_D
 .bss.__sbrk_heap_end
                0x00000000200001b0        0x4 ./Core/Src/sysmem.o
 .bss.htim1     0x00000000200001b4       0x4c ./Core/Src/tim.o
                0x00000000200001b4                htim1
 .bss.htim2     0x0000000020000200       0x4c ./Core/Src/tim.o
                0x0000000020000200                htim2
 .bss.htim3     0x000000002000024c       0x4c ./Core/Src/tim.o