Archive member included to satisfy reference by file (symbol)

c:/st/stm32cubeide_1.10.1/stm32cubeide/plugins/com.st.stm32cube.ide.mcu.externaltools.gnu-tools-for-stm32.10.3-2021.10.win32_1.0.0.202111181127/tools/bin/../lib/gcc/arm-none-eabi/10.3.1/../../../../arm-none-eabi/lib/thumb/v7e-m+fp/hard\libc_nano.a(lib_a-errno.o)
                              ./Core/Src/syscalls.o (__errno)
c:/st/stm32cubeide_1.10.1/stm32cubeide/plugins/com.st.stm32cube.ide.mcu.externaltools.gnu-tools-for-stm32.10.3-2021.10.win32_1.0.0.202111181127/tools/bin/../lib/gcc/arm-none-eabi/10.3.1/../../../../arm-none-eabi/lib/thumb/v7e-m+fp/hard\libc_nano.a(lib_a-exit.o)
                              c:/st/stm32cubeide_1.10.1/stm32cubeide/plugins/com.st.stm32cube.ide.mcu.externaltools.gnu-tools-for-stm32.10.3-2021.10.win32_1.0.0.202111181127/tools/bin/../lib/gcc/arm-none-eabi/10.3.1/../../../../arm-none-eabi/lib/thumb/v7e-m+fp/hard/crt0.o (exit)
c:/st/stm32cubeide_1.10.1/stm32cubeide/plugins/com.st.stm32cube.ide.mcu.externaltools.gnu-tools-for-stm32.10.3-2021.10.win32_1.0.0.202111181127/tools/bin/../lib/gcc/arm-none-eabi/10.3.1/../../../../arm-none-eabi/lib/thumb/v7e-m+fp/hard\libc_nano.a(lib_a-findfp.o)
                              ./Middlewares/Third_Party/FreeRTOS/Source/tasks.o (__sf_fake_stderr)
c:/st/stm32cubeide_1.10.1/stm32cubeide/plugins/com.st.stm32cube.ide.mcu.externaltools.gnu-tools-for-stm32.10.3-2021.10.win32_1.0.0.202111181127/tools/bin/../lib/gcc/arm-none-eabi/10.3.1/../../../../arm-none-eabi/lib/thumb/v7e-m+fp/hard\libc_nano.a(lib_a-fwalk.o)
                              c:/st/stm32cubeide_1.10.1/stm32cubeide/plugins/com.st.stm32cube.ide.mcu.externaltools.gnu-tools-for-stm32.10.3-2021.10.win32_1.0.0.202111181127/tools/bin/../lib/gcc/arm-none-eabi/10.3.1/../../../../arm-none-eabi/lib/thumb/v7e-m+fp/hard\libc_nano.a(lib_a-findfp.o) (_fwalk)
c:/st/stm32cubeide_1.10.1/stm32cubeide/plugins/com.st.stm32cube.ide.mcu.externaltools.gnu-tools-for-stm32.10.3-2021.10.win32_1.0.0.202111181127/tools/bin/../lib/gcc/arm-none-eabi/10.3.1/../../../../arm-none-eabi/lib/thumb/v7e-m+fp/hard\libc_nano.a(lib_a-impure.o)
                              c:/st/stm32cubeide_1.10.1/stm32cubeide/plugins/com.st.stm32cube.ide.mcu.externaltools.gnu-tools-for-stm32.10.3-2021.10.win32_1.0.0.202111181127/tools/bin/../lib/gcc/arm-none-eabi/10.3.1/../../../../arm-none-eabi/lib/thumb/v7e-m+fp/hard\libc_nano.a(lib_a-exit.o) (_global_impure_ptr)
c:/st/stm32cubeide_1.10.1/stm32cubeide/plugins/com.st.stm32cube.ide.mcu.externaltools.gnu-tools-for-stm32.10.3-2021.10.win32_1.0.0.202111181127/tools/bin/../lib/gcc/arm-none-eabi/10.3.1/../../../../arm-none-eabi/lib/thumb/v7e-m+fp/hard\libc_nano.a(lib_a-init.o)
                              c:/st/stm32cubeide_1.10.1/stm32cubeide/plugins/com.st.stm32cube.ide.mcu.externaltools.gnu-tools-for-stm32.10.3-2021.10.win32_1.0.0.202111181127/tools/bin/../lib/gcc/arm-none-eabi/10.3.1/../../../../arm-none-eabi/lib/thumb/v7e-m+fp/hard/crt0.o (__libc_init_array)
c:/st/stm32cubeide_1.10.1/stm32cubeide/plugins/com.st.stm32cube.ide.mcu.externaltools.gnu-tools-for-stm32.10.3-2021.10.win32_1.0.0.202111181127/tools/bin/../lib/gcc/arm-none-eabi/10.3.1/../../../../arm-none-eabi/lib/thumb/v7e-m+fp/hard\libc_nano.a(lib_a-lock.o)
                              c:/st/stm32cubeide_1.10.1/stm32cubeide/plugins/com.st.stm32cube.ide.mcu.externaltools.gnu-tools-for-stm32.10.3-2021.10.win32_1.0.0.202111181127/tools/bin/../lib/gcc/arm-none-eabi/10.3.1/../../../../arm-none-eabi/lib/thumb/v7e-m+fp/hard\libc_nano.a(lib_a-findfp.o) (__retarget_lock_init_recursive)
c:/st/stm32cubeide_1.10.1/stm32cubeide/plugins/com.st.stm32cube.ide.mcu.externaltools.gnu-tools-for-stm32.10.3-2021.10.win32_1.0.0.202111181127/tools/bin/../lib/gcc/arm-none-eabi/10.3.1/../../../../arm-none-eabi/lib/thumb/v7e-m+fp/hard\libc_nano.a(lib_a-memcpy-stub.o)
                              ./Middlewares/Third_Party/FreeRTOS/Source/CMSIS_RTOS_V2/cmsis_os2.o (memcpy)
c:/st/stm32cubeide_1.10.1/stm32cubeide/plugins/com.st.stm32cube.ide.mcu.externaltools.gnu-tools-for-stm32.10.3-2021.10.win32_1.0.0.202111181127/tools/bin/../lib/gcc/arm-none-eabi/10.3.1/../../../../arm-none-eabi/lib/thumb/v7e-m+fp/hard\libc_nano.a(lib_a-memset.o)
                              c:/st/stm32cubeide_1.10.1/stm32cubeide/plugins/com.st.stm32cube.ide.mcu.externaltools.gnu-tools-for-stm32.10.3-2021.10.win32_1.0.0.202111181127/tools/bin/../lib/gcc/arm-none-eabi/10.3.1/../../../../arm-none-eabi/lib/thumb/v7e-m+fp/hard/crt0.o (memset)
c:/st/stm32cubeide_1.10.1/stm32cubeide/plugins/com.st.stm32cube.ide.mcu.externaltools.gnu-tools-for-stm32.10.3-2021.10.win32_1.0.0.202111181127/tools/bin/../lib/gcc/arm-none-eabi/10.3.1/../../../../arm-none-eabi/lib/thumb/v7e-m+fp/hard\libc_nano.a(lib_a-nano-mallocr.o)
[...]
Memory Configuration

Name             Origin             Length             Attributes
RAM              0x0000000020000000 0x0000000000020000 xrw
FLASH            0x0000000008000000 0x0000000000080000 xr
*default*        0x0000000000000000 0xffffffffffffffff

Linker script and memory map

LOAD c:/st/stm32cubeide_1.10.1/stm32cubeide/plugins/com.st.stm32cube.ide.mcu.externaltools.gnu-tools-for-stm32.10.3-2021.10.win32_1.0.0.202111181127/tools/bin/../lib/gcc/arm-none-eabi/10.3.1/thumb/v7e-m+fp/hard/crti.o
LOAD c:/st/stm32cubeide_1.10.1/stm32cubeide/plugins/com.st.stm32cube.ide.mcu.externaltools.gnu-tools-for-stm32.10.3-2021.10.win32_1.0.0.202111181127/tools/bin/../lib/gcc/arm-none-eabi/10.3.1/thumb/v7e-m+fp/hard/crtbegin.o
LOAD c:/st/stm32cubeide_1.10.1/stm32cubeide/plugins/com.st.stm32cube.ide.mcu.externaltools.gnu-tools-for-stm32.10.3-2021.10.win32_1.0.0.202111181127/tools/bin/../lib/gcc/arm-none-eabi/10.3.1/../../../../arm-none-eabi/lib/thumb/v7e-m+fp/hard/crt0.o
LOAD ./Core/Src/app_freertos.o
LOAD ./Core/Src/gpio.o
LOAD ./Core/Src/main.o
LOAD ./Core/Src/stm32g4xx_hal_msp.o
LOAD ./Core/Src/stm32g4xx_it.o
LOAD ./Core/Src/syscalls.o
LOAD ./Core/Src/sysmem.o
LOAD ./Core/Src/system_stm32g4xx.o
LOAD ./Core/Src/tim.o
LOAD ./Core/Src/usart.o
LOAD ./Core/Startup/startup_stm32g474retx.o
LOAD ./Drivers/STM32G4xx_HAL_Driver/Src/stm32g4xx_hal.o
LOAD ./Drivers/STM32G4xx_HAL_Driver/Src/stm32g4xx_hal_cortex.o
LOAD ./Drivers/STM32G4xx_HAL_Driver/Src/stm32g4xx_hal_dma.o
LOAD ./Drivers/STM32G4xx_HAL_Driver/Src/stm32g4xx_hal_dma_ex.o
LOAD ./Drivers/STM32G4xx_HAL_Driver/Src/stm32g4xx_hal_exti.o
LOAD ./Drivers/STM32G4xx_HAL_Driver/Src/stm32g4xx_hal_flash.o
LOAD ./Drivers/STM32G4xx_HAL_Driver/Src/stm32g4xx_hal_flash_ex.o
LOAD ./Drivers/STM32G4xx_HAL_Driver/Src/stm32g4xx_hal_flash_ramfunc.o
LOAD ./Drivers/STM32G4xx_HAL_Driver/Src/stm32g4xx_hal_gpio.o
LOAD ./Drivers/STM32G4xx_HAL_Driver/Src/stm32g4xx_hal_pwr.o
LOAD ./Drivers/STM32G4xx_HAL_Driver/Src/stm32g4xx_hal_pwr_ex.o
LOAD ./Drivers/STM32G4xx_HAL_Driver/Src/stm32g4xx_hal_rcc.o
LOAD ./Drivers/STM32G4xx_HAL_Driver/Src/stm32g4xx_hal_rcc_ex.o
LOAD ./Drivers/STM32G4xx_HAL_Driver/Src/stm32g4xx_hal_tim.o
LOAD ./Drivers/STM32G4xx_HAL_Driver/Src/stm32g4xx_hal_tim_ex.o
LOAD ./Drivers/STM32G4xx_HAL_Driver/Src/stm32g4xx_hal_uart.o
LOAD ./Drivers/STM32G4xx_HAL_Driver/Src/stm32g4xx_hal_uart_ex.o
LOAD ./Middlewares/Third_Party/FreeRTOS/Source/CMSIS_RTOS_V2/cmsis_os2.o
LOAD ./Middlewares/Third_Party/FreeRTOS/Source/croutine.o
LOAD ./Middlewares/Third_Party/FreeRTOS/Source/event_groups.o
LOAD ./Middlewares/Third_Party/FreeRTOS/Source/list.o
LOAD ./Middlewares/Third_Party/FreeRTOS/Source/queue.o
LOAD ./Middlewares/Third_Party/FreeRTOS/Source/stream_buffer.o
LOAD ./Middlewares/Third_Party/FreeRTOS/Source/tasks.o
LOAD ./Middlewares/Third_Party/FreeRTOS/Source/timers.o
LOAD ./Middlewares/Third_Party/FreeRTOS/Source/portable/GCC/ARM_CM4F/port.o
LOAD ./Middlewares/Third_Party/FreeRTOS/Source/portable/MemMang/heap_4.o
START GROUP
LOAD c:/st/stm32cubeide_1.10.1/stm32cubeide/plugins/com.st.stm32cube.ide.mcu.externaltools.gnu-tools-for-stm32.10.3-2021.10.win32_1.0.0.202111181127/tools/bin/../lib/gcc/arm-none-eabi/10.3.1/../../../../arm-none-eabi/lib/thumb/v7e-m+fp/hard\libc_nano.a
LOAD c:/st/stm32cubeide_1.10.1/stm32cubeide/plugins/com.st.stm32cube.ide.mcu.externaltools.gnu-tools-for-stm32.10.3-2021.10.win32_1.0.0.202111181127/tools/bin/../lib/gcc/arm-none-eabi/10.3.1/../../../../arm-none-eabi/lib/thumb/v7e-m+fp/hard\libm.a
END GROUP
START GROUP
LOAD c:/st/stm32cubeide_1.10.1/stm32cubeide/plugins/com.st.stm32cube.ide.mcu.externaltools.gnu-tools-for-stm32.10.3-2021.10.win32_1.0.0.202111181127/tools/bin/../lib/gcc/arm-none-eabi/10.3.1/thumb/v7e-m+fp/hard\libgcc.a
LOAD c:/st/stm32cubeide_1.10.1/stm32cubeide/plugins/com.st.stm32cube.ide.mcu.externaltools.gnu-tools-for-stm32.10.3-2021.10.win32_1.0.0.202111181127/tools/bin/../lib/gcc/arm-none-eabi/10.3.1/../../../../arm-none-eabi/lib/thumb/v7e-m+fp/hard\libc_nano.a
END GROUP
START GROUP
LOAD c:/st/stm32cubeide_1.10.1/stm32cubeide/plugins/com.st.stm32cube.ide.mcu.externaltools.gnu-tools-for-stm32.10.3-2021.10.win32_1.0.0.202111181127/tools/bin/../lib/gcc/arm-none-eabi/10.3.1/thumb/v7e-m+fp/hard\libgcc.a
LOAD c:/st/stm32cubeide_1.10.1/stm32cubeide/plugins/com.st.stm32cube.ide.mcu.externaltools.gnu-tools-for-stm32.10.3-2021.10.win32_1.0.0.202111181127/tools/bin/../lib/gcc/arm-none-eabi/10.3.1/../../../../arm-none-eabi/lib/thumb/v7e-m+fp/hard\libc_nano.a
LOAD c:/st/stm32cubeide_1.10.1/stm32cubeide/plugins/com.st.stm32cube.ide.mcu.externaltools.gnu-tools-for-stm32.10.3-2021.10.win32_1.0.0.202111181127/tools/bin/../lib/gcc/arm-none-eabi/10.3.1/../../../../arm-none-eabi/lib/thumb/v7e-m+fp/hard\libnosys.a
END GROUP
START GROUP
LOAD c:/st/stm32cubeide_1.10.1/stm32cubeide/plugins/com.st.stm32cube.ide.mcu.externaltools.gnu-tools-for-stm32.10.3-2021.10.win32_1.0.0.202111181127/tools/bin/../lib/gcc/arm-none-eabi/10.3.1/thumb/v7e-m+fp/hard\libgcc.a
LOAD c:/st/stm32cubeide_1.10.1/stm32cubeide/plugins/com.st.stm32cube.ide.mcu.externaltools.gnu-tools-for-stm32.10.3-2021.10.win32_1.0.0.202111181127/tools/bin/../lib/gcc/arm-none-eabi/10.3.1/../../../../arm-none-eabi/lib/thumb/v7e-m+fp/hard\libc_nano.a
LOAD c:/st/stm32cubeide_1.10.1/stm32cubeide/plugins/com.st.stm32cube.ide.mcu.externaltools.gnu-tools-for-stm32.10.3-2021.10.win32_1.0.0.202111181127/tools/bin/../lib/gcc/arm-none-eabi/10.3.1/../../../../arm-none-eabi/lib/thumb/v7e-m+fp/hard\libnosys.a
END GROUP
LOAD c:/st/stm32cubeide_1.10.1/stm32cubeide/plugins/com.st.stm32cube.ide.mcu.externaltools.gnu-tools-for-stm32.10.3-2021.10.win32_1.0.0.202111181127/tools/bin/../lib/gcc/arm-none-eabi/10.3.1/thumb/v7e-m+fp/hard/crtend.o
LOAD c:/st/stm32cubeide_1.10.1/stm32cubeide/plugins/com.st.stm32cube.ide.mcu.externaltools.gnu-tools-for-stm32.10.3-2021.10.win32_1.0.0.202111181127/tools/bin/../lib/gcc/arm-none-eabi/10.3.1/thumb/v7e-m+fp/hard/crtn.o
                0x0000000020020000                _estack = (ORIGIN (RAM) + LENGTH (RAM))
                0x0000000000000200                _Min_Heap_Size = 0x200
                0x0000000000000400                _Min_Stack_Size = 0x400

.isr_vector     0x0000000008000000      0x1d8
                0x0000000008000000                . = ALIGN (0x4)
 *(.isr_vector)
 .isr_vector    0x0000000008000000      0x1d8 ./Core/Startup/startup_stm32g474retx.o
                0x0000000008000000                g_pfnVectors
                0x00000000080001d8                . = ALIGN (0x4)

.text           0x00000000080001e0     0xac48
                0x00000000080001e0                . = ALIGN (0x4)
 *(.text)
 .text          0x00000000080001e0       0x40 c:/st/stm32cubeide_1.10.1/stm32cubeide/plugins/com.st.stm32cube.ide.mcu.externaltools.gnu-tools-for-stm32.10.3-2021.10.win32_1.0.0.202111181127/tools/bin/../lib/gcc/arm-none-eabi/10.3.1/thumb/v7e-m+fp/hard/crtbegin.o
 .text          0x0000000008000220       0xa0 c:/st/stm32cubeide_1.10.1/stm32cubeide/plugins/com.st.stm32cube.ide.mcu.externaltools.gnu-tools-for-stm32.10.3-2021.10.win32_1.0.0.202111181127/tools/bin/../lib/gcc/arm-none-eabi/10.3.1/../../../../arm-none-eabi/lib/thumb/v7e-m+fp/hard\libc_nano.a(lib_a-memchr.o)
                0x0000000008000220                memchr
 .text          0x00000000080002c0      0x378 c:/st/stm32cubeide_1.10.1/stm32cubeide/plugins/com.st.stm32cube.ide.mcu.externaltools.gnu-tools-for-stm32.10.3-2021.10.win32_1.0.0.202111181127/tools/bin/../lib/gcc/arm-none-eabi/10.3.1/thumb/v7e-m+fp/hard\libgcc.a(_arm_addsubdf3.o)
                0x00000000080002c0                __aeabi_drsub
                0x00000000080002c8                __aeabi_dsub
                0x00000000080002c8                __subdf3
                0x00000000080002cc                __aeabi_dadd
                0x00000000080002cc                __adddf3
                0x0000000008000544                __floatunsidf
                0x0000000008000544                __aeabi_ui2d
                0x0000000008000564                __floatsidf
                0x0000000008000564                __aeabi_i2d
                0x0000000008000588                __aeabi_f2d
                0x0000000008000588                __extendsfdf2
                0x00000000080005cc                __floatundidf
                0x00000000080005cc                __aeabi_ul2d
                0x00000000080005dc                __floatdidf
                0x00000000080005dc                __aeabi_l2d
 .text          0x0000000008000638      0x424 c:/st/stm32cubeide_1.10.1/stm32cubeide/plugins/com.st.stm32cube.ide.mcu.externaltools.gnu-tools-for-stm32.10.3-2021.10.win32_1.0.0.202111181127/tools/bin/../lib/gcc/arm-none-eabi/10.3.1/thumb/v7e-m+fp/hard\libgcc.a(_arm_muldivdf3.o)
                0x0000000008000638                __aeabi_dmul
                0x0000000008000638                __muldf3
                0x000000000800088c                __divdf3
                0x000000000800088c                __aeabi_ddiv
 .text          0x0000000008000a5c       0xa0 c:/st/stm32cubeide_1.10.1/stm32cubeide/plugins/com.st.stm32cube.ide.mcu.externaltools.gnu-tools-for-stm32.10.3-2021.10.win32_1.0.0.202111181127/tools/bin/../lib/gcc/arm-none-eabi/10.3.1/thumb/v7e-m+fp/hard\libgcc.a(_arm_truncdfsf2.o)
                0x0000000008000a5c                __truncdfsf2
                0x0000000008000a5c                __aeabi_d2f
 .text          0x0000000008000afc       0x30 c:/st/stm32cubeide_1.10.1/stm32cubeide/plugins/com.st.stm32cube.ide.mcu.externaltools.gnu-tools-for-stm32.10.3-2021.10.win32_1.0.0.202111181127/tools/bin/../lib/gcc/arm-none-eabi/10.3.1/thumb/v7e-m+fp/hard\libgcc.a(_aeabi_uldivmod.o)
                0x0000000008000afc                __aeabi_uldivmod
 .text          0x0000000008000b2c      0x2d0 c:/st/stm32cubeide_1.10.1/stm32cubeide/plugins/com.st.stm32cube.ide.mcu.externaltools.gnu-tools-for-stm32.10.3-2021.10.win32_1.0.0.202111181127/tools/bin/../lib/gcc/arm-none-eabi/10.3.1/thumb/v7e-m+fp/hard\libgcc.a(_udivmoddi4.o)
                0x0000000008000b2c                __udivmoddi4
 .text          0x0000000008000dfc        0x4 c:/st/stm32cubeide_1.10.1/stm32cubeide/plugins/com.st.stm32cube.ide.mcu.externaltools.gnu-tools-for-stm32.10.3-2021.10.win32_1.0.0.202111181127/tools/bin/../lib/gcc/arm-none-eabi/10.3.1/thumb/v7e-m+fp/hard\libgcc.a(_dvmd_tls.o)
                0x0000000008000dfc                __aeabi_idiv0
                0x0000000008000dfc                __aeabi_ldiv0
 *(.text*)
 .text.MX_FREERTOS_Init
                0x0000000008000e00       0xc4 ./Core/Src/app_freertos.o
                0x0000000008000e00                MX_FREERTOS_Init
 .text.FunctionUltrassom
                0x0000000008000ec4       0x50 ./Core/Src/app_freertos.o
                0x0000000008000ec4                FunctionUltrassom
 .text.FunctionComunica
                0x0000000008000f14       0xe8 ./Core/Src/app_freertos.o
                0x0000000008000f14                FunctionComunica
 .text.FunctionSeguidor
                0x0000000008000ffc      0x21c ./Core/Src/app_freertos.o
                0x0000000008000ffc                FunctionSeguidor
 .text.FunctionAtivarMotores
                0x0000000008001218       0xf0 ./Core/Src/app_freertos.o
                0x0000000008001218                FunctionAtivarMotores
 .text.FunctionOdometria
                0x0000000008001308       0x30 ./Core/Src/app_freertos.o
                0x0000000008001308                FunctionOdometria
 .text.HAL_TIM_IC_CaptureCallback
                0x0000000008001338      0x168 ./Core/Src/app_freertos.o
                0x0000000008001338                HAL_TIM_IC_CaptureCallback
 .text.HAL_TIM_PeriodElapsedCallback
                0x00000000080014a0       0x60 ./Core/Src/app_freertos.o
                0x00000000080014a0                HAL_TIM_PeriodElapsedCallback
 .text.MX_GPIO_Init
                0x0000000008001500      0x168 ./Core/Src/gpio.o
                0x0000000008001500                MX_GPIO_Init
 .text.main     0x0000000008001668       0x3a ./Core/Src/main.o
                0x0000000008001668                main
 .text.SystemClock_Config
                0x00000000080016a2       0x9a ./Core/Src/main.o
                0x00000000080016a2                SystemClock_Config
 .text.Error_Handler
                0x000000000800173c        0xa ./Core/Src/main.o
                0x000000000800173c                Error_Handler
 *fill*         0x0000000008001746        0x2 
 .text.HAL_MspInit
                0x0000000008001748       0x50 ./Core/Src/stm32g4xx_hal_msp.o
                0x0000000008001748                HAL_MspInit
 .text.NMI_Handler
                0x0000000008001798        0x6 ./Core/Src/stm32g4xx_it.o
                0x0000000008001798                NMI_Handler
 .text.HardFault_Handler
                0x000000000800179e        0x6 ./Core/Src/stm32g4xx_it.o
                0x000000000800179e                HardFault_Handler
 .text.MemManage_Handler
                0x00000000080017a4        0x6 ./Core/Src/stm32g4xx_it.o
                0x00000000080017a4                MemManage_Handler
 .text.BusFault_Handler
                0x00000000080017aa        0x6 ./Core/Src/stm32g4xx_it.o
                0x00000000080017aa                BusFault_Handler
 .text.UsageFault_Handler
                0x00000000080017b0        0x6 ./Core/Src/stm32g4xx_it.o
                0x00000000080017b0                UsageFault_Handler
 .text.DebugMon_Handler
                0x00000000080017b6        0xe ./Core/Src/stm32g4xx_it.o
                0x00000000080017b6                DebugMon_Handler
 .text.SysTick_Handler
                0x00000000080017c4       0x1a ./Core/Src/stm32g4xx_it.o
                0x00000000080017c4                SysTick_Handler
 *fill*         0x00000000080017de        0x2 
 .text.TIM1_CC_IRQHandler
                0x00000000080017e0       0x14 ./Core/Src/stm32g4xx_it.o
                0x00000000080017e0                TIM1_CC_IRQHandler
 .text.TIM2_IRQHandler
                0x00000000080017f4       0x14 ./Core/Src/stm32g4xx_it.o
                0x00000000080017f4                TIM2_IRQHandler
 .text.TIM3_IRQHandler
                0x0000000008001808       0x14 ./Core/Src/stm32g4xx_it.o
                0x0000000008001808                TIM3_IRQHandler
 .text.TIM4_IRQHandler
                0x000000000800181c       0x14 ./Core/Src/stm32g4xx_it.o
                0x000000000800181c                TIM4_IRQHandler
 .text.USART1_IRQHandler
                0x0000000008001830       0x14 ./Core/Src/stm32g4xx_it.o
                0x0000000008001830                USART1_IRQHandler
 .text.TIM6_DAC_IRQHandler
                0x0000000008001844       0x14 ./Core/Src/stm32g4xx_it.o
                0x0000000008001844                TIM6_DAC_IRQHandler
 .text._sbrk    0x0000000008001858       0x6c ./Core/Src/sysmem.o
                0x0000000008001858                _sbrk
 .text.SystemInit
                0x00000000080018c4       0x24 ./Core/Src/system_stm32g4xx.o
                0x00000000080018c4                SystemInit
 .text.MX_TIM1_Init
                0x00000000080018e8       0xec ./Core/Src/tim.o
                0x00000000080018e8                MX_TIM1_Init
 .text.MX_TIM2_Init
                0x00000000080019d4       0x9c ./Core/Src/tim.o
                0x00000000080019d4                MX_TIM2_Init
 .text.MX_TIM3_Init
                0x0000000008001a70      0x104 ./Core/Src/tim.o
                0x0000000008001a70                MX_TIM3_Init
 .text.MX_TIM4_Init
                0x0000000008001b74       0xc0 ./Core/Src/tim.o
                0x0000000008001b74                MX_TIM4_Init
 .text.MX_TIM6_Init
                0x0000000008001c34       0x6c ./Core/Src/tim.o
                0x0000000008001c34                MX_TIM6_Init
 .text.HAL_TIM_Base_MspInit
                0x0000000008001ca0      0x13c ./Core/Src/tim.o
                0x0000000008001ca0                HAL_TIM_Base_MspInit
 .text.HAL_TIM_IC_MspInit
                0x0000000008001ddc       0xd4 ./Core/Src/tim.o
                0x0000000008001ddc                HAL_TIM_IC_MspInit
 .text.HAL_TIM_MspPostInit
                0x0000000008001eb0       0x70 ./Core/Src/tim.o
                0x0000000008001eb0                HAL_TIM_MspPostInit
 .text.MX_LPUART1_UART_Init
                0x0000000008001f20       0x94 ./Core/Src/usart.o
                0x0000000008001f20                MX_LPUART1_UART_Init
 .text.MX_USART1_UART_Init
                0x0000000008001fb4       0x98 ./Core/Src/usart.o
                0x0000000008001fb4                MX_USART1_UART_Init
 .text.HAL_UART_MspInit
                0x000000000800204c      0x1c4 ./Core/Src/usart.o
                0x000000000800204c                HAL_UART_MspInit
 .text.Reset_Handler
                0x0000000008002210       0x50 ./Core/Startup/startup_stm32g474retx.o
                0x0000000008002210                Reset_Handler
 .text.Default_Handler
                0x0000000008002260        0x2 ./Core/Startup/startup_stm32g474retx.o
                0x0000000008002260                RTC_Alarm_IRQHandler
                0x0000000008002260                EXTI2_IRQHandler
                0x0000000008002260                TIM8_TRG_COM_IRQHandler
                0x0000000008002260                TIM8_CC_IRQHandler
                0x0000000008002260                HRTIM1_Master_IRQHandler
                0x0000000008002260                SPI4_IRQHandler
                0x0000000008002260                FDCAN3_IT0_IRQHandler
                0x0000000008002260                HRTIM1_FLT_IRQHandler
                0x0000000008002260                HRTIM1_TIMF_IRQHandler
                0x0000000008002260                USB_HP_IRQHandler
                0x0000000008002260                CORDIC_IRQHandler
                0x0000000008002260                HRTIM1_TIMD_IRQHandler
                0x0000000008002260                DMA2_Channel8_IRQHandler
                0x0000000008002260                EXTI3_IRQHandler
                0x0000000008002260                I2C3_ER_IRQHandler
                0x0000000008002260                EXTI0_IRQHandler
                0x0000000008002260                I2C2_EV_IRQHandler
                0x0000000008002260                FPU_IRQHandler
                0x0000000008002260                FDCAN1_IT1_IRQHandler
                0x0000000008002260                TIM1_UP_TIM16_IRQHandler
                0x0000000008002260                ADC1_2_IRQHandler
                0x0000000008002260                HRTIM1_TIME_IRQHandler
                0x0000000008002260                SPI1_IRQHandler
                0x0000000008002260                HRTIM1_TIMC_IRQHandler
                0x0000000008002260                TIM8_UP_IRQHandler
                0x0000000008002260                DMA2_Channel2_IRQHandler
                0x0000000008002260                DMA1_Channel4_IRQHandler
                0x0000000008002260                TIM20_TRG_COM_IRQHandler
                0x0000000008002260                USART3_IRQHandler
                0x0000000008002260                DMA1_Channel7_IRQHandler
                0x0000000008002260                UART5_IRQHandler
                0x0000000008002260                ADC3_IRQHandler
                0x0000000008002260                DMA2_Channel1_IRQHandler
                0x0000000008002260                QUADSPI_IRQHandler
                0x0000000008002260                I2C1_EV_IRQHandler
                0x0000000008002260                DMA1_Channel6_IRQHandler
                0x0000000008002260                UART4_IRQHandler
                0x0000000008002260                DMA2_Channel4_IRQHandler
                0x0000000008002260                RCC_IRQHandler
                0x0000000008002260                TIM20_UP_IRQHandler
                0x0000000008002260                DMA1_Channel1_IRQHandler
                0x0000000008002260                Default_Handler
                0x0000000008002260                DMA2_Channel7_IRQHandler
                0x0000000008002260                RTC_TAMP_LSECSS_IRQHandler
                0x0000000008002260                FMAC_IRQHandler
                0x0000000008002260                EXTI15_10_IRQHandler
                0x0000000008002260                DMA1_Channel8_IRQHandler
                0x0000000008002260                HRTIM1_TIMA_IRQHandler
                0x0000000008002260                TIM7_DAC_IRQHandler
                0x0000000008002260                FDCAN3_IT1_IRQHandler
                0x0000000008002260                TIM5_IRQHandler
                0x0000000008002260                UCPD1_IRQHandler
                0x0000000008002260                I2C3_EV_IRQHandler
                0x0000000008002260                EXTI9_5_IRQHandler
                0x0000000008002260                RTC_WKUP_IRQHandler
                0x0000000008002260                PVD_PVM_IRQHandler
                0x0000000008002260                SPI2_IRQHandler
                0x0000000008002260                ADC5_IRQHandler
                0x0000000008002260                DMA2_Channel5_IRQHandler
                0x0000000008002260                CRS_IRQHandler
                0x0000000008002260                DMA1_Channel5_IRQHandler
                0x0000000008002260                USB_LP_IRQHandler
                0x0000000008002260                EXTI4_IRQHandler
                0x0000000008002260                RNG_IRQHandler
                0x0000000008002260                HRTIM1_TIMB_IRQHandler
                0x0000000008002260                TIM1_TRG_COM_TIM17_IRQHandler
                0x0000000008002260                FDCAN2_IT1_IRQHandler
                0x0000000008002260                DMA1_Channel3_IRQHandler
                0x0000000008002260                ADC4_IRQHandler
                0x0000000008002260                WWDG_IRQHandler
                0x0000000008002260                I2C4_EV_IRQHandler
                0x0000000008002260                FDCAN2_IT0_IRQHandler
                0x0000000008002260                LPUART1_IRQHandler
                0x0000000008002260                DMA2_Channel6_IRQHandler
                0x0000000008002260                FDCAN1_IT0_IRQHandler
                0x0000000008002260                COMP7_IRQHandler
                0x0000000008002260                COMP1_2_3_IRQHandler
                0x0000000008002260                EXTI1_IRQHandler
                0x0000000008002260                USART2_IRQHandler
                0x0000000008002260                COMP4_5_6_IRQHandler
                0x0000000008002260                TIM20_BRK_IRQHandler
                0x0000000008002260                I2C2_ER_IRQHandler
                0x0000000008002260                DMA1_Channel2_IRQHandler
                0x0000000008002260                TIM8_BRK_IRQHandler
                0x0000000008002260                FLASH_IRQHandler
                0x0000000008002260                TIM20_CC_IRQHandler
                0x0000000008002260                SPI3_IRQHandler
                0x0000000008002260                I2C1_ER_IRQHandler
                0x0000000008002260                FMC_IRQHandler
                0x0000000008002260                LPTIM1_IRQHandler
                0x0000000008002260                DMAMUX_OVR_IRQHandler
                0x0000000008002260                I2C4_ER_IRQHandler
                0x0000000008002260                USBWakeUp_IRQHandler
                0x0000000008002260                SAI1_IRQHandler
                0x0000000008002260                DMA2_Channel3_IRQHandler
                0x0000000008002260                TIM1_BRK_TIM15_IRQHandler
 .text.HAL_Init
                0x0000000008002262       0x30 ./Drivers/STM32G4xx_HAL_Driver/Src/stm32g4xx_hal.o
                0x0000000008002262                HAL_Init
 *fill*         0x0000000008002292        0x2 
 .text.HAL_InitTick
                0x0000000008002294       0x74 ./Drivers/STM32G4xx_HAL_Driver/Src/stm32g4xx_hal.o
                0x0000000008002294                HAL_InitTick
 .text.HAL_IncTick
                0x0000000008002308       0x24 ./Drivers/STM32G4xx_HAL_Driver/Src/stm32g4xx_hal.o
                0x0000000008002308                HAL_IncTick
 .text.HAL_GetTick
                0x000000000800232c       0x18 ./Drivers/STM32G4xx_HAL_Driver/Src/stm32g4xx_hal.o
                0x000000000800232c                HAL_GetTick
 .text.__NVIC_SetPriorityGrouping
                0x0000000008002344       0x48 ./Drivers/STM32G4xx_HAL_Driver/Src/stm32g4xx_hal_cortex.o
 .text.__NVIC_GetPriorityGrouping
                0x000000000800238c       0x1c ./Drivers/STM32G4xx_HAL_Driver/Src/stm32g4xx_hal_cortex.o
 .text.__NVIC_EnableIRQ
                0x00000000080023a8       0x3c ./Drivers/STM32G4xx_HAL_Driver/Src/stm32g4xx_hal_cortex.o
 .text.__NVIC_SetPriority
                0x00000000080023e4       0x54 ./Drivers/STM32G4xx_HAL_Driver/Src/stm32g4xx_hal_cortex.o
 .text.NVIC_EncodePriority
                0x0000000008002438       0x66 ./Drivers/STM32G4xx_HAL_Driver/Src/stm32g4xx_hal_cortex.o
 *fill*         0x000000000800249e        0x2 
 .text.SysTick_Config
                0x00000000080024a0       0x44 ./Drivers/STM32G4xx_HAL_Driver/Src/stm32g4xx_hal_cortex.o
 .text.HAL_NVIC_SetPriorityGrouping
                0x00000000080024e4       0x16 ./Drivers/STM32G4xx_HAL_Driver/Src/stm32g4xx_hal_cortex.o
                0x00000000080024e4                HAL_NVIC_SetPriorityGrouping
 .text.HAL_NVIC_SetPriority
                0x00000000080024fa       0x34 ./Drivers/STM32G4xx_HAL_Driver/Src/stm32g4xx_hal_cortex.o
                0x00000000080024fa                HAL_NVIC_SetPriority
 .text.HAL_NVIC_EnableIRQ
                0x000000000800252e       0x1c ./Drivers/STM32G4xx_HAL_Driver/Src/stm32g4xx_hal_cortex.o
                0x000000000800252e                HAL_NVIC_EnableIRQ
 .text.HAL_SYSTICK_Config
                0x000000000800254a       0x18 ./Drivers/STM32G4xx_HAL_Driver/Src/stm32g4xx_hal_cortex.o
                0x000000000800254a                HAL_SYSTICK_Config
 .text.HAL_DMA_Abort
                0x0000000008002562       0xb2 ./Drivers/STM32G4xx_HAL_Driver/Src/stm32g4xx_hal_dma.o
                0x0000000008002562                HAL_DMA_Abort
 .text.HAL_DMA_Abort_IT
                0x0000000008002614       0xce ./Drivers/STM32G4xx_HAL_Driver/Src/stm32g4xx_hal_dma.o
                0x0000000008002614                HAL_DMA_Abort_IT
 *fill*         0x00000000080026e2        0x2 
 .text.HAL_GPIO_Init
                0x00000000080026e4      0x304 ./Drivers/STM32G4xx_HAL_Driver/Src/stm32g4xx_hal_gpio.o
                0x00000000080026e4                HAL_GPIO_Init
 .text.HAL_GPIO_ReadPin
                0x00000000080029e8       0x30 ./Drivers/STM32G4xx_HAL_Driver/Src/stm32g4xx_hal_gpio.o
                0x00000000080029e8                HAL_GPIO_ReadPin
 .text.HAL_GPIO_WritePin
                0x0000000008002a18       0x30 ./Drivers/STM32G4xx_HAL_Driver/Src/stm32g4xx_hal_gpio.o
                0x0000000008002a18                HAL_GPIO_WritePin
 .text.HAL_PWREx_ControlVoltageScaling
                0x0000000008002a48      0x148 ./Drivers/STM32G4xx_HAL_Driver/Src/stm32g4xx_hal_pwr_ex.o
                0x0000000008002a48                HAL_PWREx_ControlVoltageScaling
 .text.HAL_RCC_OscConfig
                0x0000000008002b90      0x630 ./Drivers/STM32G4xx_HAL_Driver/Src/stm32g4xx_hal_rcc.o
                0x0000000008002b90                HAL_RCC_OscConfig
 .text.HAL_RCC_ClockConfig
                0x00000000080031c0      0x278 ./Drivers/STM32G4xx_HAL_Driver/Src/stm32g4xx_hal_rcc.o
                0x00000000080031c0                HAL_RCC_ClockConfig
 .text.HAL_RCC_GetSysClockFreq
                0x0000000008003438       0xc4 ./Drivers/STM32G4xx_HAL_Driver/Src/stm32g4xx_hal_rcc.o
                0x0000000008003438                HAL_RCC_GetSysClockFreq
 .text.HAL_RCC_GetHCLKFreq
                0x00000000080034fc       0x18 ./Drivers/STM32G4xx_HAL_Driver/Src/stm32g4xx_hal_rcc.o
                0x00000000080034fc                HAL_RCC_GetHCLKFreq
 .text.HAL_RCC_GetPCLK1Freq
                0x0000000008003514       0x2c ./Drivers/STM32G4xx_HAL_Driver/Src/stm32g4xx_hal_rcc.o
                0x0000000008003514                HAL_RCC_GetPCLK1Freq
 .text.HAL_RCC_GetPCLK2Freq
                0x0000000008003540       0x2c ./Drivers/STM32G4xx_HAL_Driver/Src/stm32g4xx_hal_rcc.o
                0x0000000008003540                HAL_RCC_GetPCLK2Freq
 .text.RCC_GetSysClockFreqFromPLLSource
                0x000000000800356c       0x8c ./Drivers/STM32G4xx_HAL_Driver/Src/stm32g4xx_hal_rcc.o
 .text.HAL_RCCEx_PeriphCLKConfig
                0x00000000080035f8      0x49c ./Drivers/STM32G4xx_HAL_Driver/Src/stm32g4xx_hal_rcc_ex.o
                0x00000000080035f8                HAL_RCCEx_PeriphCLKConfig
 .text.HAL_TIM_Base_Init
                0x0000000008003a94       0xae ./Drivers/STM32G4xx_HAL_Driver/Src/stm32g4xx_hal_tim.o
                0x0000000008003a94                HAL_TIM_Base_Init
 *fill*         0x0000000008003b42        0x2 
 .text.HAL_TIM_Base_Start_IT
                0x0000000008003b44       0xf0 ./Drivers/STM32G4xx_HAL_Driver/Src/stm32g4xx_hal_tim.o
                0x0000000008003b44                HAL_TIM_Base_Start_IT
 .text.HAL_TIM_PWM_Init
                0x0000000008003c34       0xae ./Drivers/STM32G4xx_HAL_Driver/Src/stm32g4xx_hal_tim.o
                0x0000000008003c34                HAL_TIM_PWM_Init
 .text.HAL_TIM_PWM_MspInit
                0x0000000008003ce2       0x14 ./Drivers/STM32G4xx_HAL_Driver/Src/stm32g4xx_hal_tim.o
                0x0000000008003ce2                HAL_TIM_PWM_MspInit
 *fill*         0x0000000008003cf6        0x2 
 .text.HAL_TIM_PWM_Start
                0x0000000008003cf8      0x224 ./Drivers/STM32G4xx_HAL_Driver/Src/stm32g4xx_hal_tim.o
                0x0000000008003cf8                HAL_TIM_PWM_Start
 .text.HAL_TIM_IC_Init
                0x0000000008003f1c       0xae ./Drivers/STM32G4xx_HAL_Driver/Src/stm32g4xx_hal_tim.o
                0x0000000008003f1c                HAL_TIM_IC_Init
 *fill*         0x0000000008003fca        0x2 
 .text.HAL_TIM_IC_Start_IT
                0x0000000008003fcc      0x2a0 ./Drivers/STM32G4xx_HAL_Driver/Src/stm32g4xx_hal_tim.o
                0x0000000008003fcc                HAL_TIM_IC_Start_IT
 .text.HAL_TIM_IRQHandler
                0x000000000800426c      0x2fe ./Drivers/STM32G4xx_HAL_Driver/Src/stm32g4xx_hal_tim.o
                0x000000000800426c                HAL_TIM_IRQHandler
 .text.HAL_TIM_IC_ConfigChannel
                0x000000000800456a      0x138 ./Drivers/STM32G4xx_HAL_Driver/Src/stm32g4xx_hal_tim.o
                0x000000000800456a                HAL_TIM_IC_ConfigChannel
 *fill*         0x00000000080046a2        0x2 
 .text.HAL_TIM_PWM_ConfigChannel
                0x00000000080046a4      0x228 ./Drivers/STM32G4xx_HAL_Driver/Src/stm32g4xx_hal_tim.o
                0x00000000080046a4                HAL_TIM_PWM_ConfigChannel
 .text.HAL_TIM_ConfigClockSource
                0x00000000080048cc      0x22c ./Drivers/STM32G4xx_HAL_Driver/Src/stm32g4xx_hal_tim.o
                0x00000000080048cc                HAL_TIM_ConfigClockSource
 .text.HAL_TIM_ReadCapturedValue
                0x0000000008004af8       0x88 ./Drivers/STM32G4xx_HAL_Driver/Src/stm32g4xx_hal_tim.o
                0x0000000008004af8                HAL_TIM_ReadCapturedValue
 .text.HAL_TIM_OC_DelayElapsedCallback
                0x0000000008004b80       0x14 ./Drivers/STM32G4xx_HAL_Driver/Src/stm32g4xx_hal_tim.o
                0x0000000008004b80                HAL_TIM_OC_DelayElapsedCallback
 .text.HAL_TIM_PWM_PulseFinishedCallback
                0x0000000008004b94       0x14 ./Drivers/STM32G4xx_HAL_Driver/Src/stm32g4xx_hal_tim.o
                0x0000000008004b94                HAL_TIM_PWM_PulseFinishedCallback
 .text.HAL_TIM_TriggerCallback
                0x0000000008004ba8       0x14 ./Drivers/STM32G4xx_HAL_Driver/Src/stm32g4xx_hal_tim.o
                0x0000000008004ba8                HAL_TIM_TriggerCallback
 .text.TIM_Base_SetConfig
                0x0000000008004bbc      0x150 ./Drivers/STM32G4xx_HAL_Driver/Src/stm32g4xx_hal_tim.o
                0x0000000008004bbc                TIM_Base_SetConfig
 .text.TIM_OC1_SetConfig
                0x0000000008004d0c      0x134 ./Drivers/STM32G4xx_HAL_Driver/Src/stm32g4xx_hal_tim.o
 .text.TIM_OC2_SetConfig
                0x0000000008004e40      0x128 ./Drivers/STM32G4xx_HAL_Driver/Src/stm32g4xx_hal_tim.o
                0x0000000008004e40                TIM_OC2_SetConfig
 .text.TIM_OC3_SetConfig
                0x0000000008004f68      0x124 ./Drivers/STM32G4xx_HAL_Driver/Src/stm32g4xx_hal_tim.o
 .text.TIM_OC4_SetConfig
                0x000000000800508c      0x128 ./Drivers/STM32G4xx_HAL_Driver/Src/stm32g4xx_hal_tim.o
 .text.TIM_OC5_SetConfig
                0x00000000080051b4       0xd4 ./Drivers/STM32G4xx_HAL_Driver/Src/stm32g4xx_hal_tim.o
 .text.TIM_OC6_SetConfig
                0x0000000008005288       0xd8 ./Drivers/STM32G4xx_HAL_Driver/Src/stm32g4xx_hal_tim.o
 .text.TIM_TI1_SetConfig
                0x0000000008005360       0xe8 ./Drivers/STM32G4xx_HAL_Driver/Src/stm32g4xx_hal_tim.o
                0x0000000008005360                TIM_TI1_SetConfig
 .text.TIM_TI1_ConfigInputStage
                0x0000000008005448       0x5e ./Drivers/STM32G4xx_HAL_Driver/Src/stm32g4xx_hal_tim.o
 .text.TIM_TI2_SetConfig
                0x00000000080054a6       0x7a ./Drivers/STM32G4xx_HAL_Driver/Src/stm32g4xx_hal_tim.o
 .text.TIM_TI2_ConfigInputStage
                0x0000000008005520       0x60 ./Drivers/STM32G4xx_HAL_Driver/Src/stm32g4xx_hal_tim.o
 .text.TIM_TI3_SetConfig
                0x0000000008005580       0x78 ./Drivers/STM32G4xx_HAL_Driver/Src/stm32g4xx_hal_tim.o
 .text.TIM_TI4_SetConfig
                0x00000000080055f8       0x7a ./Drivers/STM32G4xx_HAL_Driver/Src/stm32g4xx_hal_tim.o
 .text.TIM_ITRx_SetConfig
                0x0000000008005672       0x3a ./Drivers/STM32G4xx_HAL_Driver/Src/stm32g4xx_hal_tim.o
 .text.TIM_ETR_SetConfig
                0x00000000080056ac       0x40 ./Drivers/STM32G4xx_HAL_Driver/Src/stm32g4xx_hal_tim.o
                0x00000000080056ac                TIM_ETR_SetConfig
 .text.TIM_CCxChannelCmd
                0x00000000080056ec       0x4a ./Drivers/STM32G4xx_HAL_Driver/Src/stm32g4xx_hal_tim.o
                0x00000000080056ec                TIM_CCxChannelCmd
 *fill*         0x0000000008005736        0x2 
 .text.HAL_TIMEx_MasterConfigSynchronization
                0x0000000008005738      0x12c ./Drivers/STM32G4xx_HAL_Driver/Src/stm32g4xx_hal_tim_ex.o
                0x0000000008005738                HAL_TIMEx_MasterConfigSynchronization
 .text.HAL_TIMEx_CommutCallback
                0x0000000008005864       0x14 ./Drivers/STM32G4xx_HAL_Driver/Src/stm32g4xx_hal_tim_ex.o
                0x0000000008005864                HAL_TIMEx_CommutCallback
 .text.HAL_TIMEx_BreakCallback
                0x0000000008005878       0x14 ./Drivers/STM32G4xx_HAL_Driver/Src/stm32g4xx_hal_tim_ex.o
                0x0000000008005878                HAL_TIMEx_BreakCallback
 .text.HAL_TIMEx_Break2Callback
                0x000000000800588c       0x14 ./Drivers/STM32G4xx_HAL_Driver/Src/stm32g4xx_hal_tim_ex.o
                0x000000000800588c                HAL_TIMEx_Break2Callback
 .text.HAL_TIMEx_EncoderIndexCallback
                0x00000000080058a0       0x14 ./Drivers/STM32G4xx_HAL_Driver/Src/stm32g4xx_hal_tim_ex.o
                0x00000000080058a0                HAL_TIMEx_EncoderIndexCallback
 .text.HAL_TIMEx_DirectionChangeCallback
                0x00000000080058b4       0x14 ./Drivers/STM32G4xx_HAL_Driver/Src/stm32g4xx_hal_tim_ex.o
                0x00000000080058b4                HAL_TIMEx_DirectionChangeCallback
 .text.HAL_TIMEx_IndexErrorCallback
                0x00000000080058c8       0x14 ./Drivers/STM32G4xx_HAL_Driver/Src/stm32g4xx_hal_tim_ex.o
                0x00000000080058c8                HAL_TIMEx_IndexErrorCallback
 .text.HAL_TIMEx_TransitionErrorCallback
                0x00000000080058dc       0x14 ./Drivers/STM32G4xx_HAL_Driver/Src/stm32g4xx_hal_tim_ex.o
                0x00000000080058dc                HAL_TIMEx_TransitionErrorCallback
 .text.HAL_UART_Init
                0x00000000080058f0       0xa0 ./Drivers/STM32G4xx_HAL_Driver/Src/stm32g4xx_hal_uart.o
                0x00000000080058f0                HAL_UART_Init
 .text.HAL_UART_Transmit
                0x0000000008005990      0x12c ./Drivers/STM32G4xx_HAL_Driver/Src/stm32g4xx_hal_uart.o
                0x0000000008005990                HAL_UART_Transmit
 .text.HAL_UART_IRQHandler
                0x0000000008005abc      0x630 ./Drivers/STM32G4xx_HAL_Driver/Src/stm32g4xx_hal_uart.o
                0x0000000008005abc                HAL_UART_IRQHandler
 .text.HAL_UART_TxCpltCallback
                0x00000000080060ec       0x14 ./Drivers/STM32G4xx_HAL_Driver/Src/stm32g4xx_hal_uart.o
                0x00000000080060ec                HAL_UART_TxCpltCallback
 .text.HAL_UART_ErrorCallback
                0x0000000008006100       0x14 ./Drivers/STM32G4xx_HAL_Driver/Src/stm32g4xx_hal_uart.o
                0x0000000008006100                HAL_UART_ErrorCallback
 .text.HAL_UARTEx_RxEventCallback
                0x0000000008006114       0x18 ./Drivers/STM32G4xx_HAL_Driver/Src/stm32g4xx_hal_uart.o
                0x0000000008006114                HAL_UARTEx_RxEventCallback
 .text.UART_SetConfig
                0x000000000800612c      0x5f8 ./Drivers/STM32G4xx_HAL_Driver/Src/stm32g4xx_hal_uart.o
                0x000000000800612c                UART_SetConfig
 .text.UART_AdvFeatureConfig
                0x0000000008006724      0x144 ./Drivers/STM32G4xx_HAL_Driver/Src/stm32g4xx_hal_uart.o
                0x0000000008006724                UART_AdvFeatureConfig
 .text.UART_CheckIdleState
                0x0000000008006868       0x96 ./Drivers/STM32G4xx_HAL_Driver/Src/stm32g4xx_hal_uart.o
                0x0000000008006868                UART_CheckIdleState
 .text.UART_WaitOnFlagUntilTimeout
                0x00000000080068fe      0x190 ./Drivers/STM32G4xx_HAL_Driver/Src/stm32g4xx_hal_uart.o
                0x00000000080068fe                UART_WaitOnFlagUntilTimeout
 .text.UART_EndRxTransfer
                0x0000000008006a8e       0xcc ./Drivers/STM32G4xx_HAL_Driver/Src/stm32g4xx_hal_uart.o
 .text.UART_DMAAbortOnError
                0x0000000008006b5a       0x2c ./Drivers/STM32G4xx_HAL_Driver/Src/stm32g4xx_hal_uart.o
 .text.UART_EndTransmit_IT
                0x0000000008006b86       0x56 ./Drivers/STM32G4xx_HAL_Driver/Src/stm32g4xx_hal_uart.o
 .text.HAL_UARTEx_WakeupCallback
                0x0000000008006bdc       0x14 ./Drivers/STM32G4xx_HAL_Driver/Src/stm32g4xx_hal_uart_ex.o
                0x0000000008006bdc                HAL_UARTEx_WakeupCallback
 .text.HAL_UARTEx_RxFifoFullCallback
                0x0000000008006bf0       0x14 ./Drivers/STM32G4xx_HAL_Driver/Src/stm32g4xx_hal_uart_ex.o
                0x0000000008006bf0                HAL_UARTEx_RxFifoFullCallback
 .text.HAL_UARTEx_TxFifoEmptyCallback
                0x0000000008006c04       0x14 ./Drivers/STM32G4xx_HAL_Driver/Src/stm32g4xx_hal_uart_ex.o
                0x0000000008006c04                HAL_UARTEx_TxFifoEmptyCallback
 .text.HAL_UARTEx_DisableFifoMode
                0x0000000008006c18       0x72 ./Drivers/STM32G4xx_HAL_Driver/Src/stm32g4xx_hal_uart_ex.o
                0x0000000008006c18                HAL_UARTEx_DisableFifoMode
 .text.HAL_UARTEx_SetTxFifoThreshold
                0x0000000008006c8a       0x7c ./Drivers/STM32G4xx_HAL_Driver/Src/stm32g4xx_hal_uart_ex.o
                0x0000000008006c8a                HAL_UARTEx_SetTxFifoThreshold
 .text.HAL_UARTEx_SetRxFifoThreshold
                0x0000000008006d06       0x7c ./Drivers/STM32G4xx_HAL_Driver/Src/stm32g4xx_hal_uart_ex.o
                0x0000000008006d06                HAL_UARTEx_SetRxFifoThreshold
 *fill*         0x0000000008006d82        0x2 
 .text.UARTEx_SetNbDataToProcess
                0x0000000008006d84       0x9c ./Drivers/STM32G4xx_HAL_Driver/Src/stm32g4xx_hal_uart_ex.o
 .text.__NVIC_SetPriority
                0x0000000008006e20       0x54 ./Middlewares/Third_Party/FreeRTOS/Source/CMSIS_RTOS_V2/cmsis_os2.o
 .text.SVC_Setup
                0x0000000008006e74       0x12 ./Middlewares/Third_Party/FreeRTOS/Source/CMSIS_RTOS_V2/cmsis_os2.o
 *fill*         0x0000000008006e86        0x2 
 .text.osKernelInitialize
                0x0000000008006e88       0x48 ./Middlewares/Third_Party/FreeRTOS/Source/CMSIS_RTOS_V2/cmsis_os2.o
                0x0000000008006e88                osKernelInitialize
 .text.osKernelStart
                0x0000000008006ed0       0x4c ./Middlewares/Third_Party/FreeRTOS/Source/CMSIS_RTOS_V2/cmsis_os2.o
                0x0000000008006ed0                osKernelStart
 .text.osThreadNew
                0x0000000008006f1c      0x124 ./Middlewares/Third_Party/FreeRTOS/Source/CMSIS_RTOS_V2/cmsis_os2.o
                0x0000000008006f1c                osThreadNew
 .text.osDelay  0x0000000008007040       0x36 ./Middlewares/Third_Party/FreeRTOS/Source/CMSIS_RTOS_V2/cmsis_os2.o
                0x0000000008007040                osDelay
 .text.osSemaphoreNew
                0x0000000008007076      0x112 ./Middlewares/Third_Party/FreeRTOS/Source/CMSIS_RTOS_V2/cmsis_os2.o
                0x0000000008007076                osSemaphoreNew
 .text.osSemaphoreAcquire
                0x0000000008007188       0xa4 ./Middlewares/Third_Party/FreeRTOS/Source/CMSIS_RTOS_V2/cmsis_os2.o
                0x0000000008007188                osSemaphoreAcquire
 .text.osSemaphoreRelease
                0x000000000800722c       0x88 ./Middlewares/Third_Party/FreeRTOS/Source/CMSIS_RTOS_V2/cmsis_os2.o
                0x000000000800722c                osSemaphoreRelease
 .text.vApplicationGetIdleTaskMemory
                0x00000000080072b4       0x34 ./Middlewares/Third_Party/FreeRTOS/Source/CMSIS_RTOS_V2/cmsis_os2.o
                0x00000000080072b4                vApplicationGetIdleTaskMemory
 .text.vApplicationGetTimerTaskMemory
                0x00000000080072e8       0x34 ./Middlewares/Third_Party/FreeRTOS/Source/CMSIS_RTOS_V2/cmsis_os2.o
                0x00000000080072e8                vApplicationGetTimerTaskMemory
 .text.vListInitialise
                0x000000000800731c       0x40 ./Middlewares/Third_Party/FreeRTOS/Source/list.o
                0x000000000800731c                vListInitialise
 .text.vListInitialiseItem
                0x000000000800735c       0x1a ./Middlewares/Third_Party/FreeRTOS/Source/list.o
                0x000000000800735c                vListInitialiseItem
 .text.vListInsertEnd
                0x0000000008007376       0x48 ./Middlewares/Third_Party/FreeRTOS/Source/list.o
                0x0000000008007376                vListInsertEnd
 .text.vListInsert
                0x00000000080073be       0x72 ./Middlewares/Third_Party/FreeRTOS/Source/list.o
                0x00000000080073be                vListInsert
 .text.uxListRemove
                0x0000000008007430       0x54 ./Middlewares/Third_Party/FreeRTOS/Source/list.o
                0x0000000008007430                uxListRemove
 .text.xQueueGenericReset
                0x0000000008007484       0xd0 ./Middlewares/Third_Party/FreeRTOS/Source/queue.o
                0x0000000008007484                xQueueGenericReset
 .text.xQueueGenericCreateStatic
                0x0000000008007554       0xf0 ./Middlewares/Third_Party/FreeRTOS/Source/queue.o
                0x0000000008007554                xQueueGenericCreateStatic
 .text.xQueueGenericCreate
                0x0000000008007644       0x74 ./Middlewares/Third_Party/FreeRTOS/Source/queue.o
                0x0000000008007644                xQueueGenericCreate
 .text.prvInitialiseNewQueue
                0x00000000080076b8       0x46 ./Middlewares/Third_Party/FreeRTOS/Source/queue.o
 .text.xQueueCreateCountingSemaphoreStatic
                0x00000000080076fe       0x6e ./Middlewares/Third_Party/FreeRTOS/Source/queue.o
                0x00000000080076fe                xQueueCreateCountingSemaphoreStatic
 .text.xQueueCreateCountingSemaphore
                0x000000000800776c       0x66 ./Middlewares/Third_Party/FreeRTOS/Source/queue.o
                0x000000000800776c                xQueueCreateCountingSemaphore
 *fill*         0x00000000080077d2        0x2 
 .text.xQueueGenericSend
                0x00000000080077d4      0x1fc ./Middlewares/Third_Party/FreeRTOS/Source/queue.o
                0x00000000080077d4                xQueueGenericSend
 .text.xQueueGenericSendFromISR
                0x00000000080079d0      0x136 ./Middlewares/Third_Party/FreeRTOS/Source/queue.o
                0x00000000080079d0                xQueueGenericSendFromISR
 .text.xQueueGiveFromISR
                0x0000000008007b06      0x11a ./Middlewares/Third_Party/FreeRTOS/Source/queue.o
                0x0000000008007b06                xQueueGiveFromISR
 .text.xQueueReceive
                0x0000000008007c20      0x1c0 ./Middlewares/Third_Party/FreeRTOS/Source/queue.o
                0x0000000008007c20                xQueueReceive
 .text.xQueueSemaphoreTake
                0x0000000008007de0      0x218 ./Middlewares/Third_Party/FreeRTOS/Source/queue.o
                0x0000000008007de0                xQueueSemaphoreTake
 .text.xQueueReceiveFromISR
                0x0000000008007ff8      0x100 ./Middlewares/Third_Party/FreeRTOS/Source/queue.o
                0x0000000008007ff8                xQueueReceiveFromISR
 .text.vQueueDelete
                0x00000000080080f8       0x46 ./Middlewares/Third_Party/FreeRTOS/Source/queue.o
                0x00000000080080f8                vQueueDelete
 .text.prvGetDisinheritPriorityAfterTimeout
                0x000000000800813e       0x30 ./Middlewares/Third_Party/FreeRTOS/Source/queue.o
 .text.prvCopyDataToQueue
                0x000000000800816e       0xd4 ./Middlewares/Third_Party/FreeRTOS/Source/queue.o
 .text.prvCopyDataFromQueue
                0x0000000008008242       0x4c ./Middlewares/Third_Party/FreeRTOS/Source/queue.o
 .text.prvUnlockQueue
                0x000000000800828e       0xa4 ./Middlewares/Third_Party/FreeRTOS/Source/queue.o
 .text.prvIsQueueEmpty
                0x0000000008008332       0x2c ./Middlewares/Third_Party/FreeRTOS/Source/queue.o
 .text.prvIsQueueFull
                0x000000000800835e       0x30 ./Middlewares/Third_Party/FreeRTOS/Source/queue.o
 *fill*         0x000000000800838e        0x2 
 .text.vQueueAddToRegistry
                0x0000000008008390       0x54 ./Middlewares/Third_Party/FreeRTOS/Source/queue.o
                0x0000000008008390                vQueueAddToRegistry
 .text.vQueueUnregisterQueue
                0x00000000080083e4       0x54 ./Middlewares/Third_Party/FreeRTOS/Source/queue.o
                0x00000000080083e4                vQueueUnregisterQueue
 .text.vQueueWaitForMessageRestricted
                0x0000000008008438       0x68 ./Middlewares/Third_Party/FreeRTOS/Source/queue.o
                0x0000000008008438                vQueueWaitForMessageRestricted
 .text.xTaskCreateStatic
                0x00000000080084a0       0xba ./Middlewares/Third_Party/FreeRTOS/Source/tasks.o
                0x00000000080084a0                xTaskCreateStatic
 .text.xTaskCreate
                0x000000000800855a       0x8a ./Middlewares/Third_Party/FreeRTOS/Source/tasks.o
                0x000000000800855a                xTaskCreate
 .text.prvInitialiseNewTask
                0x00000000080085e4      0x14c ./Middlewares/Third_Party/FreeRTOS/Source/tasks.o
 .text.prvAddNewTaskToReadyList
                0x0000000008008730       0xe0 ./Middlewares/Third_Party/FreeRTOS/Source/tasks.o
 .text.vTaskDelay
                0x0000000008008810       0x68 ./Middlewares/Third_Party/FreeRTOS/Source/tasks.o
                0x0000000008008810                vTaskDelay
 .text.vTaskStartScheduler
                0x0000000008008878       0xe0 ./Middlewares/Third_Party/FreeRTOS/Source/tasks.o
                0x0000000008008878                vTaskStartScheduler
 .text.vTaskSuspendAll
                0x0000000008008958       0x1c ./Middlewares/Third_Party/FreeRTOS/Source/tasks.o
                0x0000000008008958                vTaskSuspendAll
 .text.xTaskResumeAll
                0x0000000008008974      0x13c ./Middlewares/Third_Party/FreeRTOS/Source/tasks.o
                0x0000000008008974                xTaskResumeAll
 .text.xTaskGetTickCount
                0x0000000008008ab0       0x20 ./Middlewares/Third_Party/FreeRTOS/Source/tasks.o
                0x0000000008008ab0                xTaskGetTickCount
 .text.xTaskIncrementTick
                0x0000000008008ad0      0x174 ./Middlewares/Third_Party/FreeRTOS/Source/tasks.o
                0x0000000008008ad0                xTaskIncrementTick
 .text.vTaskSwitchContext
                0x0000000008008c44       0xc8 ./Middlewares/Third_Party/FreeRTOS/Source/tasks.o
                0x0000000008008c44                vTaskSwitchContext
 .text.vTaskPlaceOnEventList
                0x0000000008008d0c       0x48 ./Middlewares/Third_Party/FreeRTOS/Source/tasks.o
                0x0000000008008d0c                vTaskPlaceOnEventList
 .text.vTaskPlaceOnEventListRestricted
                0x0000000008008d54       0x58 ./Middlewares/Third_Party/FreeRTOS/Source/tasks.o
                0x0000000008008d54                vTaskPlaceOnEventListRestricted
 .text.xTaskRemoveFromEventList
                0x0000000008008dac       0xc8 ./Middlewares/Third_Party/FreeRTOS/Source/tasks.o
                0x0000000008008dac                xTaskRemoveFromEventList
 .text.vTaskInternalSetTimeOutState
                0x0000000008008e74       0x2c ./Middlewares/Third_Party/FreeRTOS/Source/tasks.o
                0x0000000008008e74                vTaskInternalSetTimeOutState
 .text.xTaskCheckForTimeOut
                0x0000000008008ea0       0xc4 ./Middlewares/Third_Party/FreeRTOS/Source/tasks.o
                0x0000000008008ea0                xTaskCheckForTimeOut
 .text.vTaskMissedYield
                0x0000000008008f64       0x18 ./Middlewares/Third_Party/FreeRTOS/Source/tasks.o
                0x0000000008008f64                vTaskMissedYield
 .text.prvIdleTask
                0x0000000008008f7c       0x30 ./Middlewares/Third_Party/FreeRTOS/Source/tasks.o
 .text.prvInitialiseTaskLists
                0x0000000008008fac       0x80 ./Middlewares/Third_Party/FreeRTOS/Source/tasks.o
 .text.prvCheckTasksWaitingTermination
                0x000000000800902c       0x5c ./Middlewares/Third_Party/FreeRTOS/Source/tasks.o
 .text.prvDeleteTCB
                0x0000000008009088       0x68 ./Middlewares/Third_Party/FreeRTOS/Source/tasks.o
 .text.prvResetNextTaskUnblockTime
                0x00000000080090f0       0x40 ./Middlewares/Third_Party/FreeRTOS/Source/tasks.o
 .text.xTaskGetSchedulerState
                0x0000000008009130       0x3c ./Middlewares/Third_Party/FreeRTOS/Source/tasks.o
                0x0000000008009130                xTaskGetSchedulerState
 .text.xTaskPriorityInherit
                0x000000000800916c       0xd0 ./Middlewares/Third_Party/FreeRTOS/Source/tasks.o
                0x000000000800916c                xTaskPriorityInherit
 .text.xTaskPriorityDisinherit
                0x000000000800923c       0xdc ./Middlewares/Third_Party/FreeRTOS/Source/tasks.o
                0x000000000800923c                xTaskPriorityDisinherit
 .text.vTaskPriorityDisinheritAfterTimeout
                0x0000000008009318      0x104 ./Middlewares/Third_Party/FreeRTOS/Source/tasks.o
                0x0000000008009318                vTaskPriorityDisinheritAfterTimeout
 .text.pvTaskIncrementMutexHeldCount
                0x000000000800941c       0x28 ./Middlewares/Third_Party/FreeRTOS/Source/tasks.o
                0x000000000800941c                pvTaskIncrementMutexHeldCount
 .text.prvAddCurrentTaskToDelayedList
                0x0000000008009444       0xa8 ./Middlewares/Third_Party/FreeRTOS/Source/tasks.o
 .text.xTimerCreateTimerTask
                0x00000000080094ec       0x90 ./Middlewares/Third_Party/FreeRTOS/Source/timers.o
                0x00000000080094ec                xTimerCreateTimerTask
 .text.xTimerGenericCommand
                0x000000000800957c       0x9c ./Middlewares/Third_Party/FreeRTOS/Source/timers.o
                0x000000000800957c                xTimerGenericCommand
 .text.prvProcessExpiredTimer
                0x0000000008009618       0x98 ./Middlewares/Third_Party/FreeRTOS/Source/timers.o
 .text.prvTimerTask
                0x00000000080096b0       0x24 ./Middlewares/Third_Party/FreeRTOS/Source/timers.o
 .text.prvProcessTimerOrBlockTask
                0x00000000080096d4       0x9c ./Middlewares/Third_Party/FreeRTOS/Source/timers.o
 .text.prvGetNextExpireTime
                0x0000000008009770       0x48 ./Middlewares/Third_Party/FreeRTOS/Source/timers.o
 .text.prvSampleTimeNow
                0x00000000080097b8       0x40 ./Middlewares/Third_Party/FreeRTOS/Source/timers.o
 .text.prvInsertTimerInActiveList
                0x00000000080097f8       0x84 ./Middlewares/Third_Party/FreeRTOS/Source/timers.o
 .text.prvProcessReceivedCommands
                0x000000000800987c      0x1c4 ./Middlewares/Third_Party/FreeRTOS/Source/timers.o
 .text.prvSwitchTimerLists
                0x0000000008009a40       0xc8 ./Middlewares/Third_Party/FreeRTOS/Source/timers.o
 .text.prvCheckForValidListAndQueue
                0x0000000008009b08       0x80 ./Middlewares/Third_Party/FreeRTOS/Source/timers.o
 .text.pxPortInitialiseStack
                0x0000000008009b88       0x68 ./Middlewares/Third_Party/FreeRTOS/Source/portable/GCC/ARM_CM4F/port.o
                0x0000000008009b88                pxPortInitialiseStack
 .text.prvTaskExitError
                0x0000000008009bf0       0x58 ./Middlewares/Third_Party/FreeRTOS/Source/portable/GCC/ARM_CM4F/port.o
 *fill*         0x0000000008009c48        0x8 
 .text.SVC_Handler
                0x0000000008009c50       0x28 ./Middlewares/Third_Party/FreeRTOS/Source/portable/GCC/ARM_CM4F/port.o
                0x0000000008009c50                SVC_Handler
 .text.prvPortStartFirstTask
                0x0000000008009c78       0x28 ./Middlewares/Third_Party/FreeRTOS/Source/portable/GCC/ARM_CM4F/port.o
 .text.xPortStartScheduler
                0x0000000008009ca0      0x144 ./Middlewares/Third_Party/FreeRTOS/Source/portable/GCC/ARM_CM4F/port.o
                0x0000000008009ca0                xPortStartScheduler
 .text.vPortEnterCritical
                0x0000000008009de4       0x60 ./Middlewares/Third_Party/FreeRTOS/Source/portable/GCC/ARM_CM4F/port.o
                0x0000000008009de4                vPortEnterCritical
 .text.vPortExitCritical
                0x0000000008009e44       0x54 ./Middlewares/Third_Party/FreeRTOS/Source/portable/GCC/ARM_CM4F/port.o
                0x0000000008009e44                vPortExitCritical
 *fill*         0x0000000008009e98        0x8 
 .text.PendSV_Handler
                0x0000000008009ea0       0x68 ./Middlewares/Third_Party/FreeRTOS/Source/portable/GCC/ARM_CM4F/port.o
                0x0000000008009ea0                PendSV_Handler
 .text.xPortSysTickHandler
                0x0000000008009f08       0x44 ./Middlewares/Third_Party/FreeRTOS/Source/portable/GCC/ARM_CM4F/port.o
                0x0000000008009f08                xPortSysTickHandler
 .text.vPortSetupTimerInterrupt
                0x0000000008009f4c       0x48 ./Middlewares/Third_Party/FreeRTOS/Source/portable/GCC/ARM_CM4F/port.o
                0x0000000008009f4c                vPortSetupTimerInterrupt
 .text.vPortEnableVFP
                0x0000000008009f94       0x14 ./Middlewares/Third_Party/FreeRTOS/Source/portable/GCC/ARM_CM4F/port.o
 .text.vPortValidateInterruptPriority
                0x0000000008009fa8       0x80 ./Middlewares/Third_Party/FreeRTOS/Source/portable/GCC/ARM_CM4F/port.o
                0x0000000008009fa8                vPortValidateInterruptPriority
 .text.pvPortMalloc
                0x000000000800a028      0x198 ./Middlewares/Third_Party/FreeRTOS/Source/portable/MemMang/heap_4.o
                0x000000000800a028                pvPortMalloc
 .text.vPortFree
                0x000000000800a1c0       0xc4 ./Middlewares/Third_Party/FreeRTOS/Source/portable/MemMang/heap_4.o
                0x000000000800a1c0                vPortFree
 .text.prvHeapInit
                0x000000000800a284       0xc4 ./Middlewares/Third_Party/FreeRTOS/Source/portable/MemMang/heap_4.o
 .text.prvInsertBlockIntoFreeList
                0x000000000800a348       0xb4 ./Middlewares/Third_Party/FreeRTOS/Source/portable/MemMang/heap_4.o
 .text.__errno  0x000000000800a3fc        0xc c:/st/stm32cubeide_1.10.1/stm32cubeide/plugins/com.st.stm32cube.ide.mcu.externaltools.gnu-tools-for-stm32.10.3-2021.10.win32_1.0.0.202111181127/tools/bin/../lib/gcc/arm-none-eabi/10.3.1/../../../../arm-none-eabi/lib/thumb/v7e-m+fp/hard\libc_nano.a(lib_a-errno.o)
                0x000000000800a3fc                __errno
 .text.__libc_init_array
                0x000000000800a408       0x48 c:/st/stm32cubeide_1.10.1/stm32cubeide/plugins/com.st.stm32cube.ide.mcu.externaltools.gnu-tools-for-stm32.10.3-2021.10.win32_1.0.0.202111181127/tools/bin/../lib/gcc/arm-none-eabi/10.3.1/../../../../arm-none-eabi/lib/thumb/v7e-m+fp/hard\libc_nano.a(lib_a-init.o)
                0x000000000800a408                __libc_init_array
 .text.__retarget_lock_acquire_recursive
                0x000000000800a450        0x2 c:/st/stm32cubeide_1.10.1/stm32cubeide/plugins/com.st.stm32cube.ide.mcu.externaltools.gnu-tools-for-stm32.10.3-2021.10.win32_1.0.0.202111181127/tools/bin/../lib/gcc/arm-none-eabi/10.3.1/../../../../arm-none-eabi/lib/thumb/v7e-m+fp/hard\libc_nano.a(lib_a-lock.o)
                0x000000000800a450                __retarget_lock_acquire_recursive
 .text.__retarget_lock_release_recursive
                0x000000000800a452        0x2 c:/st/stm32cubeide_1.10.1/stm32cubeide/plugins/com.st.stm32cube.ide.mcu.externaltools.gnu-tools-for-stm32.10.3-2021.10.win32_1.0.0.202111181127/tools/bin/../lib/gcc/arm-none-eabi/10.3.1/../../../../arm-none-eabi/lib/thumb/v7e-m+fp/hard\libc_nano.a(lib_a-lock.o)
                0x000000000800a452                __retarget_lock_release_recursive
 .text.memcpy   0x000000000800a454       0x1c c:/st/stm32cubeide_1.10.1/stm32cubeide/plugins/com.st.stm32cube.ide.mcu.externaltools.gnu-tools-for-stm32.10.3-2021.10.win32_1.0.0.202111181127/tools/bin/../lib/gcc/arm-none-eabi/10.3.1/../../../../arm-none-eabi/lib/thumb/v7e-m+fp/hard\libc_nano.a(lib_a-memcpy-stub.o)
                0x000000000800a454                memcpy
 .text.memset   0x000000000800a470       0x10 c:/st/stm32cubeide_1.10.1/stm32cubeide/plugins/com.st.stm32cube.ide.mcu.externaltools.gnu-tools-for-stm32.10.3-2021.10.win32_1.0.0.202111181127/tools/bin/../lib/gcc/arm-none-eabi/10.3.1/../../../../arm-none-eabi/lib/thumb/v7e-m+fp/hard\libc_nano.a(lib_a-memset.o)
                0x000000000800a470                memset
 .text.sbrk_aligned
                0x000000000800a480       0x40 c:/st/stm32cubeide_1.10.1/stm32cubeide/plugins/com.st.stm32cube.ide.mcu.externaltools.gnu-tools-for-stm32.10.3-2021.10.win32_1.0.0.202111181127/tools/bin/../lib/gcc/arm-none-eabi/10.3.1/../../../../arm-none-eabi/lib/thumb/v7e-m+fp/hard\libc_nano.a(lib_a-nano-mallocr.o)
 .text._malloc_r
                0x000000000800a4c0       0xe8 c:/st/stm32cubeide_1.10.1/stm32cubeide/plugins/com.st.stm32cube.ide.mcu.externaltools.gnu-tools-for-stm32.10.3-2021.10.win32_1.0.0.202111181127/tools/bin/../lib/gcc/arm-none-eabi/10.3.1/../../../../arm-none-eabi/lib/thumb/v7e-m+fp/hard\libc_nano.a(lib_a-nano-mallocr.o)
                0x000000000800a4c0                _malloc_r
 .text.cleanup_glue
                0x000000000800a5a8       0x1a c:/st/stm32cubeide_1.10.1/stm32cubeide/plugins/com.st.stm32cube.ide.mcu.externaltools.gnu-tools-for-stm32.10.3-2021.10.win32_1.0.0.202111181127/tools/bin/../lib/gcc/arm-none-eabi/10.3.1/../../../../arm-none-eabi/lib/thumb/v7e-m+fp/hard\libc_nano.a(lib_a-reent.o)
                0x000000000800a5a8                cleanup_glue
 *fill*         0x000000000800a5c2        0x2 
 .text._reclaim_reent
                0x000000000800a5c4       0xb8 c:/st/stm32cubeide_1.10.1/stm32cubeide/plugins/com.st.stm32cube.ide.mcu.externaltools.gnu-tools-for-stm32.10.3-2021.10.win32_1.0.0.202111181127/tools/bin/../lib/gcc/arm-none-eabi/10.3.1/../../../../arm-none-eabi/lib/thumb/v7e-m+fp/hard\libc_nano.a(lib_a-reent.o)
                0x000000000800a5c4                _reclaim_reent
 .text._sbrk_r  0x000000000800a67c       0x20 c:/st/stm32cubeide_1.10.1/stm32cubeide/plugins/com.st.stm32cube.ide.mcu.externaltools.gnu-tools-for-stm32.10.3-2021.10.win32_1.0.0.202111181127/tools/bin/../lib/gcc/arm-none-eabi/10.3.1/../../../../arm-none-eabi/lib/thumb/v7e-m+fp/hard\libc_nano.a(lib_a-sbrkr.o)
                0x000000000800a67c                _sbrk_r
 .text.sprintf  0x000000000800a69c       0x40 c:/st/stm32cubeide_1.10.1/stm32cubeide/plugins/com.st.stm32cube.ide.mcu.externaltools.gnu-tools-for-stm32.10.3-2021.10.win32_1.0.0.202111181127/tools/bin/../lib/gcc/arm-none-eabi/10.3.1/../../../../arm-none-eabi/lib/thumb/v7e-m+fp/hard\libc_nano.a(lib_a-sprintf.o)
                0x000000000800a69c                siprintf
                0x000000000800a69c                sprintf
 .text.__malloc_lock
                0x000000000800a6dc        0xc c:/st/stm32cubeide_1.10.1/stm32cubeide/plugins/com.st.stm32cube.ide.mcu.externaltools.gnu-tools-for-stm32.10.3-2021.10.win32_1.0.0.202111181127/tools/bin/../lib/gcc/arm-none-eabi/10.3.1/../../../../arm-none-eabi/lib/thumb/v7e-m+fp/hard\libc_nano.a(lib_a-mlock.o)
                0x000000000800a6dc                __malloc_lock
 .text.__malloc_unlock
                0x000000000800a6e8        0xc c:/st/stm32cubeide_1.10.1/stm32cubeide/plugins/com.st.stm32cube.ide.mcu.externaltools.gnu-tools-for-stm32.10.3-2021.10.win32_1.0.0.202111181127/tools/bin/../lib/gcc/arm-none-eabi/10.3.1/../../../../arm-none-eabi/lib/thumb/v7e-m+fp/hard\libc_nano.a(lib_a-mlock.o)
                0x000000000800a6e8                __malloc_unlock
 .text._free_r  0x000000000800a6f4       0x98 c:/st/stm32cubeide_1.10.1/stm32cubeide/plugins/com.st.stm32cube.ide.mcu.externaltools.gnu-tools-for-stm32.10.3-2021.10.win32_1.0.0.202111181127/tools/bin/../lib/gcc/arm-none-eabi/10.3.1/../../../../arm-none-eabi/lib/thumb/v7e-m+fp/hard\libc_nano.a(lib_a-nano-freer.o)
                0x000000000800a6f4                _free_r
 .text.__ssputs_r
                0x000000000800a78c       0xb6 c:/st/stm32cubeide_1.10.1/stm32cubeide/plugins/com.st.stm32cube.ide.mcu.externaltools.gnu-tools-for-stm32.10.3-2021.10.win32_1.0.0.202111181127/tools/bin/../lib/gcc/arm-none-eabi/10.3.1/../../../../arm-none-eabi/lib/thumb/v7e-m+fp/hard\libc_nano.a(lib_a-nano-svfprintf.o)
                0x000000000800a78c                __ssputs_r
 *fill*         0x000000000800a842        0x2 
 .text._svfprintf_r
                0x000000000800a844      0x200 c:/st/stm32cubeide_1.10.1/stm32cubeide/plugins/com.st.stm32cube.ide.mcu.externaltools.gnu-tools-for-stm32.10.3-2021.10.win32_1.0.0.202111181127/tools/bin/../lib/gcc/arm-none-eabi/10.3.1/../../../../arm-none-eabi/lib/thumb/v7e-m+fp/hard\libc_nano.a(lib_a-nano-svfprintf.o)
                0x000000000800a844                _svfiprintf_r
                0x000000000800a844                _svfprintf_r
 .text._printf_common
                0x000000000800aa44       0xda c:/st/stm32cubeide_1.10.1/stm32cubeide/plugins/com.st.stm32cube.ide.mcu.externaltools.gnu-tools-for-stm32.10.3-2021.10.win32_1.0.0.202111181127/tools/bin/../lib/gcc/arm-none-eabi/10.3.1/../../../../arm-none-eabi/lib/thumb/v7e-m+fp/hard\libc_nano.a(lib_a-nano-vfprintf_i.o)
                0x000000000800aa44                _printf_common
 *fill*         0x000000000800ab1e        0x2 
 .text._printf_i
                0x000000000800ab20      0x24c c:/st/stm32cubeide_1.10.1/stm32cubeide/plugins/com.st.stm32cube.ide.mcu.externaltools.gnu-tools-for-stm32.10.3-2021.10.win32_1.0.0.202111181127/tools/bin/../lib/gcc/arm-none-eabi/10.3.1/../../../../arm-none-eabi/lib/thumb/v7e-m+fp/hard\libc_nano.a(lib_a-nano-vfprintf_i.o)
                0x000000000800ab20                _printf_i
 .text.memmove  0x000000000800ad6c       0x34 c:/st/stm32cubeide_1.10.1/stm32cubeide/plugins/com.st.stm32cube.ide.mcu.externaltools.gnu-tools-for-stm32.10.3-2021.10.win32_1.0.0.202111181127/tools/bin/../lib/gcc/arm-none-eabi/10.3.1/../../../../arm-none-eabi/lib/thumb/v7e-m+fp/hard\libc_nano.a(lib_a-memmove.o)
                0x000000000800ad6c                memmove
 .text._realloc_r
                0x000000000800ada0       0x5e c:/st/stm32cubeide_1.10.1/stm32cubeide/plugins/com.st.stm32cube.ide.mcu.externaltools.gnu-tools-for-stm32.10.3-2021.10.win32_1.0.0.202111181127/tools/bin/../lib/gcc/arm-none-eabi/10.3.1/../../../../arm-none-eabi/lib/thumb/v7e-m+fp/hard\libc_nano.a(lib_a-nano-reallocr.o)
                0x000000000800ada0                _realloc_r
 .text._malloc_usable_size_r
                0x000000000800adfe       0x10 c:/st/stm32cubeide_1.10.1/stm32cubeide/plugins/com.st.stm32cube.ide.mcu.externaltools.gnu-tools-for-stm32.10.3-2021.10.win32_1.0.0.202111181127/tools/bin/../lib/gcc/arm-none-eabi/10.3.1/../../../../arm-none-eabi/lib/thumb/v7e-m+fp/hard\libc_nano.a(lib_a-nano-msizer.o)
                0x000000000800adfe                _malloc_usable_size_r
 *(.glue_7)
 .glue_7        0x000000000800ae0e        0x0 linker stubs
 *(.glue_7t)
 .glue_7t       0x000000000800ae0e        0x0 linker stubs
 *(.eh_frame)
 *fill*         0x000000000800ae0e        0x2 
 .eh_frame      0x000000000800ae10        0x0 c:/st/stm32cubeide_1.10.1/stm32cubeide/plugins/com.st.stm32cube.ide.mcu.externaltools.gnu-tools-for-stm32.10.3-2021.10.win32_1.0.0.202111181127/tools/bin/../lib/gcc/arm-none-eabi/10.3.1/thumb/v7e-m+fp/hard/crtbegin.o
 *(.init)
 .init          0x000000000800ae10        0x4 c:/st/stm32cubeide_1.10.1/stm32cubeide/plugins/com.st.stm32cube.ide.mcu.externaltools.gnu-tools-for-stm32.10.3-2021.10.win32_1.0.0.202111181127/tools/bin/../lib/gcc/arm-none-eabi/10.3.1/thumb/v7e-m+fp/hard/crti.o
                0x000000000800ae10                _init
 .init          0x000000000800ae14        0x8 c:/st/stm32cubeide_1.10.1/stm32cubeide/plugins/com.st.stm32cube.ide.mcu.externaltools.gnu-tools-for-stm32.10.3-2021.10.win32_1.0.0.202111181127/tools/bin/../lib/gcc/arm-none-eabi/10.3.1/thumb/v7e-m+fp/hard/crtn.o
 *(.fini)
 .fini          0x000000000800ae1c        0x4 c:/st/stm32cubeide_1.10.1/stm32cubeide/plugins/com.st.stm32cube.ide.mcu.externaltools.gnu-tools-for-stm32.10.3-2021.10.win32_1.0.0.202111181127/tools/bin/../lib/gcc/arm-none-eabi/10.3.1/thumb/v7e-m+fp/hard/crti.o
                0x000000000800ae1c                _fini
 .fini          0x000000000800ae20        0x8 c:/st/stm32cubeide_1.10.1/stm32cubeide/plugins/com.st.stm32cube.ide.mcu.externaltools.gnu-tools-for-stm32.10.3-2021.10.win32_1.0.0.202111181127/tools/bin/../lib/gcc/arm-none-eabi/10.3.1/thumb/v7e-m+fp/hard/crtn.o
                0x000000000800ae28                . = ALIGN (0x4)
                0x000000000800ae28                _etext = .

.vfp11_veneer   0x000000000800ae28        0x0
 .vfp11_veneer  0x000000000800ae28        0x0 linker stubs

.v4_bx          0x000000000800ae28        0x0
 .v4_bx         0x000000000800ae28        0x0 linker stubs

.iplt           0x000000000800ae28        0x0
 .iplt          0x000000000800ae28        0x0 c:/st/stm32cubeide_1.10.1/stm32cubeide/plugins/com.st.stm32cube.ide.mcu.externaltools.gnu-tools-for-stm32.10.3-2021.10.win32_1.0.0.202111181127/tools/bin/../lib/gcc/arm-none-eabi/10.3.1/thumb/v7e-m+fp/hard/crtbegin.o

.rodata         0x000000000800ae28      0x240
                0x000000000800ae28                . = ALIGN (0x4)
 *(.rodata)
 .rodata        0x000000000800ae28       0x80 ./Core/Src/app_freertos.o
 .rodata        0x000000000800aea8        0x5 ./Middlewares/Third_Party/FreeRTOS/Source/tasks.o
 *fill*         0x000000000800aead        0x3 
 .rodata        0x000000000800aeb0        0xd ./Middlewares/Third_Party/FreeRTOS/Source/timers.o
 *(.rodata*)
 *fill*         0x000000000800aebd        0x3 
 .rodata.Utrassom_attributes
                0x000000000800aec0       0x24 ./Core/Src/app_freertos.o
                0x000000000800aec0                Utrassom_attributes
 .rodata.Comunica_attributes
                0x000000000800aee4       0x24 ./Core/Src/app_freertos.o
                0x000000000800aee4                Comunica_attributes
 .rodata.Seguidor_attributes
                0x000000000800af08       0x24 ./Core/Src/app_freertos.o
                0x000000000800af08                Seguidor_attributes
 .rodata.Motores_attributes
                0x000000000800af2c       0x24 ./Core/Src/app_freertos.o
                0x000000000800af2c                Motores_attributes
 .rodata.Odometria_attributes
                0x000000000800af50       0x24 ./Core/Src/app_freertos.o
                0x000000000800af50                Odometria_attributes
 .rodata.SemaphoreMovimenta_attributes
                0x000000000800af74       0x10 ./Core/Src/app_freertos.o
                0x000000000800af74                SemaphoreMovimenta_attributes
 .rodata.SemaphoreComunica_attributes
                0x000000000800af84       0x10 ./Core/Src/app_freertos.o
                0x000000000800af84                SemaphoreComunica_attributes
 .rodata.AHBPrescTable
                0x000000000800af94       0x10 ./Core/Src/system_stm32g4xx.o
                0x000000000800af94                AHBPrescTable
 .rodata.APBPrescTable
                0x000000000800afa4        0x8 ./Core/Src/system_stm32g4xx.o
                0x000000000800afa4                APBPrescTable
 .rodata.UARTPrescTable
                0x000000000800afac       0x18 ./Drivers/STM32G4xx_HAL_Driver/Src/stm32g4xx_hal_uart.o
                0x000000000800afac                UARTPrescTable
 .rodata.numerator.1
                0x000000000800afc4        0x8 ./Drivers/STM32G4xx_HAL_Driver/Src/stm32g4xx_hal_uart_ex.o
 .rodata.denominator.0
                0x000000000800afcc        0x8 ./Drivers/STM32G4xx_HAL_Driver/Src/stm32g4xx_hal_uart_ex.o
 .rodata.__sf_fake_stderr
                0x000000000800afd4       0x20 c:/st/stm32cubeide_1.10.1/stm32cubeide/plugins/com.st.stm32cube.ide.mcu.externaltools.gnu-tools-for-stm32.10.3-2021.10.win32_1.0.0.202111181127/tools/bin/../lib/gcc/arm-none-eabi/10.3.1/../../../../arm-none-eabi/lib/thumb/v7e-m+fp/hard\libc_nano.a(lib_a-findfp.o)
                0x000000000800afd4                __sf_fake_stderr
 .rodata.__sf_fake_stdin
                0x000000000800aff4       0x20 c:/st/stm32cubeide_1.10.1/stm32cubeide/plugins/com.st.stm32cube.ide.mcu.externaltools.gnu-tools-for-stm32.10.3-2021.10.win32_1.0.0.202111181127/tools/bin/../lib/gcc/arm-none-eabi/10.3.1/../../../../arm-none-eabi/lib/thumb/v7e-m+fp/hard\libc_nano.a(lib_a-findfp.o)
                0x000000000800aff4                __sf_fake_stdin
 .rodata.__sf_fake_stdout
                0x000000000800b014       0x20 c:/st/stm32cubeide_1.10.1/stm32cubeide/plugins/com.st.stm32cube.ide.mcu.externaltools.gnu-tools-for-stm32.10.3-2021.10.win32_1.0.0.202111181127/tools/bin/../lib/gcc/arm-none-eabi/10.3.1/../../../../arm-none-eabi/lib/thumb/v7e-m+fp/hard\libc_nano.a(lib_a-findfp.o)
                0x000000000800b014                __sf_fake_stdout
 .rodata._svfprintf_r.str1.1
                0x000000000800b034       0x11 c:/st/stm32cubeide_1.10.1/stm32cubeide/plugins/com.st.stm32cube.ide.mcu.externaltools.gnu-tools-for-stm32.10.3-2021.10.win32_1.0.0.202111181127/tools/bin/../lib/gcc/arm-none-eabi/10.3.1/../../../../arm-none-eabi/lib/thumb/v7e-m+fp/hard\libc_nano.a(lib_a-nano-svfprintf.o)
 .rodata._printf_i.str1.1
                0x000000000800b045       0x22 c:/st/stm32cubeide_1.10.1/stm32cubeide/plugins/com.st.stm32cube.ide.mcu.externaltools.gnu-tools-for-stm32.10.3-2021.10.win32_1.0.0.202111181127/tools/bin/../lib/gcc/arm-none-eabi/10.3.1/../../../../arm-none-eabi/lib/thumb/v7e-m+fp/hard\libc_nano.a(lib_a-nano-vfprintf_i.o)
                0x000000000800b068                . = ALIGN (0x4)
 *fill*         0x000000000800b067        0x1 

.ARM.extab      0x000000000800b068        0x0
                0x000000000800b068                . = ALIGN (0x4)
 *(.ARM.extab* .gnu.linkonce.armextab.*)
                0x000000000800b068                . = ALIGN (0x4)

.ARM            0x000000000800b068        0x8
                0x000000000800b068                . = ALIGN (0x4)
                0x000000000800b068                __exidx_start = .
 *(.ARM.exidx*)
 .ARM.exidx     0x000000000800b068        0x8 c:/st/stm32cubeide_1.10.1/stm32cubeide/plugins/com.st.stm32cube.ide.mcu.externaltools.gnu-tools-for-stm32.10.3-2021.10.win32_1.0.0.202111181127/tools/bin/../lib/gcc/arm-none-eabi/10.3.1/thumb/v7e-m+fp/hard\libgcc.a(_udivmoddi4.o)
                0x000000000800b070                __exidx_end = .
                0x000000000800b070                . = ALIGN (0x4)

.rel.dyn        0x000000000800b070        0x0
 .rel.iplt      0x000000000800b070        0x0 c:/st/stm32cubeide_1.10.1/stm32cubeide/plugins/com.st.stm32cube.ide.mcu.externaltools.gnu-tools-for-stm32.10.3-2021.10.win32_1.0.0.202111181127/tools/bin/../lib/gcc/arm-none-eabi/10.3.1/thumb/v7e-m+fp/hard/crtbegin.o

.preinit_array  0x000000000800b070        0x0
                0x000000000800b070                . = ALIGN (0x4)
                0x000000000800b070                PROVIDE (__preinit_array_start = .)
 *(.preinit_array*)
                0x000000000800b070                PROVIDE (__preinit_array_end = .)
                0x000000000800b070                . = ALIGN (0x4)

.init_array     0x000000000800b070        0x4
                0x000000000800b070                . = ALIGN (0x4)
                0x000000000800b070                PROVIDE (__init_array_start = .)
 *(SORT_BY_NAME(.init_array.*))
 *(.init_array*)
 .init_array    0x000000000800b070        0x4 c:/st/stm32cubeide_1.10.1/stm32cubeide/plugins/com.st.stm32cube.ide.mcu.externaltools.gnu-tools-for-stm32.10.3-2021.10.win32_1.0.0.202111181127/tools/bin/../lib/gcc/arm-none-eabi/10.3.1/thumb/v7e-m+fp/hard/crtbegin.o
                0x000000000800b074                PROVIDE (__init_array_end = .)
                0x000000000800b074                . = ALIGN (0x4)

.fini_array     0x000000000800b074        0x4
                0x000000000800b074                . = ALIGN (0x4)
                [!provide]                        PROVIDE (__fini_array_start = .)
 *(SORT_BY_NAME(.fini_array.*))
 *(.fini_array*)
 .fini_array    0x000000000800b074        0x4 c:/st/stm32cubeide_1.10.1/stm32cubeide/plugins/com.st.stm32cube.ide.mcu.externaltools.gnu-tools-for-stm32.10.3-2021.10.win32_1.0.0.202111181127/tools/bin/../lib/gcc/arm-none-eabi/10.3.1/thumb/v7e-m+fp/hard/crtbegin.o
                [!provide]                        PROVIDE (__fini_array_end = .)
                0x000000000800b078                . = ALIGN (0x4)
                0x000000000800b078                _sidata = LOADADDR (.data)

.data           0x0000000020000000       0x84 load address 0x000000000800b078
                0x0000000020000000                . = ALIGN (0x4)
                0x0000000020000000                _sdata = .
 *(.data)
 *(.data*)
 .data.uiIs_First
                0x0000000020000000        0x1 ./Core/Src/app_freertos.o
                0x0000000020000000                uiIs_First
 *fill*         0x0000000020000001        0x3 
 .data.uiVelocidade
                0x0000000020000004        0x4 ./Core/Src/app_freertos.o
                0x0000000020000004                uiVelocidade
 .data.fCalibragemD
                0x0000000020000008        0x4 ./Core/Src/app_freertos.o
                0x0000000020000008                fCalibragemD
 .data.fReducao
                0x000000002000000c        0x4 ./Core/Src/app_freertos.o
                0x000000002000000c                fReducao
 .data.SystemCoreClock
                0x0000000020000010        0x4 ./Core/Src/system_stm32g4xx.o
                0x0000000020000010                SystemCoreClock
 .data.uwTickPrio
                0x0000000020000014        0x4 ./Drivers/STM32G4xx_HAL_Driver/Src/stm32g4xx_hal.o
                0x0000000020000014                uwTickPrio
 .data.uwTickFreq
                0x0000000020000018        0x4 ./Drivers/STM32G4xx_HAL_Driver/Src/stm32g4xx_hal.o
                0x0000000020000018                uwTickFreq
 .data.uxCriticalNesting
                0x000000002000001c        0x4 ./Middlewares/Third_Party/FreeRTOS/Source/portable/GCC/ARM_CM4F/port.o
 .data._impure_ptr
                0x0000000020000020        0x4 c:/st/stm32cubeide_1.10.1/stm32cubeide/plugins/com.st.stm32cube.ide.mcu.externaltools.gnu-tools-for-stm32.10.3-2021.10.win32_1.0.0.202111181127/tools/bin/../lib/gcc/arm-none-eabi/10.3.1/../../../../arm-none-eabi/lib/thumb/v7e-m+fp/hard\libc_nano.a(lib_a-impure.o)
                0x0000000020000020                _impure_ptr
 .data.impure_data
                0x0000000020000024       0x60 c:/st/stm32cubeide_1.10.1/stm32cubeide/plugins/com.st.stm32cube.ide.mcu.externaltools.gnu-tools-for-stm32.10.3-2021.10.win32_1.0.0.202111181127/tools/bin/../lib/gcc/arm-none-eabi/10.3.1/../../../../arm-none-eabi/lib/thumb/v7e-m+fp/hard\libc_nano.a(lib_a-impure.o)
 *(.RamFunc)
 *(.RamFunc*)
                0x0000000020000084                . = ALIGN (0x4)
                0x0000000020000084                _edata = .

.igot.plt       0x0000000020000084        0x0 load address 0x000000000800b0fc
 .igot.plt      0x0000000020000084        0x0 c:/st/stm32cubeide_1.10.1/stm32cubeide/plugins/com.st.stm32cube.ide.mcu.externaltools.gnu-tools-for-stm32.10.3-2021.10.win32_1.0.0.202111181127/tools/bin/../lib/gcc/arm-none-eabi/10.3.1/thumb/v7e-m+fp/hard/crtbegin.o
                0x0000000020000084                . = ALIGN (0x4)

.bss            0x0000000020000084     0x2590 load address 0x000000000800b0fc
                0x0000000020000084                _sbss = .
                0x0000000020000084                __bss_start__ = _sbss
 *(.bss)
 .bss           0x0000000020000084       0x1c c:/st/stm32cubeide_1.10.1/stm32cubeide/plugins/com.st.stm32cube.ide.mcu.externaltools.gnu-tools-for-stm32.10.3-2021.10.win32_1.0.0.202111181127/tools/bin/../lib/gcc/arm-none-eabi/10.3.1/thumb/v7e-m+fp/hard/crtbegin.o
 *(.bss*)
 .bss.ulValor1  0x00000000200000a0        0x4 ./Core/Src/app_freertos.o
                0x00000000200000a0                ulValor1
 .bss.ulValor2  0x00000000200000a4        0x4 ./Core/Src/app_freertos.o
                0x00000000200000a4                ulValor2
 .bss.iDiferenca
                0x00000000200000a8        0x4 ./Core/Src/app_freertos.o
                0x00000000200000a8                iDiferenca
 .bss.ulDistancia
                0x00000000200000ac        0x4 ./Core/Src/app_freertos.o
                0x00000000200000ac                ulDistancia
 .bss.uiVelocidadeRefD
                0x00000000200000b0        0x4 ./Core/Src/app_freertos.o
                0x00000000200000b0                uiVelocidadeRefD
 .bss.uiVelocidadeRefE
                0x00000000200000b4        0x4 ./Core/Src/app_freertos.o
                0x00000000200000b4                uiVelocidadeRefE
 .bss.fCalibragemE
                0x00000000200000b8        0x4 ./Core/Src/app_freertos.o
                0x00000000200000b8                fCalibragemE
 .bss.ulPulsePerSecondE
                0x00000000200000bc        0x4 ./Core/Src/app_freertos.o
                0x00000000200000bc                ulPulsePerSecondE
 .bss.ulRpmE    0x00000000200000c0        0x4 ./Core/Src/app_freertos.o
                0x00000000200000c0                ulRpmE
 .bss.ulPulsePerSecondD
                0x00000000200000c4        0x4 ./Core/Src/app_freertos.o
                0x00000000200000c4                ulPulsePerSecondD
 .bss.ulRpmD    0x00000000200000c8        0x4 ./Core/Src/app_freertos.o
                0x00000000200000c8                ulRpmD
 .bss.uiStart   0x00000000200000cc        0x4 ./Core/Src/app_freertos.o
                0x00000000200000cc                uiStart
 .bss.cMostrar  0x00000000200000d0       0x64 ./Core/Src/app_freertos.o
                0x00000000200000d0                cMostrar
 .bss.UtrassomHandle
                0x0000000020000134        0x4 ./Core/Src/app_freertos.o
                0x0000000020000134                UtrassomHandle
 .bss.ComunicaHandle
                0x0000000020000138        0x4 ./Core/Src/app_freertos.o
                0x0000000020000138                ComunicaHandle
 .bss.SeguidorHandle
                0x000000002000013c        0x4 ./Core/Src/app_freertos.o
                0x000000002000013c                SeguidorHandle
 .bss.MotoresHandle
                0x0000000020000140        0x4 ./Core/Src/app_freertos.o
                0x0000000020000140                MotoresHandle
 .bss.OdometriaHandle
                0x0000000020000144        0x4 ./Core/Src/app_freertos.o
                0x0000000020000144                OdometriaHandle
 .bss.SemaphoreMovimentaHandle
                0x0000000020000148        0x4 ./Core/Src/app_freertos.o
                0x0000000020000148                SemaphoreMovimentaHandle
 .bss.SemaphoreComunicaHandle
                0x000000002000014c        0x4 ./Core/Src/app_freertos.o
                0x000000002000014c                SemaphoreComunicaHandle
 .bss.__sbrk_heap_end
                0x0000000020000150        0x4 ./Core/Src/sysmem.o
 .bss.htim1     0x0000000020000154       0x4c ./Core/Src/tim.o
                0x0000000020000154                htim1
 .bss.htim2     0x00000000200001a0       0x4c ./Core/Src/tim.o
                0x00000000200001a0                htim2
 .bss.htim3     0x00000000200001ec       0x4c ./Core/Src/tim.o
                0x00000000200001ec                htim3
 .bss.htim4     0x0000000020000238       0x4c ./Core/Src/tim.o
                0x0000000020000238                htim4
 .bss.htim6     0x0000000020000284       0x4c ./Core/Src/tim.o
                0x0000000020000284                htim6
 .bss.hlpuart1  0x00000000200002d0       0x90 ./Core/Src/usart.o
                0x00000000200002d0                hlpuart1
 .bss.huart1    0x0000000020000360       0x90 ./Core/Src/usart.o
                0x0000000020000360                huart1
 .bss.uwTick    0x00000000200003f0        0x4 ./Drivers/STM32G4xx_HAL_Driver/Src/stm32g4xx_hal.o
                0x00000000200003f0                uwTick
 .bss.KernelState
                0x00000000200003f4        0x4 ./Middlewares/Third_Party/FreeRTOS/Source/CMSIS_RTOS_V2/cmsis_os2.o
 .bss.Idle_TCB.3
                0x00000000200003f8       0xbc ./Middlewares/Third_Party/FreeRTOS/Source/CMSIS_RTOS_V2/cmsis_os2.o
 .bss.Idle_Stack.2
                0x00000000200004b4      0x200 ./Middlewares/Third_Party/FreeRTOS/Source/CMSIS_RTOS_V2/cmsis_os2.o
 .bss.Timer_TCB.1
                0x00000000200006b4       0xbc ./Middlewares/Third_Party/FreeRTOS/Source/CMSIS_RTOS_V2/cmsis_os2.o
 .bss.Timer_Stack.0
                0x0000000020000770      0x400 ./Middlewares/Third_Party/FreeRTOS/Source/CMSIS_RTOS_V2/cmsis_os2.o
 .bss.xQueueRegistry
                0x0000000020000b70       0x40 ./Middlewares/Third_Party/FreeRTOS/Source/queue.o
                0x0000000020000b70                xQueueRegistry
 .bss.pxCurrentTCB
                0x0000000020000bb0        0x4 ./Middlewares/Third_Party/FreeRTOS/Source/tasks.o
                0x0000000020000bb0                pxCurrentTCB
 .bss.pxReadyTasksLists
                0x0000000020000bb4      0x460 ./Middlewares/Third_Party/FreeRTOS/Source/tasks.o
 .bss.xDelayedTaskList1
                0x0000000020001014       0x14 ./Middlewares/Third_Party/FreeRTOS/Source/tasks.o
 .bss.xDelayedTaskList2
                0x0000000020001028       0x14 ./Middlewares/Third_Party/FreeRTOS/Source/tasks.o
 .bss.pxDelayedTaskList
                0x000000002000103c        0x4 ./Middlewares/Third_Party/FreeRTOS/Source/tasks.o
 .bss.pxOverflowDelayedTaskList
                0x0000000020001040        0x4 ./Middlewares/Third_Party/FreeRTOS/Source/tasks.o
 .bss.xPendingReadyList
                0x0000000020001044       0x14 ./Middlewares/Third_Party/FreeRTOS/Source/tasks.o
 .bss.xTasksWaitingTermination
                0x0000000020001058       0x14 ./Middlewares/Third_Party/FreeRTOS/Source/tasks.o
 .bss.uxDeletedTasksWaitingCleanUp
                0x000000002000106c        0x4 ./Middlewares/Third_Party/FreeRTOS/Source/tasks.o
 .bss.xSuspendedTaskList
                0x0000000020001070       0x14 ./Middlewares/Third_Party/FreeRTOS/Source/tasks.o
 .bss.uxCurrentNumberOfTasks
                0x0000000020001084        0x4 ./Middlewares/Third_Party/FreeRTOS/Source/tasks.o
 .bss.xTickCount
                0x0000000020001088        0x4 ./Middlewares/Third_Party/FreeRTOS/Source/tasks.o
 .bss.uxTopReadyPriority
                0x000000002000108c        0x4 ./Middlewares/Third_Party/FreeRTOS/Source/tasks.o
 .bss.xSchedulerRunning
                0x0000000020001090        0x4 ./Middlewares/Third_Party/FreeRTOS/Source/tasks.o
 .bss.xPendedTicks
                0x0000000020001094        0x4 ./Middlewares/Third_Party/FreeRTOS/Source/tasks.o
 .bss.xYieldPending
                0x0000000020001098        0x4 ./Middlewares/Third_Party/FreeRTOS/Source/tasks.o
 .bss.xNumOfOverflows
                0x000000002000109c        0x4 ./Middlewares/Third_Party/FreeRTOS/Source/tasks.o
 .bss.uxTaskNumber
                0x00000000200010a0        0x4 ./Middlewares/Third_Party/FreeRTOS/Source/tasks.o
 .bss.xNextTaskUnblockTime
                0x00000000200010a4        0x4 ./Middlewares/Third_Party/FreeRTOS/Source/tasks.o
 .bss.xIdleTaskHandle
                0x00000000200010a8        0x4 ./Middlewares/Third_Party/FreeRTOS/Source/tasks.o
 .bss.uxSchedulerSuspended
                0x00000000200010ac        0x4 ./Middlewares/Third_Party/FreeRTOS/Source/tasks.o
 .bss.xActiveTimerList1
                0x00000000200010b0       0x14 ./Middlewares/Third_Party/FreeRTOS/Source/timers.o
 .bss.xActiveTimerList2
                0x00000000200010c4       0x14 ./Middlewares/Third_Party/FreeRTOS/Source/timers.o
 .bss.pxCurrentTimerList
                0x00000000200010d8        0x4 ./Middlewares/Third_Party/FreeRTOS/Source/timers.o
 .bss.pxOverflowTimerList
                0x00000000200010dc        0x4 ./Middlewares/Third_Party/FreeRTOS/Source/timers.o
 .bss.xTimerQueue
                0x00000000200010e0        0x4 ./Middlewares/Third_Party/FreeRTOS/Source/timers.o
 .bss.xTimerTaskHandle
                0x00000000200010e4        0x4 ./Middlewares/Third_Party/FreeRTOS/Source/timers.o
 .bss.xLastTime.2
                0x00000000200010e8        0x4 ./Middlewares/Third_Party/FreeRTOS/Source/timers.o
 .bss.ucStaticTimerQueueStorage.1
                0x00000000200010ec       0xa0 ./Middlewares/Third_Party/FreeRTOS/Source/timers.o
 .bss.xStaticTimerQueue.0
                0x000000002000118c       0x50 ./Middlewares/Third_Party/FreeRTOS/Source/timers.o
 .bss.ucMaxSysCallPriority
                0x00000000200011dc        0x1 ./Middlewares/Third_Party/FreeRTOS/Source/portable/GCC/ARM_CM4F/port.o
 *fill*         0x00000000200011dd        0x3 
 .bss.ulMaxPRIGROUPValue
                0x00000000200011e0        0x4 ./Middlewares/Third_Party/FreeRTOS/Source/portable/GCC/ARM_CM4F/port.o
 .bss.ucHeap    0x00000000200011e4     0x1400 ./Middlewares/Third_Party/FreeRTOS/Source/portable/MemMang/heap_4.o
 .bss.xStart    0x00000000200025e4        0x8 ./Middlewares/Third_Party/FreeRTOS/Source/portable/MemMang/heap_4.o
 .bss.pxEnd     0x00000000200025ec        0x4 ./Middlewares/Third_Party/FreeRTOS/Source/portable/MemMang/heap_4.o
 .bss.xFreeBytesRemaining
                0x00000000200025f0        0x4 ./Middlewares/Third_Party/FreeRTOS/Source/portable/MemMang/heap_4.o
 .bss.xMinimumEverFreeBytesRemaining
                0x00000000200025f4        0x4 ./Middlewares/Third_Party/FreeRTOS/Source/portable/MemMang/heap_4.o
 .bss.xNumberOfSuccessfulAllocations
                0x00000000200025f8        0x4 ./Middlewares/Third_Party/FreeRTOS/Source/portable/MemMang/heap_4.o
 .bss.xNumberOfSuccessfulFrees
                0x00000000200025fc        0x4 ./Middlewares/Third_Party/FreeRTOS/Source/portable/MemMang/heap_4.o
 .bss.xBlockAllocatedBit
                0x0000000020002600        0x4 ./Middlewares/Third_Party/FreeRTOS/Source/portable/MemMang/heap_4.o
 .bss.__lock___malloc_recursive_mutex
                0x0000000020002604        0x1 c:/st/stm32cubeide_1.10.1/stm32cubeide/plugins/com.st.stm32cube.ide.mcu.externaltools.gnu-tools-for-stm32.10.3-2021.10.win32_1.0.0.202111181127/tools/bin/../lib/gcc/arm-none-eabi/10.3.1/../../../../arm-none-eabi/lib/thumb/v7e-m+fp/hard\libc_nano.a(lib_a-lock.o)
                0x0000000020002604                __lock___malloc_recursive_mutex
 *fill*         0x0000000020002605        0x3 
 .bss.__malloc_free_list
                0x0000000020002608        0x4 c:/st/stm32cubeide_1.10.1/stm32cubeide/plugins/com.st.stm32cube.ide.mcu.externaltools.gnu-tools-for-stm32.10.3-2021.10.win32_1.0.0.202111181127/tools/bin/../lib/gcc/arm-none-eabi/10.3.1/../../../../arm-none-eabi/lib/thumb/v7e-m+fp/hard\libc_nano.a(lib_a-nano-mallocr.o)
                0x0000000020002608                __malloc_free_list
 .bss.__malloc_sbrk_start
                0x000000002000260c        0x4 c:/st/stm32cubeide_1.10.1/stm32cubeide/plugins/com.st.stm32cube.ide.mcu.externaltools.gnu-tools-for-stm32.10.3-2021.10.win32_1.0.0.202111181127/tools/bin/../lib/gcc/arm-none-eabi/10.3.1/../../../../arm-none-eabi/lib/thumb/v7e-m+fp/hard\libc_nano.a(lib_a-nano-mallocr.o)
                0x000000002000260c                __malloc_sbrk_start
 .bss.errno     0x0000000020002610        0x4 c:/st/stm32cubeide_1.10.1/stm32cubeide/plugins/com.st.stm32cube.ide.mcu.externaltools.gnu-tools-for-stm32.10.3-2021.10.win32_1.0.0.202111181127/tools/bin/../lib/gcc/arm-none-eabi/10.3.1/../../../../arm-none-eabi/lib/thumb/v7e-m+fp/hard\libc_nano.a(lib_a-reent.o)
                0x0000000020002610                errno
 *(COMMON)
                0x0000000020002614                . = ALIGN (0x4)
                0x0000000020002614                _ebss = .
                0x0000000020002614                __bss_end__ = _ebss

._user_heap_stack
                0x0000000020002614      0x604 load address 0x000000000800b0fc
                0x0000000020002618                . = ALIGN (0x8)
 *fill*         0x0000000020002614        0x4 
                [!provide]                        PROVIDE (end = .)
                0x0000000020002618                PROVIDE (_end = .)
                0x0000000020002818                . = (. + _Min_Heap_Size)
 *fill*         0x0000000020002618      0x200 
                0x0000000020002c18                . = (. + _Min_Stack_Size)
 *fill*         0x0000000020002818      0x400 
                0x0000000020002c18                . = ALIGN (0x8)

/DISCARD/
 libc.a(*)
 libm.a(*)
 libgcc.a(*)

.ARM.attributes
                0x0000000000000000       0x30
 *(.ARM.attributes)
 .ARM.attributes
                0x0000000000000000       0x1e c:/st/stm32cubeide_1.10.1/stm32cubeide/plugins/com.st.stm32cube.ide.mcu.externaltools.gnu-tools-for-stm32.10.3-2021.10.win32_1.0.0.202111181127/tools/bin/../lib/gcc/arm-none-eabi/10.3.1/thumb/v7e-m+fp/hard/crti.o
 .ARM.attributes
                0x000000000000001e       0x34 c:/st/stm32cubeide_1.10.1/stm32cubeide/plugins/com.st.stm32cube.ide.mcu.externaltools.gnu-tools-for-stm32.10.3-2021.10.win32_1.0.0.202111181127/tools/bin/../lib/gcc/arm-none-eabi/10.3.1/thumb/v7e-m+fp/hard/crtbegin.o
 .ARM.attributes
                0x0000000000000052       0x34 ./Core/Src/app_freertos.o
 .ARM.attributes
                0x0000000000000086       0x34 ./Core/Src/gpio.o
 .ARM.attributes
                0x00000000000000ba       0x34 ./Core/Src/main.o
 .ARM.attributes
                0x00000000000000ee       0x34 ./Core/Src/stm32g4xx_hal_msp.o
 .ARM.attributes
                0x0000000000000122       0x34 ./Core/Src/stm32g4xx_it.o
 .ARM.attributes
                0x0000000000000156       0x34 ./Core/Src/sysmem.o
 .ARM.attributes
                0x000000000000018a       0x34 ./Core/Src/system_stm32g4xx.o
 .ARM.attributes
                0x00000000000001be       0x34 ./Core/Src/tim.o
 .ARM.attributes
                0x00000000000001f2       0x34 ./Core/Src/usart.o
 .ARM.attributes
                0x0000000000000226       0x21 ./Core/Startup/startup_stm32g474retx.o
 .ARM.attributes
                0x0000000000000247       0x34 ./Drivers/STM32G4xx_HAL_Driver/Src/stm32g4xx_hal.o
 .ARM.attributes
                0x000000000000027b       0x34 ./Drivers/STM32G4xx_HAL_Driver/Src/stm32g4xx_hal_cortex.o
 .ARM.attributes
                0x00000000000002af       0x34 ./Drivers/STM32G4xx_HAL_Driver/Src/stm32g4xx_hal_dma.o
 .ARM.attributes
                0x00000000000002e3       0x34 ./Drivers/STM32G4xx_HAL_Driver/Src/stm32g4xx_hal_gpio.o
 .ARM.attributes
                0x0000000000000317       0x34 ./Drivers/STM32G4xx_HAL_Driver/Src/stm32g4xx_hal_pwr_ex.o
 .ARM.attributes
                0x000000000000034b       0x34 ./Drivers/STM32G4xx_HAL_Driver/Src/stm32g4xx_hal_rcc.o
 .ARM.attributes
                0x000000000000037f       0x34 ./Drivers/STM32G4xx_HAL_Driver/Src/stm32g4xx_hal_rcc_ex.o
 .ARM.attributes
                0x00000000000003b3       0x34 ./Drivers/STM32G4xx_HAL_Driver/Src/stm32g4xx_hal_tim.o
 .ARM.attributes
                0x00000000000003e7       0x34 ./Drivers/STM32G4xx_HAL_Driver/Src/stm32g4xx_hal_tim_ex.o
 .ARM.attributes
                0x000000000000041b       0x34 ./Drivers/STM32G4xx_HAL_Driver/Src/stm32g4xx_hal_uart.o
 .ARM.attributes
                0x000000000000044f       0x34 ./Drivers/STM32G4xx_HAL_Driver/Src/stm32g4xx_hal_uart_ex.o
 .ARM.attributes
                0x0000000000000483       0x34 ./Middlewares/Third_Party/FreeRTOS/Source/CMSIS_RTOS_V2/cmsis_os2.o
 .ARM.attributes
                0x00000000000004b7       0x34 ./Middlewares/Third_Party/FreeRTOS/Source/list.o
 .ARM.attributes
                0x00000000000004eb       0x34 ./Middlewares/Third_Party/FreeRTOS/Source/queue.o
 .ARM.attributes
                0x000000000000051f       0x34 ./Middlewares/Third_Party/FreeRTOS/Source/tasks.o
 .ARM.attributes
                0x0000000000000553       0x34 ./Middlewares/Third_Party/FreeRTOS/Source/timers.o
 .ARM.attributes
                0x0000000000000587       0x34 ./Middlewares/Third_Party/FreeRTOS/Source/portable/GCC/ARM_CM4F/port.o
 .ARM.attributes