../Core/Src/app_freertos.c:160:6:MX_FREERTOS_Init	8	static
../Core/Src/app_freertos.c:222:6:FunctionUltrassom	16	static
../Core/Src/app_freertos.c:245:6:FunctionComunica	56	static
../Core/Src/app_freertos.c:288:6:FunctionSeguidor	24	static
../Core/Src/app_freertos.c:362:6:FunctionAtivarMotores	64	static
../Core/Src/app_freertos.c:442:6:FunctionOdometria	32	static
../Core/Src/app_freertos.c:467:6:HAL_TIM_IC_CaptureCallback	16	static
../Core/Src/app_freertos.c:487:6:HAL_TIM_PeriodElapsedCallback	16	static
../Core/Src/app_freertos.c:499:6:HAL_UART_RxCpltCallback	16	static
