../Core/Src/app_freertos.c:154:6:MX_FREERTOS_Init	8	static
../Core/Src/app_freertos.c:216:6:FunctionUltrassom	16	static
../Core/Src/app_freertos.c:239:6:FunctionComunica	56	static
../Core/Src/app_freertos.c:282:6:FunctionSeguidor	24	static
../Core/Src/app_freertos.c:356:6:FunctionAtivarMotores	64	static
../Core/Src/app_freertos.c:436:6:FunctionOdometria	32	static
../Core/Src/app_freertos.c:461:6:HAL_TIM_IC_CaptureCallback	16	static
../Core/Src/app_freertos.c:481:6:HAL_TIM_PeriodElapsedCallback	16	static
../Core/Src/app_freertos.c:493:6:HAL_UART_RxCpltCallback	16	static
